Archive member included to satisfy reference by file (symbol)

d:/programs/atmel/studio/7.0/toolchain/avr8/avr8-gnu-toolchain/bin/../lib/gcc/avr/5.4.0/avr5\libgcc.a(_divmodhi4.o)
                              COTS/HAL/DCMotor_DRIVER/DCMotor_Program.o (__divmodhi4)
d:/programs/atmel/studio/7.0/toolchain/avr8/avr8-gnu-toolchain/bin/../lib/gcc/avr/5.4.0/avr5\libgcc.a(_exit.o)
                              D:/Programs/Atmel/Studio/7.0/Packs/atmel/ATmega_DFP/1.7.374/gcc/dev/atmega32/avr5/crtatmega32.o (exit)
d:/programs/atmel/studio/7.0/toolchain/avr8/avr8-gnu-toolchain/bin/../lib/gcc/avr/5.4.0/avr5\libgcc.a(_clear_bss.o)
                              COTS/APP/Slave_main.o (__do_clear_bss)
d:/programs/atmel/studio/7.0/toolchain/avr8/avr8-gnu-toolchain/bin/../lib/gcc/avr/5.4.0/avr5\libgcc.a(_udivmodhi4.o)
                              d:/programs/atmel/studio/7.0/toolchain/avr8/avr8-gnu-toolchain/bin/../lib/gcc/avr/5.4.0/avr5\libgcc.a(_divmodhi4.o) (__udivmodhi4)

Discarded input sections

 .data          0x00000000        0x0 D:/Programs/Atmel/Studio/7.0/Packs/atmel/ATmega_DFP/1.7.374/gcc/dev/atmega32/avr5/crtatmega32.o
 .bss           0x00000000        0x0 D:/Programs/Atmel/Studio/7.0/Packs/atmel/ATmega_DFP/1.7.374/gcc/dev/atmega32/avr5/crtatmega32.o
 .group         0x00000000        0x8 COTS/APP/Slave_main.o
 .group         0x00000000        0x8 COTS/APP/Slave_main.o
 .group         0x00000000        0x8 COTS/APP/Slave_main.o
 .group         0x00000000        0x8 COTS/APP/Slave_main.o
 .group         0x00000000        0x8 COTS/APP/Slave_main.o
 .group         0x00000000        0x8 COTS/APP/Slave_main.o
 .group         0x00000000        0x8 COTS/APP/Slave_main.o
 .group         0x00000000        0x8 COTS/APP/Slave_main.o
 .group         0x00000000        0x8 COTS/APP/Slave_main.o
 .group         0x00000000        0x8 COTS/APP/Slave_main.o
 .group         0x00000000        0x8 COTS/APP/Slave_main.o
 .group         0x00000000        0x8 COTS/APP/Slave_main.o
 .text          0x00000000        0x0 COTS/APP/Slave_main.o
 .data          0x00000000        0x0 COTS/APP/Slave_main.o
 .bss           0x00000000        0x0 COTS/APP/Slave_main.o
 .group         0x00000000        0x8 COTS/HAL/BUZZER_DRIVER/Buzzer_Program.o
 .group         0x00000000        0x8 COTS/HAL/BUZZER_DRIVER/Buzzer_Program.o
 .group         0x00000000        0x8 COTS/HAL/BUZZER_DRIVER/Buzzer_Program.o
 .group         0x00000000        0x8 COTS/HAL/BUZZER_DRIVER/Buzzer_Program.o
 .group         0x00000000        0x8 COTS/HAL/BUZZER_DRIVER/Buzzer_Program.o
 .group         0x00000000        0x8 COTS/HAL/BUZZER_DRIVER/Buzzer_Program.o
 .group         0x00000000        0x8 COTS/HAL/BUZZER_DRIVER/Buzzer_Program.o
 .group         0x00000000        0x8 COTS/HAL/BUZZER_DRIVER/Buzzer_Program.o
 .group         0x00000000        0x8 COTS/HAL/BUZZER_DRIVER/Buzzer_Program.o
 .group         0x00000000        0x8 COTS/HAL/BUZZER_DRIVER/Buzzer_Program.o
 .text          0x00000000        0x0 COTS/HAL/BUZZER_DRIVER/Buzzer_Program.o
 .data          0x00000000        0x0 COTS/HAL/BUZZER_DRIVER/Buzzer_Program.o
 .bss           0x00000000        0x0 COTS/HAL/BUZZER_DRIVER/Buzzer_Program.o
 .debug_macro   0x00000000      0xa4e COTS/HAL/BUZZER_DRIVER/Buzzer_Program.o
 .debug_macro   0x00000000      0x1c9 COTS/HAL/BUZZER_DRIVER/Buzzer_Program.o
 .debug_macro   0x00000000      0x2fc COTS/HAL/BUZZER_DRIVER/Buzzer_Program.o
 .debug_macro   0x00000000       0x58 COTS/HAL/BUZZER_DRIVER/Buzzer_Program.o
 .debug_macro   0x00000000       0x10 COTS/HAL/BUZZER_DRIVER/Buzzer_Program.o
 .debug_macro   0x00000000       0x97 COTS/HAL/BUZZER_DRIVER/Buzzer_Program.o
 .debug_macro   0x00000000       0xf2 COTS/HAL/BUZZER_DRIVER/Buzzer_Program.o
 .debug_macro   0x00000000       0x22 COTS/HAL/BUZZER_DRIVER/Buzzer_Program.o
 .debug_macro   0x00000000       0x40 COTS/HAL/BUZZER_DRIVER/Buzzer_Program.o
 .debug_macro   0x00000000       0x16 COTS/HAL/BUZZER_DRIVER/Buzzer_Program.o
 .group         0x00000000        0x8 COTS/HAL/DCMotor_DRIVER/DCMotor_Program.o
 .group         0x00000000        0x8 COTS/HAL/DCMotor_DRIVER/DCMotor_Program.o
 .group         0x00000000        0x8 COTS/HAL/DCMotor_DRIVER/DCMotor_Program.o
 .group         0x00000000        0x8 COTS/HAL/DCMotor_DRIVER/DCMotor_Program.o
 .group         0x00000000        0x8 COTS/HAL/DCMotor_DRIVER/DCMotor_Program.o
 .group         0x00000000        0x8 COTS/HAL/DCMotor_DRIVER/DCMotor_Program.o
 .group         0x00000000        0x8 COTS/HAL/DCMotor_DRIVER/DCMotor_Program.o
 .group         0x00000000        0x8 COTS/HAL/DCMotor_DRIVER/DCMotor_Program.o
 .group         0x00000000        0x8 COTS/HAL/DCMotor_DRIVER/DCMotor_Program.o
 .group         0x00000000        0x8 COTS/HAL/DCMotor_DRIVER/DCMotor_Program.o
 .text          0x00000000        0x0 COTS/HAL/DCMotor_DRIVER/DCMotor_Program.o
 .data          0x00000000        0x0 COTS/HAL/DCMotor_DRIVER/DCMotor_Program.o
 .bss           0x00000000        0x0 COTS/HAL/DCMotor_DRIVER/DCMotor_Program.o
 .debug_macro   0x00000000      0xa4e COTS/HAL/DCMotor_DRIVER/DCMotor_Program.o
 .debug_macro   0x00000000      0x1c9 COTS/HAL/DCMotor_DRIVER/DCMotor_Program.o
 .debug_macro   0x00000000      0x2fc COTS/HAL/DCMotor_DRIVER/DCMotor_Program.o
 .debug_macro   0x00000000       0x58 COTS/HAL/DCMotor_DRIVER/DCMotor_Program.o
 .debug_macro   0x00000000       0x10 COTS/HAL/DCMotor_DRIVER/DCMotor_Program.o
 .debug_macro   0x00000000       0x97 COTS/HAL/DCMotor_DRIVER/DCMotor_Program.o
 .debug_macro   0x00000000       0xf2 COTS/HAL/DCMotor_DRIVER/DCMotor_Program.o
 .debug_macro   0x00000000       0x22 COTS/HAL/DCMotor_DRIVER/DCMotor_Program.o
 .debug_macro   0x00000000       0x40 COTS/HAL/DCMotor_DRIVER/DCMotor_Program.o
 .group         0x00000000        0x8 COTS/HAL/LCD_DRIVER/LCD_Program.o
 .group         0x00000000        0x8 COTS/HAL/LCD_DRIVER/LCD_Program.o
 .group         0x00000000        0x8 COTS/HAL/LCD_DRIVER/LCD_Program.o
 .group         0x00000000        0x8 COTS/HAL/LCD_DRIVER/LCD_Program.o
 .group         0x00000000        0x8 COTS/HAL/LCD_DRIVER/LCD_Program.o
 .group         0x00000000        0x8 COTS/HAL/LCD_DRIVER/LCD_Program.o
 .group         0x00000000        0x8 COTS/HAL/LCD_DRIVER/LCD_Program.o
 .group         0x00000000        0x8 COTS/HAL/LCD_DRIVER/LCD_Program.o
 .group         0x00000000        0x8 COTS/HAL/LCD_DRIVER/LCD_Program.o
 .group         0x00000000        0x8 COTS/HAL/LCD_DRIVER/LCD_Program.o
 .group         0x00000000        0x8 COTS/HAL/LCD_DRIVER/LCD_Program.o
 .group         0x00000000        0x8 COTS/HAL/LCD_DRIVER/LCD_Program.o
 .group         0x00000000        0x8 COTS/HAL/LCD_DRIVER/LCD_Program.o
 .text          0x00000000        0x0 COTS/HAL/LCD_DRIVER/LCD_Program.o
 .data          0x00000000        0x0 COTS/HAL/LCD_DRIVER/LCD_Program.o
 .bss           0x00000000        0x0 COTS/HAL/LCD_DRIVER/LCD_Program.o
 .text.HLCD_vSendCommand
                0x00000000       0x50 COTS/HAL/LCD_DRIVER/LCD_Program.o
 .text.HLCD_vInit
                0x00000000       0x7c COTS/HAL/LCD_DRIVER/LCD_Program.o
 .text.HLCD_vSendData
                0x00000000       0x50 COTS/HAL/LCD_DRIVER/LCD_Program.o
 .text.HLCD_vSendString
                0x00000000       0x26 COTS/HAL/LCD_DRIVER/LCD_Program.o
 .text.HLCD_vMoveTo
                0x00000000       0x1e COTS/HAL/LCD_DRIVER/LCD_Program.o
 .text.HLCD_vDisplayClear
                0x00000000       0x14 COTS/HAL/LCD_DRIVER/LCD_Program.o
 .debug_info    0x00000000      0x667 COTS/HAL/LCD_DRIVER/LCD_Program.o
 .debug_abbrev  0x00000000      0x14d COTS/HAL/LCD_DRIVER/LCD_Program.o
 .debug_loc     0x00000000      0x45d COTS/HAL/LCD_DRIVER/LCD_Program.o
 .debug_aranges
                0x00000000       0x48 COTS/HAL/LCD_DRIVER/LCD_Program.o
 .debug_ranges  0x00000000       0x38 COTS/HAL/LCD_DRIVER/LCD_Program.o
 .debug_macro   0x00000000       0xa9 COTS/HAL/LCD_DRIVER/LCD_Program.o
 .debug_macro   0x00000000      0xa4e COTS/HAL/LCD_DRIVER/LCD_Program.o
 .debug_macro   0x00000000      0x1c9 COTS/HAL/LCD_DRIVER/LCD_Program.o
 .debug_macro   0x00000000      0x2fc COTS/HAL/LCD_DRIVER/LCD_Program.o
 .debug_macro   0x00000000       0x58 COTS/HAL/LCD_DRIVER/LCD_Program.o
 .debug_macro   0x00000000       0x10 COTS/HAL/LCD_DRIVER/LCD_Program.o
 .debug_macro   0x00000000       0x97 COTS/HAL/LCD_DRIVER/LCD_Program.o
 .debug_macro   0x00000000       0xf2 COTS/HAL/LCD_DRIVER/LCD_Program.o
 .debug_macro   0x00000000       0x22 COTS/HAL/LCD_DRIVER/LCD_Program.o
 .debug_macro   0x00000000       0x10 COTS/HAL/LCD_DRIVER/LCD_Program.o
 .debug_macro   0x00000000      0x166 COTS/HAL/LCD_DRIVER/LCD_Program.o
 .debug_macro   0x00000000       0x40 COTS/HAL/LCD_DRIVER/LCD_Program.o
 .debug_macro   0x00000000       0x28 COTS/HAL/LCD_DRIVER/LCD_Program.o
 .debug_macro   0x00000000       0x22 COTS/HAL/LCD_DRIVER/LCD_Program.o
 .debug_line    0x00000000      0x3dd COTS/HAL/LCD_DRIVER/LCD_Program.o
 .debug_str     0x00000000     0x45ec COTS/HAL/LCD_DRIVER/LCD_Program.o
 .comment       0x00000000       0x31 COTS/HAL/LCD_DRIVER/LCD_Program.o
 .debug_frame   0x00000000       0x94 COTS/HAL/LCD_DRIVER/LCD_Program.o
 .group         0x00000000        0x8 COTS/MCAL/DIO_DRIVER/DIO_Program.o
 .group         0x00000000        0x8 COTS/MCAL/DIO_DRIVER/DIO_Program.o
 .group         0x00000000        0x8 COTS/MCAL/DIO_DRIVER/DIO_Program.o
 .group         0x00000000        0x8 COTS/MCAL/DIO_DRIVER/DIO_Program.o
 .group         0x00000000        0x8 COTS/MCAL/DIO_DRIVER/DIO_Program.o
 .group         0x00000000        0x8 COTS/MCAL/DIO_DRIVER/DIO_Program.o
 .group         0x00000000        0x8 COTS/MCAL/DIO_DRIVER/DIO_Program.o
 .group         0x00000000        0x8 COTS/MCAL/DIO_DRIVER/DIO_Program.o
 .group         0x00000000        0x8 COTS/MCAL/DIO_DRIVER/DIO_Program.o
 .group         0x00000000        0x8 COTS/MCAL/DIO_DRIVER/DIO_Program.o
 .text          0x00000000        0x0 COTS/MCAL/DIO_DRIVER/DIO_Program.o
 .data          0x00000000        0x0 COTS/MCAL/DIO_DRIVER/DIO_Program.o
 .bss           0x00000000        0x0 COTS/MCAL/DIO_DRIVER/DIO_Program.o
 .text.MDIO_vSetPortDirection
                0x00000000       0x20 COTS/MCAL/DIO_DRIVER/DIO_Program.o
 .text.MDIO_vSetPortValue
                0x00000000       0x20 COTS/MCAL/DIO_DRIVER/DIO_Program.o
 .text.MDIO_u8GetPinValue
                0x00000000       0x5c COTS/MCAL/DIO_DRIVER/DIO_Program.o
 .text.MDIO_u8GetPortValue
                0x00000000       0x24 COTS/MCAL/DIO_DRIVER/DIO_Program.o
 .text.MDIO_vTogglePinValue
                0x00000000       0x68 COTS/MCAL/DIO_DRIVER/DIO_Program.o
 .debug_macro   0x00000000      0xa4e COTS/MCAL/DIO_DRIVER/DIO_Program.o
 .debug_macro   0x00000000      0x1c9 COTS/MCAL/DIO_DRIVER/DIO_Program.o
 .debug_macro   0x00000000      0x2fc COTS/MCAL/DIO_DRIVER/DIO_Program.o
 .debug_macro   0x00000000       0x58 COTS/MCAL/DIO_DRIVER/DIO_Program.o
 .debug_macro   0x00000000       0x10 COTS/MCAL/DIO_DRIVER/DIO_Program.o
 .debug_macro   0x00000000       0x97 COTS/MCAL/DIO_DRIVER/DIO_Program.o
 .debug_macro   0x00000000       0xf2 COTS/MCAL/DIO_DRIVER/DIO_Program.o
 .debug_macro   0x00000000       0x22 COTS/MCAL/DIO_DRIVER/DIO_Program.o
 .debug_macro   0x00000000       0x40 COTS/MCAL/DIO_DRIVER/DIO_Program.o
 .group         0x00000000        0x8 COTS/MCAL/EEPROM_DRIVER/EEPROM_Program.o
 .group         0x00000000        0x8 COTS/MCAL/EEPROM_DRIVER/EEPROM_Program.o
 .group         0x00000000        0x8 COTS/MCAL/EEPROM_DRIVER/EEPROM_Program.o
 .group         0x00000000        0x8 COTS/MCAL/EEPROM_DRIVER/EEPROM_Program.o
 .group         0x00000000        0x8 COTS/MCAL/EEPROM_DRIVER/EEPROM_Program.o
 .group         0x00000000        0x8 COTS/MCAL/EEPROM_DRIVER/EEPROM_Program.o
 .group         0x00000000        0x8 COTS/MCAL/EEPROM_DRIVER/EEPROM_Program.o
 .group         0x00000000        0x8 COTS/MCAL/EEPROM_DRIVER/EEPROM_Program.o
 .group         0x00000000        0x8 COTS/MCAL/EEPROM_DRIVER/EEPROM_Program.o
 .text          0x00000000        0x0 COTS/MCAL/EEPROM_DRIVER/EEPROM_Program.o
 .data          0x00000000        0x0 COTS/MCAL/EEPROM_DRIVER/EEPROM_Program.o
 .bss           0x00000000        0x0 COTS/MCAL/EEPROM_DRIVER/EEPROM_Program.o
 .text.MEEPROM_vWriteString
                0x00000000       0x38 COTS/MCAL/EEPROM_DRIVER/EEPROM_Program.o
 .text.MEEPROM_vInterruptEnable
                0x00000000        0x8 COTS/MCAL/EEPROM_DRIVER/EEPROM_Program.o
 .text.MEEPROM_vInterruptDisable
                0x00000000        0x8 COTS/MCAL/EEPROM_DRIVER/EEPROM_Program.o
 .text.MEEPROM_vSetCallBack
                0x00000000        0xe COTS/MCAL/EEPROM_DRIVER/EEPROM_Program.o
 .debug_macro   0x00000000      0xa4e COTS/MCAL/EEPROM_DRIVER/EEPROM_Program.o
 .debug_macro   0x00000000      0x1c9 COTS/MCAL/EEPROM_DRIVER/EEPROM_Program.o
 .debug_macro   0x00000000      0x2fc COTS/MCAL/EEPROM_DRIVER/EEPROM_Program.o
 .debug_macro   0x00000000       0x58 COTS/MCAL/EEPROM_DRIVER/EEPROM_Program.o
 .debug_macro   0x00000000       0x10 COTS/MCAL/EEPROM_DRIVER/EEPROM_Program.o
 .debug_macro   0x00000000       0x97 COTS/MCAL/EEPROM_DRIVER/EEPROM_Program.o
 .debug_macro   0x00000000       0xf2 COTS/MCAL/EEPROM_DRIVER/EEPROM_Program.o
 .debug_macro   0x00000000       0x22 COTS/MCAL/EEPROM_DRIVER/EEPROM_Program.o
 .group         0x00000000        0x8 COTS/MCAL/GIE_DRIVER/GIE_Program.o
 .group         0x00000000        0x8 COTS/MCAL/GIE_DRIVER/GIE_Program.o
 .group         0x00000000        0x8 COTS/MCAL/GIE_DRIVER/GIE_Program.o
 .group         0x00000000        0x8 COTS/MCAL/GIE_DRIVER/GIE_Program.o
 .group         0x00000000        0x8 COTS/MCAL/GIE_DRIVER/GIE_Program.o
 .group         0x00000000        0x8 COTS/MCAL/GIE_DRIVER/GIE_Program.o
 .group         0x00000000        0x8 COTS/MCAL/GIE_DRIVER/GIE_Program.o
 .group         0x00000000        0x8 COTS/MCAL/GIE_DRIVER/GIE_Program.o
 .group         0x00000000        0x8 COTS/MCAL/GIE_DRIVER/GIE_Program.o
 .text          0x00000000        0x0 COTS/MCAL/GIE_DRIVER/GIE_Program.o
 .data          0x00000000        0x0 COTS/MCAL/GIE_DRIVER/GIE_Program.o
 .bss           0x00000000        0x0 COTS/MCAL/GIE_DRIVER/GIE_Program.o
 .text.MGIE_vDisableInterrupts
                0x00000000        0x8 COTS/MCAL/GIE_DRIVER/GIE_Program.o
 .debug_macro   0x00000000      0xa4e COTS/MCAL/GIE_DRIVER/GIE_Program.o
 .debug_macro   0x00000000      0x1c9 COTS/MCAL/GIE_DRIVER/GIE_Program.o
 .debug_macro   0x00000000      0x2fc COTS/MCAL/GIE_DRIVER/GIE_Program.o
 .debug_macro   0x00000000       0x58 COTS/MCAL/GIE_DRIVER/GIE_Program.o
 .debug_macro   0x00000000       0x10 COTS/MCAL/GIE_DRIVER/GIE_Program.o
 .debug_macro   0x00000000       0x97 COTS/MCAL/GIE_DRIVER/GIE_Program.o
 .debug_macro   0x00000000       0xf2 COTS/MCAL/GIE_DRIVER/GIE_Program.o
 .debug_macro   0x00000000       0x22 COTS/MCAL/GIE_DRIVER/GIE_Program.o
 .group         0x00000000        0x8 COTS/MCAL/TIMER0_DRIVER/TIMER0_Program.o
 .group         0x00000000        0x8 COTS/MCAL/TIMER0_DRIVER/TIMER0_Program.o
 .group         0x00000000        0x8 COTS/MCAL/TIMER0_DRIVER/TIMER0_Program.o
 .group         0x00000000        0x8 COTS/MCAL/TIMER0_DRIVER/TIMER0_Program.o
 .group         0x00000000        0x8 COTS/MCAL/TIMER0_DRIVER/TIMER0_Program.o
 .group         0x00000000        0x8 COTS/MCAL/TIMER0_DRIVER/TIMER0_Program.o
 .group         0x00000000        0x8 COTS/MCAL/TIMER0_DRIVER/TIMER0_Program.o
 .group         0x00000000        0x8 COTS/MCAL/TIMER0_DRIVER/TIMER0_Program.o
 .group         0x00000000        0x8 COTS/MCAL/TIMER0_DRIVER/TIMER0_Program.o
 .group         0x00000000        0x8 COTS/MCAL/TIMER0_DRIVER/TIMER0_Program.o
 .text          0x00000000        0x0 COTS/MCAL/TIMER0_DRIVER/TIMER0_Program.o
 .data          0x00000000        0x0 COTS/MCAL/TIMER0_DRIVER/TIMER0_Program.o
 .bss           0x00000000        0x0 COTS/MCAL/TIMER0_DRIVER/TIMER0_Program.o
 .text.MTIMER0_vSetOVFRegister
                0x00000000        0x4 COTS/MCAL/TIMER0_DRIVER/TIMER0_Program.o
 .text.MTIMER0_vClearOVFRegister
                0x00000000        0x4 COTS/MCAL/TIMER0_DRIVER/TIMER0_Program.o
 .text.MTIMER0_vEnableOVFINT
                0x00000000        0x8 COTS/MCAL/TIMER0_DRIVER/TIMER0_Program.o
 .text.MTIMER0_vDisableOVFINT
                0x00000000        0x8 COTS/MCAL/TIMER0_DRIVER/TIMER0_Program.o
 .text.MTIMER0_vEnableCTCINT
                0x00000000        0x8 COTS/MCAL/TIMER0_DRIVER/TIMER0_Program.o
 .text.MTIMER0_vDisableCTCINT
                0x00000000        0x8 COTS/MCAL/TIMER0_DRIVER/TIMER0_Program.o
 .text.MTIMER0_vForceOutputCompare
                0x00000000        0x8 COTS/MCAL/TIMER0_DRIVER/TIMER0_Program.o
 .text.MTIMER0_vSetCTCCallBack
                0x00000000        0xe COTS/MCAL/TIMER0_DRIVER/TIMER0_Program.o
 .text.MTIMER0_vSetOVFCallBack
                0x00000000        0xe COTS/MCAL/TIMER0_DRIVER/TIMER0_Program.o
 .debug_macro   0x00000000      0xa4e COTS/MCAL/TIMER0_DRIVER/TIMER0_Program.o
 .debug_macro   0x00000000      0x1c9 COTS/MCAL/TIMER0_DRIVER/TIMER0_Program.o
 .debug_macro   0x00000000      0x2fc COTS/MCAL/TIMER0_DRIVER/TIMER0_Program.o
 .debug_macro   0x00000000       0x58 COTS/MCAL/TIMER0_DRIVER/TIMER0_Program.o
 .debug_macro   0x00000000       0x10 COTS/MCAL/TIMER0_DRIVER/TIMER0_Program.o
 .debug_macro   0x00000000       0x97 COTS/MCAL/TIMER0_DRIVER/TIMER0_Program.o
 .debug_macro   0x00000000       0xf2 COTS/MCAL/TIMER0_DRIVER/TIMER0_Program.o
 .debug_macro   0x00000000       0x22 COTS/MCAL/TIMER0_DRIVER/TIMER0_Program.o
 .group         0x00000000        0x8 COTS/MCAL/TIMER1_DRIVER/TIMER1_Program.o
 .group         0x00000000        0x8 COTS/MCAL/TIMER1_DRIVER/TIMER1_Program.o
 .group         0x00000000        0x8 COTS/MCAL/TIMER1_DRIVER/TIMER1_Program.o
 .group         0x00000000        0x8 COTS/MCAL/TIMER1_DRIVER/TIMER1_Program.o
 .group         0x00000000        0x8 COTS/MCAL/TIMER1_DRIVER/TIMER1_Program.o
 .group         0x00000000        0x8 COTS/MCAL/TIMER1_DRIVER/TIMER1_Program.o
 .group         0x00000000        0x8 COTS/MCAL/TIMER1_DRIVER/TIMER1_Program.o
 .group         0x00000000        0x8 COTS/MCAL/TIMER1_DRIVER/TIMER1_Program.o
 .group         0x00000000        0x8 COTS/MCAL/TIMER1_DRIVER/TIMER1_Program.o
 .group         0x00000000        0x8 COTS/MCAL/TIMER1_DRIVER/TIMER1_Program.o
 .text          0x00000000        0x0 COTS/MCAL/TIMER1_DRIVER/TIMER1_Program.o
 .data          0x00000000        0x0 COTS/MCAL/TIMER1_DRIVER/TIMER1_Program.o
 .bss           0x00000000        0x0 COTS/MCAL/TIMER1_DRIVER/TIMER1_Program.o
 .text.MTIMER1_vSetOVFRegister
                0x00000000        0x6 COTS/MCAL/TIMER1_DRIVER/TIMER1_Program.o
 .text.MTIMER1_vChannelBSetCTCRegister
                0x00000000        0x6 COTS/MCAL/TIMER1_DRIVER/TIMER1_Program.o
 .text.MTIMER1_vSetICR1Value
                0x00000000        0x6 COTS/MCAL/TIMER1_DRIVER/TIMER1_Program.o
 .text.MTIMER1_u16InputCaptureValue
                0x00000000        0x6 COTS/MCAL/TIMER1_DRIVER/TIMER1_Program.o
 .text.MTIMER1_vSetInputCaptureEdge
                0x00000000       0x18 COTS/MCAL/TIMER1_DRIVER/TIMER1_Program.o
 .text.MTIMER1_vEnableOVFINT
                0x00000000        0x8 COTS/MCAL/TIMER1_DRIVER/TIMER1_Program.o
 .text.MTIMER1_vDisableOVFINT
                0x00000000        0x8 COTS/MCAL/TIMER1_DRIVER/TIMER1_Program.o
 .text.MTIMER1_vChannelADisableCTCINT
                0x00000000        0x8 COTS/MCAL/TIMER1_DRIVER/TIMER1_Program.o
 .text.MTIMER1_vChannelBEnableCTCINT
                0x00000000        0x8 COTS/MCAL/TIMER1_DRIVER/TIMER1_Program.o
 .text.MTIMER1_vChannelBDisableCTCINT
                0x00000000        0x8 COTS/MCAL/TIMER1_DRIVER/TIMER1_Program.o
 .text.MTIMER1_vEnableInputCaptureINT
                0x00000000        0x8 COTS/MCAL/TIMER1_DRIVER/TIMER1_Program.o
 .text.MTIMER1_vDisableInputCaptureINT
                0x00000000        0x8 COTS/MCAL/TIMER1_DRIVER/TIMER1_Program.o
 .text.MTIMER1_vChannelAForceOutputCompare
                0x00000000        0x8 COTS/MCAL/TIMER1_DRIVER/TIMER1_Program.o
 .text.MTIMER1_vChannelBForceOutputCompare
                0x00000000        0x8 COTS/MCAL/TIMER1_DRIVER/TIMER1_Program.o
 .text.MTIMER1_vSetOVFCallBack
                0x00000000        0xe COTS/MCAL/TIMER1_DRIVER/TIMER1_Program.o
 .text.MTIMER1_vChannelBSetCTCCallBack
                0x00000000        0xe COTS/MCAL/TIMER1_DRIVER/TIMER1_Program.o
 .text.MTIMER1_vSetInputCaptureCallBack
                0x00000000        0xe COTS/MCAL/TIMER1_DRIVER/TIMER1_Program.o
 .debug_macro   0x00000000      0xa4e COTS/MCAL/TIMER1_DRIVER/TIMER1_Program.o
 .debug_macro   0x00000000      0x1c9 COTS/MCAL/TIMER1_DRIVER/TIMER1_Program.o
 .debug_macro   0x00000000      0x2fc COTS/MCAL/TIMER1_DRIVER/TIMER1_Program.o
 .debug_macro   0x00000000       0x58 COTS/MCAL/TIMER1_DRIVER/TIMER1_Program.o
 .debug_macro   0x00000000       0x10 COTS/MCAL/TIMER1_DRIVER/TIMER1_Program.o
 .debug_macro   0x00000000       0x97 COTS/MCAL/TIMER1_DRIVER/TIMER1_Program.o
 .debug_macro   0x00000000       0xf2 COTS/MCAL/TIMER1_DRIVER/TIMER1_Program.o
 .debug_macro   0x00000000       0x22 COTS/MCAL/TIMER1_DRIVER/TIMER1_Program.o
 .group         0x00000000        0x8 COTS/MCAL/USART_DRIVER/USART_Program.o
 .group         0x00000000        0x8 COTS/MCAL/USART_DRIVER/USART_Program.o
 .group         0x00000000        0x8 COTS/MCAL/USART_DRIVER/USART_Program.o
 .group         0x00000000        0x8 COTS/MCAL/USART_DRIVER/USART_Program.o
 .group         0x00000000        0x8 COTS/MCAL/USART_DRIVER/USART_Program.o
 .group         0x00000000        0x8 COTS/MCAL/USART_DRIVER/USART_Program.o
 .group         0x00000000        0x8 COTS/MCAL/USART_DRIVER/USART_Program.o
 .group         0x00000000        0x8 COTS/MCAL/USART_DRIVER/USART_Program.o
 .group         0x00000000        0x8 COTS/MCAL/USART_DRIVER/USART_Program.o
 .group         0x00000000        0x8 COTS/MCAL/USART_DRIVER/USART_Program.o
 .text          0x00000000        0x0 COTS/MCAL/USART_DRIVER/USART_Program.o
 .data          0x00000000        0x0 COTS/MCAL/USART_DRIVER/USART_Program.o
 .bss           0x00000000        0x0 COTS/MCAL/USART_DRIVER/USART_Program.o
 .text.MUSART_vTransmitString
                0x00000000       0x2c COTS/MCAL/USART_DRIVER/USART_Program.o
 .text.MUSART_RXC_INTEnable
                0x00000000        0x8 COTS/MCAL/USART_DRIVER/USART_Program.o
 .text.MUSART_RXC_INTDisable
                0x00000000        0x8 COTS/MCAL/USART_DRIVER/USART_Program.o
 .text.MUSART_TXC_INTEnable
                0x00000000        0x8 COTS/MCAL/USART_DRIVER/USART_Program.o
 .text.MUSART_TXC_INTDisable
                0x00000000        0x8 COTS/MCAL/USART_DRIVER/USART_Program.o
 .text.MUSART_UDRE_INTEnable
                0x00000000        0x8 COTS/MCAL/USART_DRIVER/USART_Program.o
 .text.MUSART_UDRE_INTDisable
                0x00000000        0x8 COTS/MCAL/USART_DRIVER/USART_Program.o
 .text.MUSART_vSetRXCCallBack
                0x00000000        0xe COTS/MCAL/USART_DRIVER/USART_Program.o
 .text.MUSART_vSetTXCCallBack
                0x00000000        0xe COTS/MCAL/USART_DRIVER/USART_Program.o
 .text.MUSART_vSetUDRECallBack
                0x00000000        0xe COTS/MCAL/USART_DRIVER/USART_Program.o
 .debug_macro   0x00000000      0xa4e COTS/MCAL/USART_DRIVER/USART_Program.o
 .debug_macro   0x00000000      0x1c9 COTS/MCAL/USART_DRIVER/USART_Program.o
 .debug_macro   0x00000000      0x2fc COTS/MCAL/USART_DRIVER/USART_Program.o
 .debug_macro   0x00000000       0x58 COTS/MCAL/USART_DRIVER/USART_Program.o
 .debug_macro   0x00000000       0x10 COTS/MCAL/USART_DRIVER/USART_Program.o
 .debug_macro   0x00000000       0x97 COTS/MCAL/USART_DRIVER/USART_Program.o
 .debug_macro   0x00000000       0xf2 COTS/MCAL/USART_DRIVER/USART_Program.o
 .debug_macro   0x00000000       0x22 COTS/MCAL/USART_DRIVER/USART_Program.o
 .text          0x00000000        0x0 d:/programs/atmel/studio/7.0/toolchain/avr8/avr8-gnu-toolchain/bin/../lib/gcc/avr/5.4.0/avr5\libgcc.a(_divmodhi4.o)
 .data          0x00000000        0x0 d:/programs/atmel/studio/7.0/toolchain/avr8/avr8-gnu-toolchain/bin/../lib/gcc/avr/5.4.0/avr5\libgcc.a(_divmodhi4.o)
 .bss           0x00000000        0x0 d:/programs/atmel/studio/7.0/toolchain/avr8/avr8-gnu-toolchain/bin/../lib/gcc/avr/5.4.0/avr5\libgcc.a(_divmodhi4.o)
 .text.libgcc.mul
                0x00000000        0x0 d:/programs/atmel/studio/7.0/toolchain/avr8/avr8-gnu-toolchain/bin/../lib/gcc/avr/5.4.0/avr5\libgcc.a(_divmodhi4.o)
 .text.libgcc   0x00000000        0x0 d:/programs/atmel/studio/7.0/toolchain/avr8/avr8-gnu-toolchain/bin/../lib/gcc/avr/5.4.0/avr5\libgcc.a(_divmodhi4.o)
 .text.libgcc.prologue
                0x00000000        0x0 d:/programs/atmel/studio/7.0/toolchain/avr8/avr8-gnu-toolchain/bin/../lib/gcc/avr/5.4.0/avr5\libgcc.a(_divmodhi4.o)
 .text.libgcc.builtins
                0x00000000        0x0 d:/programs/atmel/studio/7.0/toolchain/avr8/avr8-gnu-toolchain/bin/../lib/gcc/avr/5.4.0/avr5\libgcc.a(_divmodhi4.o)
 .text.libgcc.fmul
                0x00000000        0x0 d:/programs/atmel/studio/7.0/toolchain/avr8/avr8-gnu-toolchain/bin/../lib/gcc/avr/5.4.0/avr5\libgcc.a(_divmodhi4.o)
 .text.libgcc.fixed
                0x00000000        0x0 d:/programs/atmel/studio/7.0/toolchain/avr8/avr8-gnu-toolchain/bin/../lib/gcc/avr/5.4.0/avr5\libgcc.a(_divmodhi4.o)
 .text          0x00000000        0x0 d:/programs/atmel/studio/7.0/toolchain/avr8/avr8-gnu-toolchain/bin/../lib/gcc/avr/5.4.0/avr5\libgcc.a(_exit.o)
 .data          0x00000000        0x0 d:/programs/atmel/studio/7.0/toolchain/avr8/avr8-gnu-toolchain/bin/../lib/gcc/avr/5.4.0/avr5\libgcc.a(_exit.o)
 .bss           0x00000000        0x0 d:/programs/atmel/studio/7.0/toolchain/avr8/avr8-gnu-toolchain/bin/../lib/gcc/avr/5.4.0/avr5\libgcc.a(_exit.o)
 .text.libgcc.mul
                0x00000000        0x0 d:/programs/atmel/studio/7.0/toolchain/avr8/avr8-gnu-toolchain/bin/../lib/gcc/avr/5.4.0/avr5\libgcc.a(_exit.o)
 .text.libgcc.div
                0x00000000        0x0 d:/programs/atmel/studio/7.0/toolchain/avr8/avr8-gnu-toolchain/bin/../lib/gcc/avr/5.4.0/avr5\libgcc.a(_exit.o)
 .text.libgcc   0x00000000        0x0 d:/programs/atmel/studio/7.0/toolchain/avr8/avr8-gnu-toolchain/bin/../lib/gcc/avr/5.4.0/avr5\libgcc.a(_exit.o)
 .text.libgcc.prologue
                0x00000000        0x0 d:/programs/atmel/studio/7.0/toolchain/avr8/avr8-gnu-toolchain/bin/../lib/gcc/avr/5.4.0/avr5\libgcc.a(_exit.o)
 .text.libgcc.builtins
                0x00000000        0x0 d:/programs/atmel/studio/7.0/toolchain/avr8/avr8-gnu-toolchain/bin/../lib/gcc/avr/5.4.0/avr5\libgcc.a(_exit.o)
 .text.libgcc.fmul
                0x00000000        0x0 d:/programs/atmel/studio/7.0/toolchain/avr8/avr8-gnu-toolchain/bin/../lib/gcc/avr/5.4.0/avr5\libgcc.a(_exit.o)
 .text.libgcc.fixed
                0x00000000        0x0 d:/programs/atmel/studio/7.0/toolchain/avr8/avr8-gnu-toolchain/bin/../lib/gcc/avr/5.4.0/avr5\libgcc.a(_exit.o)
 .text          0x00000000        0x0 d:/programs/atmel/studio/7.0/toolchain/avr8/avr8-gnu-toolchain/bin/../lib/gcc/avr/5.4.0/avr5\libgcc.a(_clear_bss.o)
 .data          0x00000000        0x0 d:/programs/atmel/studio/7.0/toolchain/avr8/avr8-gnu-toolchain/bin/../lib/gcc/avr/5.4.0/avr5\libgcc.a(_clear_bss.o)
 .bss           0x00000000        0x0 d:/programs/atmel/studio/7.0/toolchain/avr8/avr8-gnu-toolchain/bin/../lib/gcc/avr/5.4.0/avr5\libgcc.a(_clear_bss.o)
 .text.libgcc.mul
                0x00000000        0x0 d:/programs/atmel/studio/7.0/toolchain/avr8/avr8-gnu-toolchain/bin/../lib/gcc/avr/5.4.0/avr5\libgcc.a(_clear_bss.o)
 .text.libgcc.div
                0x00000000        0x0 d:/programs/atmel/studio/7.0/toolchain/avr8/avr8-gnu-toolchain/bin/../lib/gcc/avr/5.4.0/avr5\libgcc.a(_clear_bss.o)
 .text.libgcc   0x00000000        0x0 d:/programs/atmel/studio/7.0/toolchain/avr8/avr8-gnu-toolchain/bin/../lib/gcc/avr/5.4.0/avr5\libgcc.a(_clear_bss.o)
 .text.libgcc.prologue
                0x00000000        0x0 d:/programs/atmel/studio/7.0/toolchain/avr8/avr8-gnu-toolchain/bin/../lib/gcc/avr/5.4.0/avr5\libgcc.a(_clear_bss.o)
 .text.libgcc.builtins
                0x00000000        0x0 d:/programs/atmel/studio/7.0/toolchain/avr8/avr8-gnu-toolchain/bin/../lib/gcc/avr/5.4.0/avr5\libgcc.a(_clear_bss.o)
 .text.libgcc.fmul
                0x00000000        0x0 d:/programs/atmel/studio/7.0/toolchain/avr8/avr8-gnu-toolchain/bin/../lib/gcc/avr/5.4.0/avr5\libgcc.a(_clear_bss.o)
 .text.libgcc.fixed
                0x00000000        0x0 d:/programs/atmel/studio/7.0/toolchain/avr8/avr8-gnu-toolchain/bin/../lib/gcc/avr/5.4.0/avr5\libgcc.a(_clear_bss.o)
 .text          0x00000000        0x0 d:/programs/atmel/studio/7.0/toolchain/avr8/avr8-gnu-toolchain/bin/../lib/gcc/avr/5.4.0/avr5\libgcc.a(_udivmodhi4.o)
 .data          0x00000000        0x0 d:/programs/atmel/studio/7.0/toolchain/avr8/avr8-gnu-toolchain/bin/../lib/gcc/avr/5.4.0/avr5\libgcc.a(_udivmodhi4.o)
 .bss           0x00000000        0x0 d:/programs/atmel/studio/7.0/toolchain/avr8/avr8-gnu-toolchain/bin/../lib/gcc/avr/5.4.0/avr5\libgcc.a(_udivmodhi4.o)
 .text.libgcc.mul
                0x00000000        0x0 d:/programs/atmel/studio/7.0/toolchain/avr8/avr8-gnu-toolchain/bin/../lib/gcc/avr/5.4.0/avr5\libgcc.a(_udivmodhi4.o)
 .text.libgcc   0x00000000        0x0 d:/programs/atmel/studio/7.0/toolchain/avr8/avr8-gnu-toolchain/bin/../lib/gcc/avr/5.4.0/avr5\libgcc.a(_udivmodhi4.o)
 .text.libgcc.prologue
                0x00000000        0x0 d:/programs/atmel/studio/7.0/toolchain/avr8/avr8-gnu-toolchain/bin/../lib/gcc/avr/5.4.0/avr5\libgcc.a(_udivmodhi4.o)
 .text.libgcc.builtins
                0x00000000        0x0 d:/programs/atmel/studio/7.0/toolchain/avr8/avr8-gnu-toolchain/bin/../lib/gcc/avr/5.4.0/avr5\libgcc.a(_udivmodhi4.o)
 .text.libgcc.fmul
                0x00000000        0x0 d:/programs/atmel/studio/7.0/toolchain/avr8/avr8-gnu-toolchain/bin/../lib/gcc/avr/5.4.0/avr5\libgcc.a(_udivmodhi4.o)
 .text.libgcc.fixed
                0x00000000        0x0 d:/programs/atmel/studio/7.0/toolchain/avr8/avr8-gnu-toolchain/bin/../lib/gcc/avr/5.4.0/avr5\libgcc.a(_udivmodhi4.o)

Memory Configuration

Name             Origin             Length             Attributes
text             0x00000000         0x00008000         xr
data             0x00800060         0x00000800         rw !x
eeprom           0x00810000         0x00000400         rw !x
fuse             0x00820000         0x00000002         rw !x
lock             0x00830000         0x00000400         rw !x
signature        0x00840000         0x00000400         rw !x
user_signatures  0x00850000         0x00000400         rw !x
*default*        0x00000000         0xffffffff

Linker script and memory map

LOAD D:/Programs/Atmel/Studio/7.0/Packs/atmel/ATmega_DFP/1.7.374/gcc/dev/atmega32/avr5/crtatmega32.o
LOAD COTS/APP/Slave_main.o
LOAD COTS/HAL/BUZZER_DRIVER/Buzzer_Program.o
LOAD COTS/HAL/DCMotor_DRIVER/DCMotor_Program.o
LOAD COTS/HAL/LCD_DRIVER/LCD_Program.o
LOAD COTS/MCAL/DIO_DRIVER/DIO_Program.o
LOAD COTS/MCAL/EEPROM_DRIVER/EEPROM_Program.o
LOAD COTS/MCAL/GIE_DRIVER/GIE_Program.o
LOAD COTS/MCAL/TIMER0_DRIVER/TIMER0_Program.o
LOAD COTS/MCAL/TIMER1_DRIVER/TIMER1_Program.o
LOAD COTS/MCAL/USART_DRIVER/USART_Program.o
START GROUP
LOAD d:/programs/atmel/studio/7.0/toolchain/avr8/avr8-gnu-toolchain/bin/../lib/gcc/avr/5.4.0/../../../../avr/lib/avr5\libm.a
END GROUP
START GROUP
LOAD d:/programs/atmel/studio/7.0/toolchain/avr8/avr8-gnu-toolchain/bin/../lib/gcc/avr/5.4.0/avr5\libgcc.a
LOAD d:/programs/atmel/studio/7.0/toolchain/avr8/avr8-gnu-toolchain/bin/../lib/gcc/avr/5.4.0/../../../../avr/lib/avr5\libm.a
LOAD d:/programs/atmel/studio/7.0/toolchain/avr8/avr8-gnu-toolchain/bin/../lib/gcc/avr/5.4.0/../../../../avr/lib/avr5\libc.a
LOAD D:/Programs/Atmel/Studio/7.0/Packs/atmel/ATmega_DFP/1.7.374/gcc/dev/atmega32/avr5\libatmega32.a
END GROUP
                0x00000000                __TEXT_REGION_ORIGIN__ = DEFINED (__TEXT_REGION_ORIGIN__)?__TEXT_REGION_ORIGIN__:0x0
                [0x00800060]                __DATA_REGION_ORIGIN__ = DEFINED (__DATA_REGION_ORIGIN__)?__DATA_REGION_ORIGIN__:0x800060
                [0x00008000]                __TEXT_REGION_LENGTH__ = DEFINED (__TEXT_REGION_LENGTH__)?__TEXT_REGION_LENGTH__:0x20000
                [0x00000800]                __DATA_REGION_LENGTH__ = DEFINED (__DATA_REGION_LENGTH__)?__DATA_REGION_LENGTH__:0xffa0
                [0x00000400]                __EEPROM_REGION_LENGTH__ = DEFINED (__EEPROM_REGION_LENGTH__)?__EEPROM_REGION_LENGTH__:0x10000
                [0x00000002]                __FUSE_REGION_LENGTH__ = DEFINED (__FUSE_REGION_LENGTH__)?__FUSE_REGION_LENGTH__:0x400
                0x00000400                __LOCK_REGION_LENGTH__ = DEFINED (__LOCK_REGION_LENGTH__)?__LOCK_REGION_LENGTH__:0x400
                0x00000400                __SIGNATURE_REGION_LENGTH__ = DEFINED (__SIGNATURE_REGION_LENGTH__)?__SIGNATURE_REGION_LENGTH__:0x400
                0x00000400                __USER_SIGNATURE_REGION_LENGTH__ = DEFINED (__USER_SIGNATURE_REGION_LENGTH__)?__USER_SIGNATURE_REGION_LENGTH__:0x400

.hash
 *(.hash)

.dynsym
 *(.dynsym)

.dynstr
 *(.dynstr)

.gnu.version
 *(.gnu.version)

.gnu.version_d
 *(.gnu.version_d)

.gnu.version_r
 *(.gnu.version_r)

.rel.init
 *(.rel.init)

.rela.init
 *(.rela.init)

.rel.text
 *(.rel.text)
 *(.rel.text.*)
 *(.rel.gnu.linkonce.t*)

.rela.text
 *(.rela.text)
 *(.rela.text.*)
 *(.rela.gnu.linkonce.t*)

.rel.fini
 *(.rel.fini)

.rela.fini
 *(.rela.fini)

.rel.rodata
 *(.rel.rodata)
 *(.rel.rodata.*)
 *(.rel.gnu.linkonce.r*)

.rela.rodata
 *(.rela.rodata)
 *(.rela.rodata.*)
 *(.rela.gnu.linkonce.r*)

.rel.data
 *(.rel.data)
 *(.rel.data.*)
 *(.rel.gnu.linkonce.d*)

.rela.data
 *(.rela.data)
 *(.rela.data.*)
 *(.rela.gnu.linkonce.d*)

.rel.ctors
 *(.rel.ctors)

.rela.ctors
 *(.rela.ctors)

.rel.dtors
 *(.rel.dtors)

.rela.dtors
 *(.rela.dtors)

.rel.got
 *(.rel.got)

.rela.got
 *(.rela.got)

.rel.bss
 *(.rel.bss)

.rela.bss
 *(.rela.bss)

.rel.plt
 *(.rel.plt)

.rela.plt
 *(.rela.plt)

.text           0x00000000      0xb8c
 *(.vectors)
 .vectors       0x00000000       0x54 D:/Programs/Atmel/Studio/7.0/Packs/atmel/ATmega_DFP/1.7.374/gcc/dev/atmega32/avr5/crtatmega32.o
                0x00000000                __vector_default
                0x00000000                __vectors
 *(.vectors)
 *(.progmem.gcc*)
                0x00000054                . = ALIGN (0x2)
                0x00000054                __trampolines_start = .
 *(.trampolines)
 .trampolines   0x00000054        0x0 linker stubs
 *(.trampolines*)
                0x00000054                __trampolines_end = .
 *libprintf_flt.a:*(.progmem.data)
 *libc.a:*(.progmem.data)
 *(.progmem*)
                0x00000054                . = ALIGN (0x2)
 *(.jumptables)
 *(.jumptables*)
 *(.lowtext)
 *(.lowtext*)
                0x00000054                __ctors_start = .
 *(.ctors)
                0x00000054                __ctors_end = .
                0x00000054                __dtors_start = .
 *(.dtors)
                0x00000054                __dtors_end = .
 SORT(*)(.ctors)
 SORT(*)(.dtors)
 *(.init0)
 .init0         0x00000054        0x0 D:/Programs/Atmel/Studio/7.0/Packs/atmel/ATmega_DFP/1.7.374/gcc/dev/atmega32/avr5/crtatmega32.o
                0x00000054                __init
 *(.init0)
 *(.init1)
 *(.init1)
 *(.init2)
 .init2         0x00000054        0xc D:/Programs/Atmel/Studio/7.0/Packs/atmel/ATmega_DFP/1.7.374/gcc/dev/atmega32/avr5/crtatmega32.o
 *(.init2)
 *(.init3)
 *(.init3)
 *(.init4)
 .init4         0x00000060       0x10 d:/programs/atmel/studio/7.0/toolchain/avr8/avr8-gnu-toolchain/bin/../lib/gcc/avr/5.4.0/avr5\libgcc.a(_clear_bss.o)
                0x00000060                __do_clear_bss
 *(.init4)
 *(.init5)
 *(.init5)
 *(.init6)
 *(.init6)
 *(.init7)
 *(.init7)
 *(.init8)
 *(.init8)
 *(.init9)
 .init9         0x00000070        0x8 D:/Programs/Atmel/Studio/7.0/Packs/atmel/ATmega_DFP/1.7.374/gcc/dev/atmega32/avr5/crtatmega32.o
 *(.init9)
 *(.text)
 .text          0x00000078        0x4 D:/Programs/Atmel/Studio/7.0/Packs/atmel/ATmega_DFP/1.7.374/gcc/dev/atmega32/avr5/crtatmega32.o
                0x00000078                __vector_1
                0x00000078                __vector_12
                0x00000078                __bad_interrupt
                0x00000078                __vector_3
                0x00000078                __vector_19
                0x00000078                __vector_5
                0x00000078                __vector_4
                0x00000078                __vector_2
                0x00000078                __vector_16
                0x00000078                __vector_18
                0x00000078                __vector_20
                0x0000007c                . = ALIGN (0x2)
 *(.text.*)
 .text.TIMER1_CTC_INT_ISR
                0x0000007c       0x20 COTS/APP/Slave_main.o
                0x0000007c                TIMER1_CTC_INT_ISR
 .text.Function_vReceivePassword
                0x0000009c       0x14 COTS/APP/Slave_main.o
                0x0000009c                Function_vReceivePassword
 .text.Function_u8ComparePasswords
                0x000000b0       0x2c COTS/APP/Slave_main.o
                0x000000b0                Function_u8ComparePasswords
 .text.Function_vStorePasswordInEEPROM
                0x000000dc       0x4c COTS/APP/Slave_main.o
                0x000000dc                Function_vStorePasswordInEEPROM
 .text.Function_vReadPasswordFromEEPROM
                0x00000128       0x44 COTS/APP/Slave_main.o
                0x00000128                Function_vReadPasswordFromEEPROM
 .text.Function_vSystemFreeze
                0x0000016c       0x3e COTS/APP/Slave_main.o
                0x0000016c                Function_vSystemFreeze
 .text.Function_vOpenDoor
                0x000001aa       0x6c COTS/APP/Slave_main.o
                0x000001aa                Function_vOpenDoor
 .text.Function_vCheckFirstUse
                0x00000216       0x14 COTS/APP/Slave_main.o
                0x00000216                Function_vCheckFirstUse
 .text.main     0x0000022a      0x19c COTS/APP/Slave_main.o
                0x0000022a                main
 .text.HBuzzer_vInit
                0x000003c6       0x16 COTS/HAL/BUZZER_DRIVER/Buzzer_Program.o
                0x000003c6                HBuzzer_vInit
 .text.HBuzzer_vOn
                0x000003dc        0xc COTS/HAL/BUZZER_DRIVER/Buzzer_Program.o
                0x000003dc                HBuzzer_vOn
 .text.HBuzzer_vOFF
                0x000003e8        0xc COTS/HAL/BUZZER_DRIVER/Buzzer_Program.o
                0x000003e8                HBuzzer_vOFF
 .text.HDCMotor_vInit
                0x000003f4       0x4c COTS/HAL/DCMotor_DRIVER/DCMotor_Program.o
                0x000003f4                HDCMotor_vInit
 .text.HDCMotor_RotateDirection_Speed
                0x00000440       0x7c COTS/HAL/DCMotor_DRIVER/DCMotor_Program.o
                0x00000440                HDCMotor_RotateDirection_Speed
 .text.MDIO_vSetPinDirection
                0x000004bc       0xe0 COTS/MCAL/DIO_DRIVER/DIO_Program.o
                0x000004bc                MDIO_vSetPinDirection
 .text.MDIO_vSetPinValue
                0x0000059c       0xe0 COTS/MCAL/DIO_DRIVER/DIO_Program.o
                0x0000059c                MDIO_vSetPinValue
 .text.MEEPROM_vWriteByte
                0x0000067c       0x16 COTS/MCAL/EEPROM_DRIVER/EEPROM_Program.o
                0x0000067c                MEEPROM_vWriteByte
 .text.MEEPROM_u8ReadByte
                0x00000692       0x10 COTS/MCAL/EEPROM_DRIVER/EEPROM_Program.o
                0x00000692                MEEPROM_u8ReadByte
 .text.__vector_17
                0x000006a2       0x52 COTS/MCAL/EEPROM_DRIVER/EEPROM_Program.o
                0x000006a2                __vector_17
 .text.MGIE_vEnableInterrupts
                0x000006f4        0x8 COTS/MCAL/GIE_DRIVER/GIE_Program.o
                0x000006f4                MGIE_vEnableInterrupts
 .text.MTIMER0_vInit
                0x000006fc       0x2c COTS/MCAL/TIMER0_DRIVER/TIMER0_Program.o
                0x000006fc                MTIMER0_vInit
 .text.MTIMER0_vSetCTCRegister
                0x00000728        0x4 COTS/MCAL/TIMER0_DRIVER/TIMER0_Program.o
                0x00000728                MTIMER0_vSetCTCRegister
 .text.MTIMER0_vClearCTCRegister
                0x0000072c        0x4 COTS/MCAL/TIMER0_DRIVER/TIMER0_Program.o
                0x0000072c                MTIMER0_vClearCTCRegister
 .text.MTIMER0_vClearOVFFlag
                0x00000730        0x8 COTS/MCAL/TIMER0_DRIVER/TIMER0_Program.o
                0x00000730                MTIMER0_vClearOVFFlag
 .text.MTIMER0_vClearCTCFlag
                0x00000738        0x8 COTS/MCAL/TIMER0_DRIVER/TIMER0_Program.o
                0x00000738                MTIMER0_vClearCTCFlag
 .text.__vector_11
                0x00000740       0x56 COTS/MCAL/TIMER0_DRIVER/TIMER0_Program.o
                0x00000740                __vector_11
 .text.__vector_10
                0x00000796       0x56 COTS/MCAL/TIMER0_DRIVER/TIMER0_Program.o
                0x00000796                __vector_10
 .text.MTIMER1_vInit
                0x000007ec       0x38 COTS/MCAL/TIMER1_DRIVER/TIMER1_Program.o
                0x000007ec                MTIMER1_vInit
 .text.MTIMER1_vDisInit
                0x00000824        0x6 COTS/MCAL/TIMER1_DRIVER/TIMER1_Program.o
                0x00000824                MTIMER1_vDisInit
 .text.MTIMER1_vChannelASetCTCRegister
                0x0000082a        0x6 COTS/MCAL/TIMER1_DRIVER/TIMER1_Program.o
                0x0000082a                MTIMER1_vChannelASetCTCRegister
 .text.MTIMER1_vClearOVFFlag
                0x00000830        0x8 COTS/MCAL/TIMER1_DRIVER/TIMER1_Program.o
                0x00000830                MTIMER1_vClearOVFFlag
 .text.MTIMER1_vChannelAEnableCTCINT
                0x00000838        0x8 COTS/MCAL/TIMER1_DRIVER/TIMER1_Program.o
                0x00000838                MTIMER1_vChannelAEnableCTCINT
 .text.MTIMER1_vChannelAClearCTCFlag
                0x00000840        0x8 COTS/MCAL/TIMER1_DRIVER/TIMER1_Program.o
                0x00000840                MTIMER1_vChannelAClearCTCFlag
 .text.MTIMER1_vChannelBClearCTCFlag
                0x00000848        0x8 COTS/MCAL/TIMER1_DRIVER/TIMER1_Program.o
                0x00000848                MTIMER1_vChannelBClearCTCFlag
 .text.MTIMER1_vClearInputCaptureFlag
                0x00000850        0x8 COTS/MCAL/TIMER1_DRIVER/TIMER1_Program.o
                0x00000850                MTIMER1_vClearInputCaptureFlag
 .text.MTIMER1_vChannelASetCTCCallBack
                0x00000858        0xe COTS/MCAL/TIMER1_DRIVER/TIMER1_Program.o
                0x00000858                MTIMER1_vChannelASetCTCCallBack
 .text.__vector_6
                0x00000866       0x56 COTS/MCAL/TIMER1_DRIVER/TIMER1_Program.o
                0x00000866                __vector_6
 .text.__vector_7
                0x000008bc       0x56 COTS/MCAL/TIMER1_DRIVER/TIMER1_Program.o
                0x000008bc                __vector_7
 .text.__vector_8
                0x00000912       0x56 COTS/MCAL/TIMER1_DRIVER/TIMER1_Program.o
                0x00000912                __vector_8
 .text.__vector_9
                0x00000968       0x56 COTS/MCAL/TIMER1_DRIVER/TIMER1_Program.o
                0x00000968                __vector_9
 .text.MUSART_vInit
                0x000009be       0x1c COTS/MCAL/USART_DRIVER/USART_Program.o
                0x000009be                MUSART_vInit
 .text.MUSART_vTransmit
                0x000009da        0x8 COTS/MCAL/USART_DRIVER/USART_Program.o
                0x000009da                MUSART_vTransmit
 .text.MUSART_u8Receive
                0x000009e2       0x20 COTS/MCAL/USART_DRIVER/USART_Program.o
                0x000009e2                MUSART_u8Receive
 .text.MUSART_u8UnreadDate
                0x00000a02        0xa COTS/MCAL/USART_DRIVER/USART_Program.o
                0x00000a02                MUSART_u8UnreadDate
 .text.MUSART_vRecieveString
                0x00000a0c       0x36 COTS/MCAL/USART_DRIVER/USART_Program.o
                0x00000a0c                MUSART_vRecieveString
 .text.__vector_13
                0x00000a42       0x52 COTS/MCAL/USART_DRIVER/USART_Program.o
                0x00000a42                __vector_13
 .text.__vector_14
                0x00000a94       0x52 COTS/MCAL/USART_DRIVER/USART_Program.o
                0x00000a94                __vector_14
 .text.__vector_15
                0x00000ae6       0x52 COTS/MCAL/USART_DRIVER/USART_Program.o
                0x00000ae6                __vector_15
 .text.libgcc.div
                0x00000b38       0x28 d:/programs/atmel/studio/7.0/toolchain/avr8/avr8-gnu-toolchain/bin/../lib/gcc/avr/5.4.0/avr5\libgcc.a(_divmodhi4.o)
                0x00000b38                _div
                0x00000b38                __divmodhi4
 .text.libgcc.div
                0x00000b60       0x28 d:/programs/atmel/studio/7.0/toolchain/avr8/avr8-gnu-toolchain/bin/../lib/gcc/avr/5.4.0/avr5\libgcc.a(_udivmodhi4.o)
                0x00000b60                __udivmodhi4
                0x00000b88                . = ALIGN (0x2)
 *(.fini9)
 .fini9         0x00000b88        0x0 d:/programs/atmel/studio/7.0/toolchain/avr8/avr8-gnu-toolchain/bin/../lib/gcc/avr/5.4.0/avr5\libgcc.a(_exit.o)
                0x00000b88                _exit
                0x00000b88                exit
 *(.fini9)
 *(.fini8)
 *(.fini8)
 *(.fini7)
 *(.fini7)
 *(.fini6)
 *(.fini6)
 *(.fini5)
 *(.fini5)
 *(.fini4)
 *(.fini4)
 *(.fini3)
 *(.fini3)
 *(.fini2)
 *(.fini2)
 *(.fini1)
 *(.fini1)
 *(.fini0)
 .fini0         0x00000b88        0x4 d:/programs/atmel/studio/7.0/toolchain/avr8/avr8-gnu-toolchain/bin/../lib/gcc/avr/5.4.0/avr5\libgcc.a(_exit.o)
 *(.fini0)
                0x00000b8c                _etext = .

.data           0x00800060        0x0 load address 0x00000b8c
                [!provide]                PROVIDE (__data_start, .)
 *(.data)
 *(.data*)
 *(.gnu.linkonce.d*)
 *(.rodata)
 *(.rodata*)
 *(.gnu.linkonce.r*)
                0x00800060                . = ALIGN (0x2)
                0x00800060                _edata = .
                [!provide]                PROVIDE (__data_end, .)

.bss            0x00800060       0x17
                0x00800060                PROVIDE (__bss_start, .)
 *(.bss)
 *(.bss*)
 .bss.global_u8FailureCounter
                0x00800060        0x1 COTS/APP/Slave_main.o
                0x00800060                global_u8FailureCounter
 .bss.global_u8TicksCounter
                0x00800061        0x1 COTS/APP/Slave_main.o
                0x00800061                global_u8TicksCounter
 .bss.global_u8SecondsCounter
                0x00800062        0x1 COTS/APP/Slave_main.o
                0x00800062                global_u8SecondsCounter
 .bss.EEPROM_Call_Back
                0x00800063        0x2 COTS/MCAL/EEPROM_DRIVER/EEPROM_Program.o
                0x00800063                EEPROM_Call_Back
 .bss.TIMER0_OVF_Call_Back
                0x00800065        0x2 COTS/MCAL/TIMER0_DRIVER/TIMER0_Program.o
                0x00800065                TIMER0_OVF_Call_Back
 .bss.TIMER0_CTC_Call_Back
                0x00800067        0x2 COTS/MCAL/TIMER0_DRIVER/TIMER0_Program.o
                0x00800067                TIMER0_CTC_Call_Back
 .bss.TIMER1_ICU_Call_Back
                0x00800069        0x2 COTS/MCAL/TIMER1_DRIVER/TIMER1_Program.o
                0x00800069                TIMER1_ICU_Call_Back
 .bss.TIMER1B_CTC_Call_Back
                0x0080006b        0x2 COTS/MCAL/TIMER1_DRIVER/TIMER1_Program.o
                0x0080006b                TIMER1B_CTC_Call_Back
 .bss.TIMER1_OVF_Call_Back
                0x0080006d        0x2 COTS/MCAL/TIMER1_DRIVER/TIMER1_Program.o
                0x0080006d                TIMER1_OVF_Call_Back
 .bss.TIMER1A_CTC_Call_Back
                0x0080006f        0x2 COTS/MCAL/TIMER1_DRIVER/TIMER1_Program.o
                0x0080006f                TIMER1A_CTC_Call_Back
 .bss.USART_UDRE_Call_Back
                0x00800071        0x2 COTS/MCAL/USART_DRIVER/USART_Program.o
                0x00800071                USART_UDRE_Call_Back
 .bss.USART_TXC_Call_Back
                0x00800073        0x2 COTS/MCAL/USART_DRIVER/USART_Program.o
                0x00800073                USART_TXC_Call_Back
 .bss.USART_RXC_Call_Back
                0x00800075        0x2 COTS/MCAL/USART_DRIVER/USART_Program.o
                0x00800075                USART_RXC_Call_Back
 *(COMMON)
                0x00800077                PROVIDE (__bss_end, .)
                0x00000b8c                __data_load_start = LOADADDR (.data)
                0x00000b8c                __data_load_end = (__data_load_start + SIZEOF (.data))

.noinit         0x00800077        0x0
                [!provide]                PROVIDE (__noinit_start, .)
 *(.noinit*)
                [!provide]                PROVIDE (__noinit_end, .)
                0x00800077                _end = .
                [!provide]                PROVIDE (__heap_start, .)

.eeprom         0x00810000        0x0
 *(.eeprom*)
                0x00810000                __eeprom_end = .

.fuse
 *(.fuse)
 *(.lfuse)
 *(.hfuse)
 *(.efuse)

.lock
 *(.lock*)

.signature
 *(.signature*)

.user_signatures
 *(.user_signatures*)

.stab
 *(.stab)

.stabstr
 *(.stabstr)

.stab.excl
 *(.stab.excl)

.stab.exclstr
 *(.stab.exclstr)

.stab.index
 *(.stab.index)

.stab.indexstr
 *(.stab.indexstr)

.comment        0x00000000       0x30
 *(.comment)
 .comment       0x00000000       0x30 COTS/APP/Slave_main.o
                                 0x31 (size before relaxing)
 .comment       0x00000030       0x31 COTS/HAL/BUZZER_DRIVER/Buzzer_Program.o
 .comment       0x00000030       0x31 COTS/HAL/DCMotor_DRIVER/DCMotor_Program.o
 .comment       0x00000030       0x31 COTS/MCAL/DIO_DRIVER/DIO_Program.o
 .comment       0x00000030       0x31 COTS/MCAL/EEPROM_DRIVER/EEPROM_Program.o
 .comment       0x00000030       0x31 COTS/MCAL/GIE_DRIVER/GIE_Program.o
 .comment       0x00000030       0x31 COTS/MCAL/TIMER0_DRIVER/TIMER0_Program.o
 .comment       0x00000030       0x31 COTS/MCAL/TIMER1_DRIVER/TIMER1_Program.o
 .comment       0x00000030       0x31 COTS/MCAL/USART_DRIVER/USART_Program.o

.note.gnu.avr.deviceinfo
                0x00000000       0x3c
 .note.gnu.avr.deviceinfo
                0x00000000       0x3c D:/Programs/Atmel/Studio/7.0/Packs/atmel/ATmega_DFP/1.7.374/gcc/dev/atmega32/avr5/crtatmega32.o

.note.gnu.build-id
 *(.note.gnu.build-id)

.debug
 *(.debug)

.line
 *(.line)

.debug_srcinfo
 *(.debug_srcinfo)

.debug_sfnames
 *(.debug_sfnames)

.debug_aranges  0x00000000      0x3c8
 *(.debug_aranges)
 .debug_aranges
                0x00000000       0x60 COTS/APP/Slave_main.o
 .debug_aranges
                0x00000060       0x30 COTS/HAL/BUZZER_DRIVER/Buzzer_Program.o
 .debug_aranges
                0x00000090       0x28 COTS/HAL/DCMotor_DRIVER/DCMotor_Program.o
 .debug_aranges
                0x000000b8       0x50 COTS/MCAL/DIO_DRIVER/DIO_Program.o
 .debug_aranges
                0x00000108       0x50 COTS/MCAL/EEPROM_DRIVER/EEPROM_Program.o
 .debug_aranges
                0x00000158       0x28 COTS/MCAL/GIE_DRIVER/GIE_Program.o
 .debug_aranges
                0x00000180       0x98 COTS/MCAL/TIMER0_DRIVER/TIMER0_Program.o
 .debug_aranges
                0x00000218      0x108 COTS/MCAL/TIMER1_DRIVER/TIMER1_Program.o
 .debug_aranges
                0x00000320       0xa8 COTS/MCAL/USART_DRIVER/USART_Program.o

.debug_pubnames
 *(.debug_pubnames)

.debug_info     0x00000000     0x2350
 *(.debug_info .gnu.linkonce.wi.*)
 .debug_info    0x00000000      0x4e6 D:/Programs/Atmel/Studio/7.0/Packs/atmel/ATmega_DFP/1.7.374/gcc/dev/atmega32/avr5/crtatmega32.o
 .debug_info    0x000004e6      0xa40 COTS/APP/Slave_main.o
 .debug_info    0x00000f26      0x163 COTS/HAL/BUZZER_DRIVER/Buzzer_Program.o
 .debug_info    0x00001089      0x2e2 COTS/HAL/DCMotor_DRIVER/DCMotor_Program.o
 .debug_info    0x0000136b      0x246 COTS/MCAL/DIO_DRIVER/DIO_Program.o
 .debug_info    0x000015b1      0x1f4 COTS/MCAL/EEPROM_DRIVER/EEPROM_Program.o
 .debug_info    0x000017a5       0xc6 COTS/MCAL/GIE_DRIVER/GIE_Program.o
 .debug_info    0x0000186b      0x294 COTS/MCAL/TIMER0_DRIVER/TIMER0_Program.o
 .debug_info    0x00001aff      0x4d2 COTS/MCAL/TIMER1_DRIVER/TIMER1_Program.o
 .debug_info    0x00001fd1      0x37f COTS/MCAL/USART_DRIVER/USART_Program.o

.debug_abbrev   0x00000000      0xdbc
 *(.debug_abbrev)
 .debug_abbrev  0x00000000      0x4a3 D:/Programs/Atmel/Studio/7.0/Packs/atmel/ATmega_DFP/1.7.374/gcc/dev/atmega32/avr5/crtatmega32.o
 .debug_abbrev  0x000004a3      0x232 COTS/APP/Slave_main.o
 .debug_abbrev  0x000006d5       0x7f COTS/HAL/BUZZER_DRIVER/Buzzer_Program.o
 .debug_abbrev  0x00000754       0xff COTS/HAL/DCMotor_DRIVER/DCMotor_Program.o
 .debug_abbrev  0x00000853       0xb7 COTS/MCAL/DIO_DRIVER/DIO_Program.o
 .debug_abbrev  0x0000090a      0x11e COTS/MCAL/EEPROM_DRIVER/EEPROM_Program.o
 .debug_abbrev  0x00000a28       0x54 COTS/MCAL/GIE_DRIVER/GIE_Program.o
 .debug_abbrev  0x00000a7c       0xc3 COTS/MCAL/TIMER0_DRIVER/TIMER0_Program.o
 .debug_abbrev  0x00000b3f      0x152 COTS/MCAL/TIMER1_DRIVER/TIMER1_Program.o
 .debug_abbrev  0x00000c91      0x12b COTS/MCAL/USART_DRIVER/USART_Program.o

.debug_line     0x00000000     0x2197
 *(.debug_line .debug_line.* .debug_line_end)
 .debug_line    0x00000000      0x116 D:/Programs/Atmel/Studio/7.0/Packs/atmel/ATmega_DFP/1.7.374/gcc/dev/atmega32/avr5/crtatmega32.o
 .debug_line    0x00000116      0x6ff COTS/APP/Slave_main.o
 .debug_line    0x00000815      0x217 COTS/HAL/BUZZER_DRIVER/Buzzer_Program.o
 .debug_line    0x00000a2c      0x2dc COTS/HAL/DCMotor_DRIVER/DCMotor_Program.o
 .debug_line    0x00000d08      0x355 COTS/MCAL/DIO_DRIVER/DIO_Program.o
 .debug_line    0x0000105d      0x2c0 COTS/MCAL/EEPROM_DRIVER/EEPROM_Program.o
 .debug_line    0x0000131d      0x1bf COTS/MCAL/GIE_DRIVER/GIE_Program.o
 .debug_line    0x000014dc      0x378 COTS/MCAL/TIMER0_DRIVER/TIMER0_Program.o
 .debug_line    0x00001854      0x515 COTS/MCAL/TIMER1_DRIVER/TIMER1_Program.o
 .debug_line    0x00001d69      0x42e COTS/MCAL/USART_DRIVER/USART_Program.o

.debug_frame    0x00000000      0xa20
 *(.debug_frame)
 .debug_frame   0x00000000       0xf8 COTS/APP/Slave_main.o
 .debug_frame   0x000000f8       0x44 COTS/HAL/BUZZER_DRIVER/Buzzer_Program.o
 .debug_frame   0x0000013c       0x4c COTS/HAL/DCMotor_DRIVER/DCMotor_Program.o
 .debug_frame   0x00000188       0x84 COTS/MCAL/DIO_DRIVER/DIO_Program.o
 .debug_frame   0x0000020c       0xe8 COTS/MCAL/EEPROM_DRIVER/EEPROM_Program.o
 .debug_frame   0x000002f4       0x34 COTS/MCAL/GIE_DRIVER/GIE_Program.o
 .debug_frame   0x00000328      0x1a4 COTS/MCAL/TIMER0_DRIVER/TIMER0_Program.o
 .debug_frame   0x000004cc      0x314 COTS/MCAL/TIMER1_DRIVER/TIMER1_Program.o
 .debug_frame   0x000007e0      0x240 COTS/MCAL/USART_DRIVER/USART_Program.o

.debug_str      0x00000000     0x632d
 *(.debug_str)
 .debug_str     0x00000000      0x196 D:/Programs/Atmel/Studio/7.0/Packs/atmel/ATmega_DFP/1.7.374/gcc/dev/atmega32/avr5/crtatmega32.o
 .debug_str     0x00000196     0x48b4 COTS/APP/Slave_main.o
                               0x499b (size before relaxing)
 .debug_str     0x00004a4a       0x3d COTS/HAL/BUZZER_DRIVER/Buzzer_Program.o
                               0x408a (size before relaxing)
 .debug_str     0x00004a87       0xea COTS/HAL/DCMotor_DRIVER/DCMotor_Program.o
                               0x41ae (size before relaxing)
 .debug_str     0x00004b71      0x271 COTS/MCAL/DIO_DRIVER/DIO_Program.o
                               0x4262 (size before relaxing)
 .debug_str     0x00004de2      0x19f COTS/MCAL/EEPROM_DRIVER/EEPROM_Program.o
                               0x4143 (size before relaxing)
 .debug_str     0x00004f81       0x7f COTS/MCAL/GIE_DRIVER/GIE_Program.o
                               0x4013 (size before relaxing)
 .debug_str     0x00005000      0x4de COTS/MCAL/TIMER0_DRIVER/TIMER0_Program.o
                               0x44af (size before relaxing)
 .debug_str     0x000054de      0x922 COTS/MCAL/TIMER1_DRIVER/TIMER1_Program.o
                               0x4974 (size before relaxing)
 .debug_str     0x00005e00      0x52d COTS/MCAL/USART_DRIVER/USART_Program.o
                               0x451b (size before relaxing)

.debug_loc      0x00000000     0x1433
 *(.debug_loc)
 .debug_loc     0x00000000      0x3f6 COTS/APP/Slave_main.o
 .debug_loc     0x000003f6       0xe8 COTS/HAL/DCMotor_DRIVER/DCMotor_Program.o
 .debug_loc     0x000004de      0x416 COTS/MCAL/DIO_DRIVER/DIO_Program.o
 .debug_loc     0x000008f4      0x20e COTS/MCAL/EEPROM_DRIVER/EEPROM_Program.o
 .debug_loc     0x00000b02      0x196 COTS/MCAL/TIMER0_DRIVER/TIMER0_Program.o
 .debug_loc     0x00000c98      0x366 COTS/MCAL/TIMER1_DRIVER/TIMER1_Program.o
 .debug_loc     0x00000ffe      0x435 COTS/MCAL/USART_DRIVER/USART_Program.o

.debug_macinfo
 *(.debug_macinfo)

.debug_weaknames
 *(.debug_weaknames)

.debug_funcnames
 *(.debug_funcnames)

.debug_typenames
 *(.debug_typenames)

.debug_varnames
 *(.debug_varnames)

.debug_pubtypes
 *(.debug_pubtypes)

.debug_ranges   0x00000000      0x350
 *(.debug_ranges)
 .debug_ranges  0x00000000       0x68 COTS/APP/Slave_main.o
 .debug_ranges  0x00000068       0x20 COTS/HAL/BUZZER_DRIVER/Buzzer_Program.o
 .debug_ranges  0x00000088       0x18 COTS/HAL/DCMotor_DRIVER/DCMotor_Program.o
 .debug_ranges  0x000000a0       0x40 COTS/MCAL/DIO_DRIVER/DIO_Program.o
 .debug_ranges  0x000000e0       0x40 COTS/MCAL/EEPROM_DRIVER/EEPROM_Program.o
 .debug_ranges  0x00000120       0x18 COTS/MCAL/GIE_DRIVER/GIE_Program.o
 .debug_ranges  0x00000138       0x88 COTS/MCAL/TIMER0_DRIVER/TIMER0_Program.o
 .debug_ranges  0x000001c0       0xf8 COTS/MCAL/TIMER1_DRIVER/TIMER1_Program.o
 .debug_ranges  0x000002b8       0x98 COTS/MCAL/USART_DRIVER/USART_Program.o

.debug_macro    0x00000000     0x1c94
 *(.debug_macro)
 .debug_macro   0x00000000       0xf4 COTS/APP/Slave_main.o
 .debug_macro   0x000000f4      0xa4e COTS/APP/Slave_main.o
 .debug_macro   0x00000b42       0x22 COTS/APP/Slave_main.o
 .debug_macro   0x00000b64      0x1c9 COTS/APP/Slave_main.o
 .debug_macro   0x00000d2d      0x2fc COTS/APP/Slave_main.o
 .debug_macro   0x00001029       0x58 COTS/APP/Slave_main.o
 .debug_macro   0x00001081       0x10 COTS/APP/Slave_main.o
 .debug_macro   0x00001091       0x97 COTS/APP/Slave_main.o
 .debug_macro   0x00001128       0xf2 COTS/APP/Slave_main.o
 .debug_macro   0x0000121a       0x40 COTS/APP/Slave_main.o
 .debug_macro   0x0000125a       0x16 COTS/APP/Slave_main.o
 .debug_macro   0x00001270       0x10 COTS/APP/Slave_main.o
 .debug_macro   0x00001280      0x166 COTS/APP/Slave_main.o
 .debug_macro   0x000013e6       0x7e COTS/HAL/BUZZER_DRIVER/Buzzer_Program.o
 .debug_macro   0x00001464       0x96 COTS/HAL/DCMotor_DRIVER/DCMotor_Program.o
 .debug_macro   0x000014fa       0x1c COTS/HAL/DCMotor_DRIVER/DCMotor_Program.o
 .debug_macro   0x00001516       0x88 COTS/MCAL/DIO_DRIVER/DIO_Program.o
 .debug_macro   0x0000159e       0x52 COTS/MCAL/DIO_DRIVER/DIO_Program.o
 .debug_macro   0x000015f0       0x89 COTS/MCAL/EEPROM_DRIVER/EEPROM_Program.o
 .debug_macro   0x00001679       0x34 COTS/MCAL/EEPROM_DRIVER/EEPROM_Program.o
 .debug_macro   0x000016ad       0x7f COTS/MCAL/GIE_DRIVER/GIE_Program.o
 .debug_macro   0x0000172c       0x16 COTS/MCAL/GIE_DRIVER/GIE_Program.o
 .debug_macro   0x00001742       0x8e COTS/MCAL/TIMER0_DRIVER/TIMER0_Program.o
 .debug_macro   0x000017d0       0xd0 COTS/MCAL/TIMER0_DRIVER/TIMER0_Program.o
 .debug_macro   0x000018a0       0x22 COTS/MCAL/TIMER0_DRIVER/TIMER0_Program.o
 .debug_macro   0x000018c2       0x88 COTS/MCAL/TIMER1_DRIVER/TIMER1_Program.o
 .debug_macro   0x0000194a      0x166 COTS/MCAL/TIMER1_DRIVER/TIMER1_Program.o
 .debug_macro   0x00001ab0       0x2e COTS/MCAL/TIMER1_DRIVER/TIMER1_Program.o
 .debug_macro   0x00001ade       0x88 COTS/MCAL/USART_DRIVER/USART_Program.o
 .debug_macro   0x00001b66      0x10c COTS/MCAL/USART_DRIVER/USART_Program.o
 .debug_macro   0x00001c72       0x22 COTS/MCAL/USART_DRIVER/USART_Program.o
OUTPUT(Slave_MCU.elf elf32-avr)
LOAD linker stubs
