Archive member included to satisfy reference by file (symbol)

d:/programs/atmel/studio/7.0/toolchain/avr8/avr8-gnu-toolchain/bin/../lib/gcc/avr/5.4.0/../../../../avr/lib/avr5\libm.a(fixunssfsi.o)
                              COTS/MCAL/I2C_DRIVER/I2C_Program.o (__fixunssfsi)
d:/programs/atmel/studio/7.0/toolchain/avr8/avr8-gnu-toolchain/bin/../lib/gcc/avr/5.4.0/../../../../avr/lib/avr5\libm.a(floatsisf.o)
                              COTS/MCAL/I2C_DRIVER/I2C_Program.o (__floatunsisf)
d:/programs/atmel/studio/7.0/toolchain/avr8/avr8-gnu-toolchain/bin/../lib/gcc/avr/5.4.0/../../../../avr/lib/avr5\libm.a(fp_split3.o)
                              d:/programs/atmel/studio/7.0/toolchain/avr8/avr8-gnu-toolchain/bin/../lib/gcc/avr/5.4.0/../../../../avr/lib/avr5\libm.a(fixunssfsi.o) (__fp_splitA)
d:/programs/atmel/studio/7.0/toolchain/avr8/avr8-gnu-toolchain/bin/../lib/gcc/avr/5.4.0/../../../../avr/lib/avr5\libm.a(fp_zero.o)
                              d:/programs/atmel/studio/7.0/toolchain/avr8/avr8-gnu-toolchain/bin/../lib/gcc/avr/5.4.0/../../../../avr/lib/avr5\libm.a(fixunssfsi.o) (__fp_zero)
d:/programs/atmel/studio/7.0/toolchain/avr8/avr8-gnu-toolchain/bin/../lib/gcc/avr/5.4.0/avr5\libgcc.a(_divmodhi4.o)
                              COTS/HAL/DCMotor_DRIVER/DCMotor_Program.o (__divmodhi4)
d:/programs/atmel/studio/7.0/toolchain/avr8/avr8-gnu-toolchain/bin/../lib/gcc/avr/5.4.0/avr5\libgcc.a(_udivmodsi4.o)
                              COTS/MCAL/I2C_DRIVER/I2C_Program.o (__udivmodsi4)
d:/programs/atmel/studio/7.0/toolchain/avr8/avr8-gnu-toolchain/bin/../lib/gcc/avr/5.4.0/avr5\libgcc.a(_exit.o)
                              D:/Programs/Atmel/Studio/7.0/Packs/atmel/ATmega_DFP/1.7.374/gcc/dev/atmega32/avr5/crtatmega32.o (exit)
d:/programs/atmel/studio/7.0/toolchain/avr8/avr8-gnu-toolchain/bin/../lib/gcc/avr/5.4.0/avr5\libgcc.a(_clear_bss.o)
                              COTS/APP/Slave_main.o (__do_clear_bss)
d:/programs/atmel/studio/7.0/toolchain/avr8/avr8-gnu-toolchain/bin/../lib/gcc/avr/5.4.0/avr5\libgcc.a(_udivmodhi4.o)
                              d:/programs/atmel/studio/7.0/toolchain/avr8/avr8-gnu-toolchain/bin/../lib/gcc/avr/5.4.0/avr5\libgcc.a(_divmodhi4.o) (__udivmodhi4)

Discarded input sections

 .data          0x00000000        0x0 D:/Programs/Atmel/Studio/7.0/Packs/atmel/ATmega_DFP/1.7.374/gcc/dev/atmega32/avr5/crtatmega32.o
 .bss           0x00000000        0x0 D:/Programs/Atmel/Studio/7.0/Packs/atmel/ATmega_DFP/1.7.374/gcc/dev/atmega32/avr5/crtatmega32.o
 .group         0x00000000        0x8 COTS/APP/Slave_main.o
 .group         0x00000000        0x8 COTS/APP/Slave_main.o
 .group         0x00000000        0x8 COTS/APP/Slave_main.o
 .group         0x00000000        0x8 COTS/APP/Slave_main.o
 .group         0x00000000        0x8 COTS/APP/Slave_main.o
 .group         0x00000000        0x8 COTS/APP/Slave_main.o
 .group         0x00000000        0x8 COTS/APP/Slave_main.o
 .group         0x00000000        0x8 COTS/APP/Slave_main.o
 .group         0x00000000        0x8 COTS/APP/Slave_main.o
 .group         0x00000000        0x8 COTS/APP/Slave_main.o
 .group         0x00000000        0x8 COTS/APP/Slave_main.o
 .group         0x00000000        0x8 COTS/APP/Slave_main.o
 .group         0x00000000        0x8 COTS/APP/Slave_main.o
 .group         0x00000000        0x8 COTS/APP/Slave_main.o
 .group         0x00000000        0x8 COTS/APP/Slave_main.o
 .group         0x00000000        0x8 COTS/APP/Slave_main.o
 .text          0x00000000        0x0 COTS/APP/Slave_main.o
 .data          0x00000000        0x0 COTS/APP/Slave_main.o
 .bss           0x00000000        0x0 COTS/APP/Slave_main.o
 .group         0x00000000        0x8 COTS/HAL/BUZZER_DRIVER/Buzzer_Program.o
 .group         0x00000000        0x8 COTS/HAL/BUZZER_DRIVER/Buzzer_Program.o
 .group         0x00000000        0x8 COTS/HAL/BUZZER_DRIVER/Buzzer_Program.o
 .group         0x00000000        0x8 COTS/HAL/BUZZER_DRIVER/Buzzer_Program.o
 .group         0x00000000        0x8 COTS/HAL/BUZZER_DRIVER/Buzzer_Program.o
 .group         0x00000000        0x8 COTS/HAL/BUZZER_DRIVER/Buzzer_Program.o
 .group         0x00000000        0x8 COTS/HAL/BUZZER_DRIVER/Buzzer_Program.o
 .group         0x00000000        0x8 COTS/HAL/BUZZER_DRIVER/Buzzer_Program.o
 .group         0x00000000        0x8 COTS/HAL/BUZZER_DRIVER/Buzzer_Program.o
 .group         0x00000000        0x8 COTS/HAL/BUZZER_DRIVER/Buzzer_Program.o
 .text          0x00000000        0x0 COTS/HAL/BUZZER_DRIVER/Buzzer_Program.o
 .data          0x00000000        0x0 COTS/HAL/BUZZER_DRIVER/Buzzer_Program.o
 .bss           0x00000000        0x0 COTS/HAL/BUZZER_DRIVER/Buzzer_Program.o
 .text.HBuzzer_vInit
                0x00000000       0x16 COTS/HAL/BUZZER_DRIVER/Buzzer_Program.o
 .text.HBuzzer_vOn
                0x00000000        0xc COTS/HAL/BUZZER_DRIVER/Buzzer_Program.o
 .text.HBuzzer_vOFF
                0x00000000        0xc COTS/HAL/BUZZER_DRIVER/Buzzer_Program.o
 .debug_info    0x00000000      0x163 COTS/HAL/BUZZER_DRIVER/Buzzer_Program.o
 .debug_abbrev  0x00000000       0x7f COTS/HAL/BUZZER_DRIVER/Buzzer_Program.o
 .debug_aranges
                0x00000000       0x30 COTS/HAL/BUZZER_DRIVER/Buzzer_Program.o
 .debug_ranges  0x00000000       0x20 COTS/HAL/BUZZER_DRIVER/Buzzer_Program.o
 .debug_macro   0x00000000       0x7e COTS/HAL/BUZZER_DRIVER/Buzzer_Program.o
 .debug_macro   0x00000000      0xa4e COTS/HAL/BUZZER_DRIVER/Buzzer_Program.o
 .debug_macro   0x00000000      0x1c9 COTS/HAL/BUZZER_DRIVER/Buzzer_Program.o
 .debug_macro   0x00000000      0x2fc COTS/HAL/BUZZER_DRIVER/Buzzer_Program.o
 .debug_macro   0x00000000       0x58 COTS/HAL/BUZZER_DRIVER/Buzzer_Program.o
 .debug_macro   0x00000000       0x10 COTS/HAL/BUZZER_DRIVER/Buzzer_Program.o
 .debug_macro   0x00000000       0x97 COTS/HAL/BUZZER_DRIVER/Buzzer_Program.o
 .debug_macro   0x00000000       0xf2 COTS/HAL/BUZZER_DRIVER/Buzzer_Program.o
 .debug_macro   0x00000000       0x22 COTS/HAL/BUZZER_DRIVER/Buzzer_Program.o
 .debug_macro   0x00000000       0x40 COTS/HAL/BUZZER_DRIVER/Buzzer_Program.o
 .debug_macro   0x00000000       0x16 COTS/HAL/BUZZER_DRIVER/Buzzer_Program.o
 .debug_line    0x00000000      0x217 COTS/HAL/BUZZER_DRIVER/Buzzer_Program.o
 .debug_str     0x00000000     0x408a COTS/HAL/BUZZER_DRIVER/Buzzer_Program.o
 .comment       0x00000000       0x31 COTS/HAL/BUZZER_DRIVER/Buzzer_Program.o
 .debug_frame   0x00000000       0x44 COTS/HAL/BUZZER_DRIVER/Buzzer_Program.o
 .group         0x00000000        0x8 COTS/HAL/DCMotor_DRIVER/DCMotor_Program.o
 .group         0x00000000        0x8 COTS/HAL/DCMotor_DRIVER/DCMotor_Program.o
 .group         0x00000000        0x8 COTS/HAL/DCMotor_DRIVER/DCMotor_Program.o
 .group         0x00000000        0x8 COTS/HAL/DCMotor_DRIVER/DCMotor_Program.o
 .group         0x00000000        0x8 COTS/HAL/DCMotor_DRIVER/DCMotor_Program.o
 .group         0x00000000        0x8 COTS/HAL/DCMotor_DRIVER/DCMotor_Program.o
 .group         0x00000000        0x8 COTS/HAL/DCMotor_DRIVER/DCMotor_Program.o
 .group         0x00000000        0x8 COTS/HAL/DCMotor_DRIVER/DCMotor_Program.o
 .group         0x00000000        0x8 COTS/HAL/DCMotor_DRIVER/DCMotor_Program.o
 .group         0x00000000        0x8 COTS/HAL/DCMotor_DRIVER/DCMotor_Program.o
 .text          0x00000000        0x0 COTS/HAL/DCMotor_DRIVER/DCMotor_Program.o
 .data          0x00000000        0x0 COTS/HAL/DCMotor_DRIVER/DCMotor_Program.o
 .bss           0x00000000        0x0 COTS/HAL/DCMotor_DRIVER/DCMotor_Program.o
 .debug_macro   0x00000000      0xa4e COTS/HAL/DCMotor_DRIVER/DCMotor_Program.o
 .debug_macro   0x00000000      0x1c9 COTS/HAL/DCMotor_DRIVER/DCMotor_Program.o
 .debug_macro   0x00000000      0x2fc COTS/HAL/DCMotor_DRIVER/DCMotor_Program.o
 .debug_macro   0x00000000       0x58 COTS/HAL/DCMotor_DRIVER/DCMotor_Program.o
 .debug_macro   0x00000000       0x10 COTS/HAL/DCMotor_DRIVER/DCMotor_Program.o
 .debug_macro   0x00000000       0x97 COTS/HAL/DCMotor_DRIVER/DCMotor_Program.o
 .debug_macro   0x00000000       0xf2 COTS/HAL/DCMotor_DRIVER/DCMotor_Program.o
 .debug_macro   0x00000000       0x22 COTS/HAL/DCMotor_DRIVER/DCMotor_Program.o
 .debug_macro   0x00000000       0x40 COTS/HAL/DCMotor_DRIVER/DCMotor_Program.o
 .group         0x00000000        0x8 COTS/HAL/LCD_DRIVER/LCD_Program.o
 .group         0x00000000        0x8 COTS/HAL/LCD_DRIVER/LCD_Program.o
 .group         0x00000000        0x8 COTS/HAL/LCD_DRIVER/LCD_Program.o
 .group         0x00000000        0x8 COTS/HAL/LCD_DRIVER/LCD_Program.o
 .group         0x00000000        0x8 COTS/HAL/LCD_DRIVER/LCD_Program.o
 .group         0x00000000        0x8 COTS/HAL/LCD_DRIVER/LCD_Program.o
 .group         0x00000000        0x8 COTS/HAL/LCD_DRIVER/LCD_Program.o
 .group         0x00000000        0x8 COTS/HAL/LCD_DRIVER/LCD_Program.o
 .group         0x00000000        0x8 COTS/HAL/LCD_DRIVER/LCD_Program.o
 .group         0x00000000        0x8 COTS/HAL/LCD_DRIVER/LCD_Program.o
 .group         0x00000000        0x8 COTS/HAL/LCD_DRIVER/LCD_Program.o
 .group         0x00000000        0x8 COTS/HAL/LCD_DRIVER/LCD_Program.o
 .group         0x00000000        0x8 COTS/HAL/LCD_DRIVER/LCD_Program.o
 .text          0x00000000        0x0 COTS/HAL/LCD_DRIVER/LCD_Program.o
 .data          0x00000000        0x0 COTS/HAL/LCD_DRIVER/LCD_Program.o
 .bss           0x00000000        0x0 COTS/HAL/LCD_DRIVER/LCD_Program.o
 .text.HLCD_vSendCommand
                0x00000000       0x50 COTS/HAL/LCD_DRIVER/LCD_Program.o
 .text.HLCD_vInit
                0x00000000       0x7c COTS/HAL/LCD_DRIVER/LCD_Program.o
 .text.HLCD_vSendData
                0x00000000       0x50 COTS/HAL/LCD_DRIVER/LCD_Program.o
 .text.HLCD_vSendString
                0x00000000       0x26 COTS/HAL/LCD_DRIVER/LCD_Program.o
 .text.HLCD_vMoveTo
                0x00000000       0x1e COTS/HAL/LCD_DRIVER/LCD_Program.o
 .text.HLCD_vDisplayClear
                0x00000000       0x14 COTS/HAL/LCD_DRIVER/LCD_Program.o
 .debug_info    0x00000000      0x667 COTS/HAL/LCD_DRIVER/LCD_Program.o
 .debug_abbrev  0x00000000      0x14d COTS/HAL/LCD_DRIVER/LCD_Program.o
 .debug_loc     0x00000000      0x45d COTS/HAL/LCD_DRIVER/LCD_Program.o
 .debug_aranges
                0x00000000       0x48 COTS/HAL/LCD_DRIVER/LCD_Program.o
 .debug_ranges  0x00000000       0x38 COTS/HAL/LCD_DRIVER/LCD_Program.o
 .debug_macro   0x00000000       0xa9 COTS/HAL/LCD_DRIVER/LCD_Program.o
 .debug_macro   0x00000000      0xa4e COTS/HAL/LCD_DRIVER/LCD_Program.o
 .debug_macro   0x00000000      0x1c9 COTS/HAL/LCD_DRIVER/LCD_Program.o
 .debug_macro   0x00000000      0x2fc COTS/HAL/LCD_DRIVER/LCD_Program.o
 .debug_macro   0x00000000       0x58 COTS/HAL/LCD_DRIVER/LCD_Program.o
 .debug_macro   0x00000000       0x10 COTS/HAL/LCD_DRIVER/LCD_Program.o
 .debug_macro   0x00000000       0x97 COTS/HAL/LCD_DRIVER/LCD_Program.o
 .debug_macro   0x00000000       0xf2 COTS/HAL/LCD_DRIVER/LCD_Program.o
 .debug_macro   0x00000000       0x22 COTS/HAL/LCD_DRIVER/LCD_Program.o
 .debug_macro   0x00000000       0x10 COTS/HAL/LCD_DRIVER/LCD_Program.o
 .debug_macro   0x00000000      0x166 COTS/HAL/LCD_DRIVER/LCD_Program.o
 .debug_macro   0x00000000       0x40 COTS/HAL/LCD_DRIVER/LCD_Program.o
 .debug_macro   0x00000000       0x28 COTS/HAL/LCD_DRIVER/LCD_Program.o
 .debug_macro   0x00000000       0x22 COTS/HAL/LCD_DRIVER/LCD_Program.o
 .debug_line    0x00000000      0x3dd COTS/HAL/LCD_DRIVER/LCD_Program.o
 .debug_str     0x00000000     0x45ec COTS/HAL/LCD_DRIVER/LCD_Program.o
 .comment       0x00000000       0x31 COTS/HAL/LCD_DRIVER/LCD_Program.o
 .debug_frame   0x00000000       0x94 COTS/HAL/LCD_DRIVER/LCD_Program.o
 .group         0x00000000        0x8 COTS/MCAL/DIO_DRIVER/DIO_Program.o
 .group         0x00000000        0x8 COTS/MCAL/DIO_DRIVER/DIO_Program.o
 .group         0x00000000        0x8 COTS/MCAL/DIO_DRIVER/DIO_Program.o
 .group         0x00000000        0x8 COTS/MCAL/DIO_DRIVER/DIO_Program.o
 .group         0x00000000        0x8 COTS/MCAL/DIO_DRIVER/DIO_Program.o
 .group         0x00000000        0x8 COTS/MCAL/DIO_DRIVER/DIO_Program.o
 .group         0x00000000        0x8 COTS/MCAL/DIO_DRIVER/DIO_Program.o
 .group         0x00000000        0x8 COTS/MCAL/DIO_DRIVER/DIO_Program.o
 .group         0x00000000        0x8 COTS/MCAL/DIO_DRIVER/DIO_Program.o
 .group         0x00000000        0x8 COTS/MCAL/DIO_DRIVER/DIO_Program.o
 .text          0x00000000        0x0 COTS/MCAL/DIO_DRIVER/DIO_Program.o
 .data          0x00000000        0x0 COTS/MCAL/DIO_DRIVER/DIO_Program.o
 .bss           0x00000000        0x0 COTS/MCAL/DIO_DRIVER/DIO_Program.o
 .text.MDIO_vSetPortDirection
                0x00000000       0x20 COTS/MCAL/DIO_DRIVER/DIO_Program.o
 .text.MDIO_vSetPortValue
                0x00000000       0x20 COTS/MCAL/DIO_DRIVER/DIO_Program.o
 .text.MDIO_u8GetPinValue
                0x00000000       0x5c COTS/MCAL/DIO_DRIVER/DIO_Program.o
 .text.MDIO_u8GetPortValue
                0x00000000       0x24 COTS/MCAL/DIO_DRIVER/DIO_Program.o
 .text.MDIO_vTogglePinValue
                0x00000000       0x68 COTS/MCAL/DIO_DRIVER/DIO_Program.o
 .debug_macro   0x00000000      0xa4e COTS/MCAL/DIO_DRIVER/DIO_Program.o
 .debug_macro   0x00000000      0x1c9 COTS/MCAL/DIO_DRIVER/DIO_Program.o
 .debug_macro   0x00000000      0x2fc COTS/MCAL/DIO_DRIVER/DIO_Program.o
 .debug_macro   0x00000000       0x58 COTS/MCAL/DIO_DRIVER/DIO_Program.o
 .debug_macro   0x00000000       0x10 COTS/MCAL/DIO_DRIVER/DIO_Program.o
 .debug_macro   0x00000000       0x97 COTS/MCAL/DIO_DRIVER/DIO_Program.o
 .debug_macro   0x00000000       0xf2 COTS/MCAL/DIO_DRIVER/DIO_Program.o
 .debug_macro   0x00000000       0x22 COTS/MCAL/DIO_DRIVER/DIO_Program.o
 .debug_macro   0x00000000       0x40 COTS/MCAL/DIO_DRIVER/DIO_Program.o
 .group         0x00000000        0x8 COTS/MCAL/EEPROM_DRIVER/EEPROM_Program.o
 .group         0x00000000        0x8 COTS/MCAL/EEPROM_DRIVER/EEPROM_Program.o
 .group         0x00000000        0x8 COTS/MCAL/EEPROM_DRIVER/EEPROM_Program.o
 .group         0x00000000        0x8 COTS/MCAL/EEPROM_DRIVER/EEPROM_Program.o
 .group         0x00000000        0x8 COTS/MCAL/EEPROM_DRIVER/EEPROM_Program.o
 .group         0x00000000        0x8 COTS/MCAL/EEPROM_DRIVER/EEPROM_Program.o
 .group         0x00000000        0x8 COTS/MCAL/EEPROM_DRIVER/EEPROM_Program.o
 .group         0x00000000        0x8 COTS/MCAL/EEPROM_DRIVER/EEPROM_Program.o
 .group         0x00000000        0x8 COTS/MCAL/EEPROM_DRIVER/EEPROM_Program.o
 .text          0x00000000        0x0 COTS/MCAL/EEPROM_DRIVER/EEPROM_Program.o
 .data          0x00000000        0x0 COTS/MCAL/EEPROM_DRIVER/EEPROM_Program.o
 .bss           0x00000000        0x0 COTS/MCAL/EEPROM_DRIVER/EEPROM_Program.o
 .text.MEEPROM_vWriteString
                0x00000000       0x38 COTS/MCAL/EEPROM_DRIVER/EEPROM_Program.o
 .text.MEEPROM_vInterruptEnable
                0x00000000        0x8 COTS/MCAL/EEPROM_DRIVER/EEPROM_Program.o
 .text.MEEPROM_vInterruptDisable
                0x00000000        0x8 COTS/MCAL/EEPROM_DRIVER/EEPROM_Program.o
 .text.MEEPROM_vSetCallBack
                0x00000000        0xe COTS/MCAL/EEPROM_DRIVER/EEPROM_Program.o
 .debug_macro   0x00000000      0xa4e COTS/MCAL/EEPROM_DRIVER/EEPROM_Program.o
 .debug_macro   0x00000000      0x1c9 COTS/MCAL/EEPROM_DRIVER/EEPROM_Program.o
 .debug_macro   0x00000000      0x2fc COTS/MCAL/EEPROM_DRIVER/EEPROM_Program.o
 .debug_macro   0x00000000       0x58 COTS/MCAL/EEPROM_DRIVER/EEPROM_Program.o
 .debug_macro   0x00000000       0x10 COTS/MCAL/EEPROM_DRIVER/EEPROM_Program.o
 .debug_macro   0x00000000       0x97 COTS/MCAL/EEPROM_DRIVER/EEPROM_Program.o
 .debug_macro   0x00000000       0xf2 COTS/MCAL/EEPROM_DRIVER/EEPROM_Program.o
 .debug_macro   0x00000000       0x22 COTS/MCAL/EEPROM_DRIVER/EEPROM_Program.o
 .group         0x00000000        0x8 COTS/MCAL/GIE_DRIVER/GIE_Program.o
 .group         0x00000000        0x8 COTS/MCAL/GIE_DRIVER/GIE_Program.o
 .group         0x00000000        0x8 COTS/MCAL/GIE_DRIVER/GIE_Program.o
 .group         0x00000000        0x8 COTS/MCAL/GIE_DRIVER/GIE_Program.o
 .group         0x00000000        0x8 COTS/MCAL/GIE_DRIVER/GIE_Program.o
 .group         0x00000000        0x8 COTS/MCAL/GIE_DRIVER/GIE_Program.o
 .group         0x00000000        0x8 COTS/MCAL/GIE_DRIVER/GIE_Program.o
 .group         0x00000000        0x8 COTS/MCAL/GIE_DRIVER/GIE_Program.o
 .group         0x00000000        0x8 COTS/MCAL/GIE_DRIVER/GIE_Program.o
 .text          0x00000000        0x0 COTS/MCAL/GIE_DRIVER/GIE_Program.o
 .data          0x00000000        0x0 COTS/MCAL/GIE_DRIVER/GIE_Program.o
 .bss           0x00000000        0x0 COTS/MCAL/GIE_DRIVER/GIE_Program.o
 .text.MGIE_vEnableInterrupts
                0x00000000        0x8 COTS/MCAL/GIE_DRIVER/GIE_Program.o
 .text.MGIE_vDisableInterrupts
                0x00000000        0x8 COTS/MCAL/GIE_DRIVER/GIE_Program.o
 .debug_info    0x00000000       0xc6 COTS/MCAL/GIE_DRIVER/GIE_Program.o
 .debug_abbrev  0x00000000       0x54 COTS/MCAL/GIE_DRIVER/GIE_Program.o
 .debug_aranges
                0x00000000       0x28 COTS/MCAL/GIE_DRIVER/GIE_Program.o
 .debug_ranges  0x00000000       0x18 COTS/MCAL/GIE_DRIVER/GIE_Program.o
 .debug_macro   0x00000000       0x7f COTS/MCAL/GIE_DRIVER/GIE_Program.o
 .debug_macro   0x00000000      0xa4e COTS/MCAL/GIE_DRIVER/GIE_Program.o
 .debug_macro   0x00000000      0x1c9 COTS/MCAL/GIE_DRIVER/GIE_Program.o
 .debug_macro   0x00000000      0x2fc COTS/MCAL/GIE_DRIVER/GIE_Program.o
 .debug_macro   0x00000000       0x58 COTS/MCAL/GIE_DRIVER/GIE_Program.o
 .debug_macro   0x00000000       0x10 COTS/MCAL/GIE_DRIVER/GIE_Program.o
 .debug_macro   0x00000000       0x97 COTS/MCAL/GIE_DRIVER/GIE_Program.o
 .debug_macro   0x00000000       0xf2 COTS/MCAL/GIE_DRIVER/GIE_Program.o
 .debug_macro   0x00000000       0x22 COTS/MCAL/GIE_DRIVER/GIE_Program.o
 .debug_macro   0x00000000       0x16 COTS/MCAL/GIE_DRIVER/GIE_Program.o
 .debug_line    0x00000000      0x1bf COTS/MCAL/GIE_DRIVER/GIE_Program.o
 .debug_str     0x00000000     0x4013 COTS/MCAL/GIE_DRIVER/GIE_Program.o
 .comment       0x00000000       0x31 COTS/MCAL/GIE_DRIVER/GIE_Program.o
 .debug_frame   0x00000000       0x34 COTS/MCAL/GIE_DRIVER/GIE_Program.o
 .group         0x00000000        0x8 COTS/MCAL/I2C_DRIVER/I2C_Program.o
 .group         0x00000000        0x8 COTS/MCAL/I2C_DRIVER/I2C_Program.o
 .group         0x00000000        0x8 COTS/MCAL/I2C_DRIVER/I2C_Program.o
 .group         0x00000000        0x8 COTS/MCAL/I2C_DRIVER/I2C_Program.o
 .group         0x00000000        0x8 COTS/MCAL/I2C_DRIVER/I2C_Program.o
 .group         0x00000000        0x8 COTS/MCAL/I2C_DRIVER/I2C_Program.o
 .group         0x00000000        0x8 COTS/MCAL/I2C_DRIVER/I2C_Program.o
 .group         0x00000000        0x8 COTS/MCAL/I2C_DRIVER/I2C_Program.o
 .group         0x00000000        0x8 COTS/MCAL/I2C_DRIVER/I2C_Program.o
 .group         0x00000000        0x8 COTS/MCAL/I2C_DRIVER/I2C_Program.o
 .group         0x00000000        0x8 COTS/MCAL/I2C_DRIVER/I2C_Program.o
 .group         0x00000000        0x8 COTS/MCAL/I2C_DRIVER/I2C_Program.o
 .text          0x00000000        0x0 COTS/MCAL/I2C_DRIVER/I2C_Program.o
 .data          0x00000000        0x0 COTS/MCAL/I2C_DRIVER/I2C_Program.o
 .bss           0x00000000        0x0 COTS/MCAL/I2C_DRIVER/I2C_Program.o
 .text.MI2C_vMasterInit
                0x00000000       0x44 COTS/MCAL/I2C_DRIVER/I2C_Program.o
 .text.MI2C_vSlaveInit
                0x00000000       0x12 COTS/MCAL/I2C_DRIVER/I2C_Program.o
 .text.MI2C_u8StartCondition
                0x00000000       0x3a COTS/MCAL/I2C_DRIVER/I2C_Program.o
 .text.MI2C_u8RepeatedStartCondition
                0x00000000       0x3c COTS/MCAL/I2C_DRIVER/I2C_Program.o
 .text.MI2C_vStopCondition
                0x00000000       0x1a COTS/MCAL/I2C_DRIVER/I2C_Program.o
 .text.MI2C_MasterTransmitterMode
                0x00000000       0x72 COTS/MCAL/I2C_DRIVER/I2C_Program.o
 .text.MI2C_u8MasterSendByteToSlave
                0x00000000       0x6a COTS/MCAL/I2C_DRIVER/I2C_Program.o
 .text.MI2C_u8MasterRecieverMode
                0x00000000       0x72 COTS/MCAL/I2C_DRIVER/I2C_Program.o
 .text.MI2C_u8MasterReadByteFromSlave
                0x00000000       0x84 COTS/MCAL/I2C_DRIVER/I2C_Program.o
 .text.MI2C_u8SlaveCheckAddress
                0x00000000       0x52 COTS/MCAL/I2C_DRIVER/I2C_Program.o
 .text.MI2C_u8SlaveReciverMode
                0x00000000       0x76 COTS/MCAL/I2C_DRIVER/I2C_Program.o
 .text.MI2C_u8RecieveSendByteToMaster
                0x00000000       0x60 COTS/MCAL/I2C_DRIVER/I2C_Program.o
 .text.MI2C_vInterruptEnable
                0x00000000        0x8 COTS/MCAL/I2C_DRIVER/I2C_Program.o
 .text.MI2C_vInterruptDisable
                0x00000000        0x8 COTS/MCAL/I2C_DRIVER/I2C_Program.o
 .text.MI2C_vSetCallBack
                0x00000000        0xa COTS/MCAL/I2C_DRIVER/I2C_Program.o
 .debug_macro   0x00000000      0xa4e COTS/MCAL/I2C_DRIVER/I2C_Program.o
 .debug_macro   0x00000000      0x1c9 COTS/MCAL/I2C_DRIVER/I2C_Program.o
 .debug_macro   0x00000000      0x2fc COTS/MCAL/I2C_DRIVER/I2C_Program.o
 .debug_macro   0x00000000       0x58 COTS/MCAL/I2C_DRIVER/I2C_Program.o
 .debug_macro   0x00000000       0x10 COTS/MCAL/I2C_DRIVER/I2C_Program.o
 .debug_macro   0x00000000       0x97 COTS/MCAL/I2C_DRIVER/I2C_Program.o
 .debug_macro   0x00000000       0xf2 COTS/MCAL/I2C_DRIVER/I2C_Program.o
 .debug_macro   0x00000000       0x22 COTS/MCAL/I2C_DRIVER/I2C_Program.o
 .debug_macro   0x00000000      0x166 COTS/MCAL/I2C_DRIVER/I2C_Program.o
 .group         0x00000000        0x8 COTS/MCAL/TIMER0_DRIVER/TIMER0_Program.o
 .group         0x00000000        0x8 COTS/MCAL/TIMER0_DRIVER/TIMER0_Program.o
 .group         0x00000000        0x8 COTS/MCAL/TIMER0_DRIVER/TIMER0_Program.o
 .group         0x00000000        0x8 COTS/MCAL/TIMER0_DRIVER/TIMER0_Program.o
 .group         0x00000000        0x8 COTS/MCAL/TIMER0_DRIVER/TIMER0_Program.o
 .group         0x00000000        0x8 COTS/MCAL/TIMER0_DRIVER/TIMER0_Program.o
 .group         0x00000000        0x8 COTS/MCAL/TIMER0_DRIVER/TIMER0_Program.o
 .group         0x00000000        0x8 COTS/MCAL/TIMER0_DRIVER/TIMER0_Program.o
 .group         0x00000000        0x8 COTS/MCAL/TIMER0_DRIVER/TIMER0_Program.o
 .group         0x00000000        0x8 COTS/MCAL/TIMER0_DRIVER/TIMER0_Program.o
 .text          0x00000000        0x0 COTS/MCAL/TIMER0_DRIVER/TIMER0_Program.o
 .data          0x00000000        0x0 COTS/MCAL/TIMER0_DRIVER/TIMER0_Program.o
 .bss           0x00000000        0x0 COTS/MCAL/TIMER0_DRIVER/TIMER0_Program.o
 .text.MTIMER0_vSetOVFRegister
                0x00000000        0x4 COTS/MCAL/TIMER0_DRIVER/TIMER0_Program.o
 .text.MTIMER0_vClearOVFRegister
                0x00000000        0x4 COTS/MCAL/TIMER0_DRIVER/TIMER0_Program.o
 .text.MTIMER0_vEnableOVFINT
                0x00000000        0x8 COTS/MCAL/TIMER0_DRIVER/TIMER0_Program.o
 .text.MTIMER0_vDisableOVFINT
                0x00000000        0x8 COTS/MCAL/TIMER0_DRIVER/TIMER0_Program.o
 .text.MTIMER0_vEnableCTCINT
                0x00000000        0x8 COTS/MCAL/TIMER0_DRIVER/TIMER0_Program.o
 .text.MTIMER0_vDisableCTCINT
                0x00000000        0x8 COTS/MCAL/TIMER0_DRIVER/TIMER0_Program.o
 .text.MTIMER0_vForceOutputCompare
                0x00000000        0x8 COTS/MCAL/TIMER0_DRIVER/TIMER0_Program.o
 .text.MTIMER0_vSetCTCCallBack
                0x00000000        0xe COTS/MCAL/TIMER0_DRIVER/TIMER0_Program.o
 .text.MTIMER0_vSetOVFCallBack
                0x00000000        0xe COTS/MCAL/TIMER0_DRIVER/TIMER0_Program.o
 .debug_macro   0x00000000      0xa4e COTS/MCAL/TIMER0_DRIVER/TIMER0_Program.o
 .debug_macro   0x00000000      0x1c9 COTS/MCAL/TIMER0_DRIVER/TIMER0_Program.o
 .debug_macro   0x00000000      0x2fc COTS/MCAL/TIMER0_DRIVER/TIMER0_Program.o
 .debug_macro   0x00000000       0x58 COTS/MCAL/TIMER0_DRIVER/TIMER0_Program.o
 .debug_macro   0x00000000       0x10 COTS/MCAL/TIMER0_DRIVER/TIMER0_Program.o
 .debug_macro   0x00000000       0x97 COTS/MCAL/TIMER0_DRIVER/TIMER0_Program.o
 .debug_macro   0x00000000       0xf2 COTS/MCAL/TIMER0_DRIVER/TIMER0_Program.o
 .debug_macro   0x00000000       0x22 COTS/MCAL/TIMER0_DRIVER/TIMER0_Program.o
 .group         0x00000000        0x8 COTS/MCAL/TIMER1_DRIVER/TIMER1_Program.o
 .group         0x00000000        0x8 COTS/MCAL/TIMER1_DRIVER/TIMER1_Program.o
 .group         0x00000000        0x8 COTS/MCAL/TIMER1_DRIVER/TIMER1_Program.o
 .group         0x00000000        0x8 COTS/MCAL/TIMER1_DRIVER/TIMER1_Program.o
 .group         0x00000000        0x8 COTS/MCAL/TIMER1_DRIVER/TIMER1_Program.o
 .group         0x00000000        0x8 COTS/MCAL/TIMER1_DRIVER/TIMER1_Program.o
 .group         0x00000000        0x8 COTS/MCAL/TIMER1_DRIVER/TIMER1_Program.o
 .group         0x00000000        0x8 COTS/MCAL/TIMER1_DRIVER/TIMER1_Program.o
 .group         0x00000000        0x8 COTS/MCAL/TIMER1_DRIVER/TIMER1_Program.o
 .group         0x00000000        0x8 COTS/MCAL/TIMER1_DRIVER/TIMER1_Program.o
 .text          0x00000000        0x0 COTS/MCAL/TIMER1_DRIVER/TIMER1_Program.o
 .data          0x00000000        0x0 COTS/MCAL/TIMER1_DRIVER/TIMER1_Program.o
 .bss           0x00000000        0x0 COTS/MCAL/TIMER1_DRIVER/TIMER1_Program.o
 .text.MTIMER1_vInit
                0x00000000       0x38 COTS/MCAL/TIMER1_DRIVER/TIMER1_Program.o
 .text.MTIMER1_vDisInit
                0x00000000        0x6 COTS/MCAL/TIMER1_DRIVER/TIMER1_Program.o
 .text.MTIMER1_vSetOVFRegister
                0x00000000        0x6 COTS/MCAL/TIMER1_DRIVER/TIMER1_Program.o
 .text.MTIMER1_vChannelASetCTCRegister
                0x00000000        0x6 COTS/MCAL/TIMER1_DRIVER/TIMER1_Program.o
 .text.MTIMER1_vChannelBSetCTCRegister
                0x00000000        0x6 COTS/MCAL/TIMER1_DRIVER/TIMER1_Program.o
 .text.MTIMER1_vSetICR1Value
                0x00000000        0x6 COTS/MCAL/TIMER1_DRIVER/TIMER1_Program.o
 .text.MTIMER1_u16InputCaptureValue
                0x00000000        0x6 COTS/MCAL/TIMER1_DRIVER/TIMER1_Program.o
 .text.MTIMER1_vSetInputCaptureEdge
                0x00000000       0x18 COTS/MCAL/TIMER1_DRIVER/TIMER1_Program.o
 .text.MTIMER1_vEnableOVFINT
                0x00000000        0x8 COTS/MCAL/TIMER1_DRIVER/TIMER1_Program.o
 .text.MTIMER1_vDisableOVFINT
                0x00000000        0x8 COTS/MCAL/TIMER1_DRIVER/TIMER1_Program.o
 .text.MTIMER1_vChannelAEnableCTCINT
                0x00000000        0x8 COTS/MCAL/TIMER1_DRIVER/TIMER1_Program.o
 .text.MTIMER1_vChannelADisableCTCINT
                0x00000000        0x8 COTS/MCAL/TIMER1_DRIVER/TIMER1_Program.o
 .text.MTIMER1_vChannelBEnableCTCINT
                0x00000000        0x8 COTS/MCAL/TIMER1_DRIVER/TIMER1_Program.o
 .text.MTIMER1_vChannelBDisableCTCINT
                0x00000000        0x8 COTS/MCAL/TIMER1_DRIVER/TIMER1_Program.o
 .text.MTIMER1_vEnableInputCaptureINT
                0x00000000        0x8 COTS/MCAL/TIMER1_DRIVER/TIMER1_Program.o
 .text.MTIMER1_vDisableInputCaptureINT
                0x00000000        0x8 COTS/MCAL/TIMER1_DRIVER/TIMER1_Program.o
 .text.MTIMER1_vChannelAForceOutputCompare
                0x00000000        0x8 COTS/MCAL/TIMER1_DRIVER/TIMER1_Program.o
 .text.MTIMER1_vChannelBForceOutputCompare
                0x00000000        0x8 COTS/MCAL/TIMER1_DRIVER/TIMER1_Program.o
 .text.MTIMER1_vSetOVFCallBack
                0x00000000        0xe COTS/MCAL/TIMER1_DRIVER/TIMER1_Program.o
 .text.MTIMER1_vChannelASetCTCCallBack
                0x00000000        0xe COTS/MCAL/TIMER1_DRIVER/TIMER1_Program.o
 .text.MTIMER1_vChannelBSetCTCCallBack
                0x00000000        0xe COTS/MCAL/TIMER1_DRIVER/TIMER1_Program.o
 .text.MTIMER1_vSetInputCaptureCallBack
                0x00000000        0xe COTS/MCAL/TIMER1_DRIVER/TIMER1_Program.o
 .debug_macro   0x00000000      0xa4e COTS/MCAL/TIMER1_DRIVER/TIMER1_Program.o
 .debug_macro   0x00000000      0x1c9 COTS/MCAL/TIMER1_DRIVER/TIMER1_Program.o
 .debug_macro   0x00000000      0x2fc COTS/MCAL/TIMER1_DRIVER/TIMER1_Program.o
 .debug_macro   0x00000000       0x58 COTS/MCAL/TIMER1_DRIVER/TIMER1_Program.o
 .debug_macro   0x00000000       0x10 COTS/MCAL/TIMER1_DRIVER/TIMER1_Program.o
 .debug_macro   0x00000000       0x97 COTS/MCAL/TIMER1_DRIVER/TIMER1_Program.o
 .debug_macro   0x00000000       0xf2 COTS/MCAL/TIMER1_DRIVER/TIMER1_Program.o
 .debug_macro   0x00000000       0x22 COTS/MCAL/TIMER1_DRIVER/TIMER1_Program.o
 .group         0x00000000        0x8 COTS/MCAL/USART_DRIVER/USART_Program.o
 .group         0x00000000        0x8 COTS/MCAL/USART_DRIVER/USART_Program.o
 .group         0x00000000        0x8 COTS/MCAL/USART_DRIVER/USART_Program.o
 .group         0x00000000        0x8 COTS/MCAL/USART_DRIVER/USART_Program.o
 .group         0x00000000        0x8 COTS/MCAL/USART_DRIVER/USART_Program.o
 .group         0x00000000        0x8 COTS/MCAL/USART_DRIVER/USART_Program.o
 .group         0x00000000        0x8 COTS/MCAL/USART_DRIVER/USART_Program.o
 .group         0x00000000        0x8 COTS/MCAL/USART_DRIVER/USART_Program.o
 .group         0x00000000        0x8 COTS/MCAL/USART_DRIVER/USART_Program.o
 .group         0x00000000        0x8 COTS/MCAL/USART_DRIVER/USART_Program.o
 .text          0x00000000        0x0 COTS/MCAL/USART_DRIVER/USART_Program.o
 .data          0x00000000        0x0 COTS/MCAL/USART_DRIVER/USART_Program.o
 .bss           0x00000000        0x0 COTS/MCAL/USART_DRIVER/USART_Program.o
 .text.MUSART_vTransmitString
                0x00000000       0x2c COTS/MCAL/USART_DRIVER/USART_Program.o
 .text.MUSART_RXC_INTEnable
                0x00000000        0x8 COTS/MCAL/USART_DRIVER/USART_Program.o
 .text.MUSART_RXC_INTDisable
                0x00000000        0x8 COTS/MCAL/USART_DRIVER/USART_Program.o
 .text.MUSART_TXC_INTEnable
                0x00000000        0x8 COTS/MCAL/USART_DRIVER/USART_Program.o
 .text.MUSART_TXC_INTDisable
                0x00000000        0x8 COTS/MCAL/USART_DRIVER/USART_Program.o
 .text.MUSART_UDRE_INTEnable
                0x00000000        0x8 COTS/MCAL/USART_DRIVER/USART_Program.o
 .text.MUSART_UDRE_INTDisable
                0x00000000        0x8 COTS/MCAL/USART_DRIVER/USART_Program.o
 .text.MUSART_vSetRXCCallBack
                0x00000000        0xe COTS/MCAL/USART_DRIVER/USART_Program.o
 .text.MUSART_vSetTXCCallBack
                0x00000000        0xe COTS/MCAL/USART_DRIVER/USART_Program.o
 .text.MUSART_vSetUDRECallBack
                0x00000000        0xe COTS/MCAL/USART_DRIVER/USART_Program.o
 .debug_macro   0x00000000      0xa4e COTS/MCAL/USART_DRIVER/USART_Program.o
 .debug_macro   0x00000000      0x1c9 COTS/MCAL/USART_DRIVER/USART_Program.o
 .debug_macro   0x00000000      0x2fc COTS/MCAL/USART_DRIVER/USART_Program.o
 .debug_macro   0x00000000       0x58 COTS/MCAL/USART_DRIVER/USART_Program.o
 .debug_macro   0x00000000       0x10 COTS/MCAL/USART_DRIVER/USART_Program.o
 .debug_macro   0x00000000       0x97 COTS/MCAL/USART_DRIVER/USART_Program.o
 .debug_macro   0x00000000       0xf2 COTS/MCAL/USART_DRIVER/USART_Program.o
 .debug_macro   0x00000000       0x22 COTS/MCAL/USART_DRIVER/USART_Program.o
 .text          0x00000000        0x0 d:/programs/atmel/studio/7.0/toolchain/avr8/avr8-gnu-toolchain/bin/../lib/gcc/avr/5.4.0/../../../../avr/lib/avr5\libm.a(fixunssfsi.o)
 .data          0x00000000        0x0 d:/programs/atmel/studio/7.0/toolchain/avr8/avr8-gnu-toolchain/bin/../lib/gcc/avr/5.4.0/../../../../avr/lib/avr5\libm.a(fixunssfsi.o)
 .bss           0x00000000        0x0 d:/programs/atmel/studio/7.0/toolchain/avr8/avr8-gnu-toolchain/bin/../lib/gcc/avr/5.4.0/../../../../avr/lib/avr5\libm.a(fixunssfsi.o)
 .text.avr-libc.fplib
                0x00000000       0x5e d:/programs/atmel/studio/7.0/toolchain/avr8/avr8-gnu-toolchain/bin/../lib/gcc/avr/5.4.0/../../../../avr/lib/avr5\libm.a(fixunssfsi.o)
 .text          0x00000000        0x0 d:/programs/atmel/studio/7.0/toolchain/avr8/avr8-gnu-toolchain/bin/../lib/gcc/avr/5.4.0/../../../../avr/lib/avr5\libm.a(floatsisf.o)
 .data          0x00000000        0x0 d:/programs/atmel/studio/7.0/toolchain/avr8/avr8-gnu-toolchain/bin/../lib/gcc/avr/5.4.0/../../../../avr/lib/avr5\libm.a(floatsisf.o)
 .bss           0x00000000        0x0 d:/programs/atmel/studio/7.0/toolchain/avr8/avr8-gnu-toolchain/bin/../lib/gcc/avr/5.4.0/../../../../avr/lib/avr5\libm.a(floatsisf.o)
 .text.avr-libc.fplib
                0x00000000       0x7a d:/programs/atmel/studio/7.0/toolchain/avr8/avr8-gnu-toolchain/bin/../lib/gcc/avr/5.4.0/../../../../avr/lib/avr5\libm.a(floatsisf.o)
 .text          0x00000000        0x0 d:/programs/atmel/studio/7.0/toolchain/avr8/avr8-gnu-toolchain/bin/../lib/gcc/avr/5.4.0/../../../../avr/lib/avr5\libm.a(fp_split3.o)
 .data          0x00000000        0x0 d:/programs/atmel/studio/7.0/toolchain/avr8/avr8-gnu-toolchain/bin/../lib/gcc/avr/5.4.0/../../../../avr/lib/avr5\libm.a(fp_split3.o)
 .bss           0x00000000        0x0 d:/programs/atmel/studio/7.0/toolchain/avr8/avr8-gnu-toolchain/bin/../lib/gcc/avr/5.4.0/../../../../avr/lib/avr5\libm.a(fp_split3.o)
 .text.avr-libc.fplib
                0x00000000       0x44 d:/programs/atmel/studio/7.0/toolchain/avr8/avr8-gnu-toolchain/bin/../lib/gcc/avr/5.4.0/../../../../avr/lib/avr5\libm.a(fp_split3.o)
 .text          0x00000000        0x0 d:/programs/atmel/studio/7.0/toolchain/avr8/avr8-gnu-toolchain/bin/../lib/gcc/avr/5.4.0/../../../../avr/lib/avr5\libm.a(fp_zero.o)
 .data          0x00000000        0x0 d:/programs/atmel/studio/7.0/toolchain/avr8/avr8-gnu-toolchain/bin/../lib/gcc/avr/5.4.0/../../../../avr/lib/avr5\libm.a(fp_zero.o)
 .bss           0x00000000        0x0 d:/programs/atmel/studio/7.0/toolchain/avr8/avr8-gnu-toolchain/bin/../lib/gcc/avr/5.4.0/../../../../avr/lib/avr5\libm.a(fp_zero.o)
 .text.avr-libc.fplib
                0x00000000        0xe d:/programs/atmel/studio/7.0/toolchain/avr8/avr8-gnu-toolchain/bin/../lib/gcc/avr/5.4.0/../../../../avr/lib/avr5\libm.a(fp_zero.o)
 .text          0x00000000        0x0 d:/programs/atmel/studio/7.0/toolchain/avr8/avr8-gnu-toolchain/bin/../lib/gcc/avr/5.4.0/avr5\libgcc.a(_divmodhi4.o)
 .data          0x00000000        0x0 d:/programs/atmel/studio/7.0/toolchain/avr8/avr8-gnu-toolchain/bin/../lib/gcc/avr/5.4.0/avr5\libgcc.a(_divmodhi4.o)
 .bss           0x00000000        0x0 d:/programs/atmel/studio/7.0/toolchain/avr8/avr8-gnu-toolchain/bin/../lib/gcc/avr/5.4.0/avr5\libgcc.a(_divmodhi4.o)
 .text.libgcc.mul
                0x00000000        0x0 d:/programs/atmel/studio/7.0/toolchain/avr8/avr8-gnu-toolchain/bin/../lib/gcc/avr/5.4.0/avr5\libgcc.a(_divmodhi4.o)
 .text.libgcc   0x00000000        0x0 d:/programs/atmel/studio/7.0/toolchain/avr8/avr8-gnu-toolchain/bin/../lib/gcc/avr/5.4.0/avr5\libgcc.a(_divmodhi4.o)
 .text.libgcc.prologue
                0x00000000        0x0 d:/programs/atmel/studio/7.0/toolchain/avr8/avr8-gnu-toolchain/bin/../lib/gcc/avr/5.4.0/avr5\libgcc.a(_divmodhi4.o)
 .text.libgcc.builtins
                0x00000000        0x0 d:/programs/atmel/studio/7.0/toolchain/avr8/avr8-gnu-toolchain/bin/../lib/gcc/avr/5.4.0/avr5\libgcc.a(_divmodhi4.o)
 .text.libgcc.fmul
                0x00000000        0x0 d:/programs/atmel/studio/7.0/toolchain/avr8/avr8-gnu-toolchain/bin/../lib/gcc/avr/5.4.0/avr5\libgcc.a(_divmodhi4.o)
 .text.libgcc.fixed
                0x00000000        0x0 d:/programs/atmel/studio/7.0/toolchain/avr8/avr8-gnu-toolchain/bin/../lib/gcc/avr/5.4.0/avr5\libgcc.a(_divmodhi4.o)
 .text          0x00000000        0x0 d:/programs/atmel/studio/7.0/toolchain/avr8/avr8-gnu-toolchain/bin/../lib/gcc/avr/5.4.0/avr5\libgcc.a(_udivmodsi4.o)
 .data          0x00000000        0x0 d:/programs/atmel/studio/7.0/toolchain/avr8/avr8-gnu-toolchain/bin/../lib/gcc/avr/5.4.0/avr5\libgcc.a(_udivmodsi4.o)
 .bss           0x00000000        0x0 d:/programs/atmel/studio/7.0/toolchain/avr8/avr8-gnu-toolchain/bin/../lib/gcc/avr/5.4.0/avr5\libgcc.a(_udivmodsi4.o)
 .text.libgcc.mul
                0x00000000        0x0 d:/programs/atmel/studio/7.0/toolchain/avr8/avr8-gnu-toolchain/bin/../lib/gcc/avr/5.4.0/avr5\libgcc.a(_udivmodsi4.o)
 .text.libgcc.div
                0x00000000       0x44 d:/programs/atmel/studio/7.0/toolchain/avr8/avr8-gnu-toolchain/bin/../lib/gcc/avr/5.4.0/avr5\libgcc.a(_udivmodsi4.o)
 .text.libgcc   0x00000000        0x0 d:/programs/atmel/studio/7.0/toolchain/avr8/avr8-gnu-toolchain/bin/../lib/gcc/avr/5.4.0/avr5\libgcc.a(_udivmodsi4.o)
 .text.libgcc.prologue
                0x00000000        0x0 d:/programs/atmel/studio/7.0/toolchain/avr8/avr8-gnu-toolchain/bin/../lib/gcc/avr/5.4.0/avr5\libgcc.a(_udivmodsi4.o)
 .text.libgcc.builtins
                0x00000000        0x0 d:/programs/atmel/studio/7.0/toolchain/avr8/avr8-gnu-toolchain/bin/../lib/gcc/avr/5.4.0/avr5\libgcc.a(_udivmodsi4.o)
 .text.libgcc.fmul
                0x00000000        0x0 d:/programs/atmel/studio/7.0/toolchain/avr8/avr8-gnu-toolchain/bin/../lib/gcc/avr/5.4.0/avr5\libgcc.a(_udivmodsi4.o)
 .text.libgcc.fixed
                0x00000000        0x0 d:/programs/atmel/studio/7.0/toolchain/avr8/avr8-gnu-toolchain/bin/../lib/gcc/avr/5.4.0/avr5\libgcc.a(_udivmodsi4.o)
 .text          0x00000000        0x0 d:/programs/atmel/studio/7.0/toolchain/avr8/avr8-gnu-toolchain/bin/../lib/gcc/avr/5.4.0/avr5\libgcc.a(_exit.o)
 .data          0x00000000        0x0 d:/programs/atmel/studio/7.0/toolchain/avr8/avr8-gnu-toolchain/bin/../lib/gcc/avr/5.4.0/avr5\libgcc.a(_exit.o)
 .bss           0x00000000        0x0 d:/programs/atmel/studio/7.0/toolchain/avr8/avr8-gnu-toolchain/bin/../lib/gcc/avr/5.4.0/avr5\libgcc.a(_exit.o)
 .text.libgcc.mul
                0x00000000        0x0 d:/programs/atmel/studio/7.0/toolchain/avr8/avr8-gnu-toolchain/bin/../lib/gcc/avr/5.4.0/avr5\libgcc.a(_exit.o)
 .text.libgcc.div
                0x00000000        0x0 d:/programs/atmel/studio/7.0/toolchain/avr8/avr8-gnu-toolchain/bin/../lib/gcc/avr/5.4.0/avr5\libgcc.a(_exit.o)
 .text.libgcc   0x00000000        0x0 d:/programs/atmel/studio/7.0/toolchain/avr8/avr8-gnu-toolchain/bin/../lib/gcc/avr/5.4.0/avr5\libgcc.a(_exit.o)
 .text.libgcc.prologue
                0x00000000        0x0 d:/programs/atmel/studio/7.0/toolchain/avr8/avr8-gnu-toolchain/bin/../lib/gcc/avr/5.4.0/avr5\libgcc.a(_exit.o)
 .text.libgcc.builtins
                0x00000000        0x0 d:/programs/atmel/studio/7.0/toolchain/avr8/avr8-gnu-toolchain/bin/../lib/gcc/avr/5.4.0/avr5\libgcc.a(_exit.o)
 .text.libgcc.fmul
                0x00000000        0x0 d:/programs/atmel/studio/7.0/toolchain/avr8/avr8-gnu-toolchain/bin/../lib/gcc/avr/5.4.0/avr5\libgcc.a(_exit.o)
 .text.libgcc.fixed
                0x00000000        0x0 d:/programs/atmel/studio/7.0/toolchain/avr8/avr8-gnu-toolchain/bin/../lib/gcc/avr/5.4.0/avr5\libgcc.a(_exit.o)
 .text          0x00000000        0x0 d:/programs/atmel/studio/7.0/toolchain/avr8/avr8-gnu-toolchain/bin/../lib/gcc/avr/5.4.0/avr5\libgcc.a(_clear_bss.o)
 .data          0x00000000        0x0 d:/programs/atmel/studio/7.0/toolchain/avr8/avr8-gnu-toolchain/bin/../lib/gcc/avr/5.4.0/avr5\libgcc.a(_clear_bss.o)
 .bss           0x00000000        0x0 d:/programs/atmel/studio/7.0/toolchain/avr8/avr8-gnu-toolchain/bin/../lib/gcc/avr/5.4.0/avr5\libgcc.a(_clear_bss.o)
 .text.libgcc.mul
                0x00000000        0x0 d:/programs/atmel/studio/7.0/toolchain/avr8/avr8-gnu-toolchain/bin/../lib/gcc/avr/5.4.0/avr5\libgcc.a(_clear_bss.o)
 .text.libgcc.div
                0x00000000        0x0 d:/programs/atmel/studio/7.0/toolchain/avr8/avr8-gnu-toolchain/bin/../lib/gcc/avr/5.4.0/avr5\libgcc.a(_clear_bss.o)
 .text.libgcc   0x00000000        0x0 d:/programs/atmel/studio/7.0/toolchain/avr8/avr8-gnu-toolchain/bin/../lib/gcc/avr/5.4.0/avr5\libgcc.a(_clear_bss.o)
 .text.libgcc.prologue
                0x00000000        0x0 d:/programs/atmel/studio/7.0/toolchain/avr8/avr8-gnu-toolchain/bin/../lib/gcc/avr/5.4.0/avr5\libgcc.a(_clear_bss.o)
 .text.libgcc.builtins
                0x00000000        0x0 d:/programs/atmel/studio/7.0/toolchain/avr8/avr8-gnu-toolchain/bin/../lib/gcc/avr/5.4.0/avr5\libgcc.a(_clear_bss.o)
 .text.libgcc.fmul
                0x00000000        0x0 d:/programs/atmel/studio/7.0/toolchain/avr8/avr8-gnu-toolchain/bin/../lib/gcc/avr/5.4.0/avr5\libgcc.a(_clear_bss.o)
 .text.libgcc.fixed
                0x00000000        0x0 d:/programs/atmel/studio/7.0/toolchain/avr8/avr8-gnu-toolchain/bin/../lib/gcc/avr/5.4.0/avr5\libgcc.a(_clear_bss.o)
 .text          0x00000000        0x0 d:/programs/atmel/studio/7.0/toolchain/avr8/avr8-gnu-toolchain/bin/../lib/gcc/avr/5.4.0/avr5\libgcc.a(_udivmodhi4.o)
 .data          0x00000000        0x0 d:/programs/atmel/studio/7.0/toolchain/avr8/avr8-gnu-toolchain/bin/../lib/gcc/avr/5.4.0/avr5\libgcc.a(_udivmodhi4.o)
 .bss           0x00000000        0x0 d:/programs/atmel/studio/7.0/toolchain/avr8/avr8-gnu-toolchain/bin/../lib/gcc/avr/5.4.0/avr5\libgcc.a(_udivmodhi4.o)
 .text.libgcc.mul
                0x00000000        0x0 d:/programs/atmel/studio/7.0/toolchain/avr8/avr8-gnu-toolchain/bin/../lib/gcc/avr/5.4.0/avr5\libgcc.a(_udivmodhi4.o)
 .text.libgcc   0x00000000        0x0 d:/programs/atmel/studio/7.0/toolchain/avr8/avr8-gnu-toolchain/bin/../lib/gcc/avr/5.4.0/avr5\libgcc.a(_udivmodhi4.o)
 .text.libgcc.prologue
                0x00000000        0x0 d:/programs/atmel/studio/7.0/toolchain/avr8/avr8-gnu-toolchain/bin/../lib/gcc/avr/5.4.0/avr5\libgcc.a(_udivmodhi4.o)
 .text.libgcc.builtins
                0x00000000        0x0 d:/programs/atmel/studio/7.0/toolchain/avr8/avr8-gnu-toolchain/bin/../lib/gcc/avr/5.4.0/avr5\libgcc.a(_udivmodhi4.o)
 .text.libgcc.fmul
                0x00000000        0x0 d:/programs/atmel/studio/7.0/toolchain/avr8/avr8-gnu-toolchain/bin/../lib/gcc/avr/5.4.0/avr5\libgcc.a(_udivmodhi4.o)
 .text.libgcc.fixed
                0x00000000        0x0 d:/programs/atmel/studio/7.0/toolchain/avr8/avr8-gnu-toolchain/bin/../lib/gcc/avr/5.4.0/avr5\libgcc.a(_udivmodhi4.o)

Memory Configuration

Name             Origin             Length             Attributes
text             0x00000000         0x00008000         xr
data             0x00800060         0x00000800         rw !x
eeprom           0x00810000         0x00000400         rw !x
fuse             0x00820000         0x00000002         rw !x
lock             0x00830000         0x00000400         rw !x
signature        0x00840000         0x00000400         rw !x
user_signatures  0x00850000         0x00000400         rw !x
*default*        0x00000000         0xffffffff

Linker script and memory map

LOAD D:/Programs/Atmel/Studio/7.0/Packs/atmel/ATmega_DFP/1.7.374/gcc/dev/atmega32/avr5/crtatmega32.o
LOAD COTS/APP/Slave_main.o
LOAD COTS/HAL/BUZZER_DRIVER/Buzzer_Program.o
LOAD COTS/HAL/DCMotor_DRIVER/DCMotor_Program.o
LOAD COTS/HAL/LCD_DRIVER/LCD_Program.o
LOAD COTS/MCAL/DIO_DRIVER/DIO_Program.o
LOAD COTS/MCAL/EEPROM_DRIVER/EEPROM_Program.o
LOAD COTS/MCAL/GIE_DRIVER/GIE_Program.o
LOAD COTS/MCAL/I2C_DRIVER/I2C_Program.o
LOAD COTS/MCAL/TIMER0_DRIVER/TIMER0_Program.o
LOAD COTS/MCAL/TIMER1_DRIVER/TIMER1_Program.o
LOAD COTS/MCAL/USART_DRIVER/USART_Program.o
START GROUP
LOAD d:/programs/atmel/studio/7.0/toolchain/avr8/avr8-gnu-toolchain/bin/../lib/gcc/avr/5.4.0/../../../../avr/lib/avr5\libm.a
END GROUP
START GROUP
LOAD d:/programs/atmel/studio/7.0/toolchain/avr8/avr8-gnu-toolchain/bin/../lib/gcc/avr/5.4.0/avr5\libgcc.a
LOAD d:/programs/atmel/studio/7.0/toolchain/avr8/avr8-gnu-toolchain/bin/../lib/gcc/avr/5.4.0/../../../../avr/lib/avr5\libm.a
LOAD d:/programs/atmel/studio/7.0/toolchain/avr8/avr8-gnu-toolchain/bin/../lib/gcc/avr/5.4.0/../../../../avr/lib/avr5\libc.a
LOAD D:/Programs/Atmel/Studio/7.0/Packs/atmel/ATmega_DFP/1.7.374/gcc/dev/atmega32/avr5\libatmega32.a
END GROUP
                0x00000000                __TEXT_REGION_ORIGIN__ = DEFINED (__TEXT_REGION_ORIGIN__)?__TEXT_REGION_ORIGIN__:0x0
                [0x00800060]                __DATA_REGION_ORIGIN__ = DEFINED (__DATA_REGION_ORIGIN__)?__DATA_REGION_ORIGIN__:0x800060
                [0x00008000]                __TEXT_REGION_LENGTH__ = DEFINED (__TEXT_REGION_LENGTH__)?__TEXT_REGION_LENGTH__:0x20000
                [0x00000800]                __DATA_REGION_LENGTH__ = DEFINED (__DATA_REGION_LENGTH__)?__DATA_REGION_LENGTH__:0xffa0
                [0x00000400]                __EEPROM_REGION_LENGTH__ = DEFINED (__EEPROM_REGION_LENGTH__)?__EEPROM_REGION_LENGTH__:0x10000
                [0x00000002]                __FUSE_REGION_LENGTH__ = DEFINED (__FUSE_REGION_LENGTH__)?__FUSE_REGION_LENGTH__:0x400
                0x00000400                __LOCK_REGION_LENGTH__ = DEFINED (__LOCK_REGION_LENGTH__)?__LOCK_REGION_LENGTH__:0x400
                0x00000400                __SIGNATURE_REGION_LENGTH__ = DEFINED (__SIGNATURE_REGION_LENGTH__)?__SIGNATURE_REGION_LENGTH__:0x400
                0x00000400                __USER_SIGNATURE_REGION_LENGTH__ = DEFINED (__USER_SIGNATURE_REGION_LENGTH__)?__USER_SIGNATURE_REGION_LENGTH__:0x400

.hash
 *(.hash)

.dynsym
 *(.dynsym)

.dynstr
 *(.dynstr)

.gnu.version
 *(.gnu.version)

.gnu.version_d
 *(.gnu.version_d)

.gnu.version_r
 *(.gnu.version_r)

.rel.init
 *(.rel.init)

.rela.init
 *(.rela.init)

.rel.text
 *(.rel.text)
 *(.rel.text.*)
 *(.rel.gnu.linkonce.t*)

.rela.text
 *(.rela.text)
 *(.rela.text.*)
 *(.rela.gnu.linkonce.t*)

.rel.fini
 *(.rel.fini)

.rela.fini
 *(.rela.fini)

.rel.rodata
 *(.rel.rodata)
 *(.rel.rodata.*)
 *(.rel.gnu.linkonce.r*)

.rela.rodata
 *(.rela.rodata)
 *(.rela.rodata.*)
 *(.rela.gnu.linkonce.r*)

.rel.data
 *(.rel.data)
 *(.rel.data.*)
 *(.rel.gnu.linkonce.d*)

.rela.data
 *(.rela.data)
 *(.rela.data.*)
 *(.rela.gnu.linkonce.d*)

.rel.ctors
 *(.rel.ctors)

.rela.ctors
 *(.rela.ctors)

.rel.dtors
 *(.rel.dtors)

.rela.dtors
 *(.rela.dtors)

.rel.got
 *(.rel.got)

.rela.got
 *(.rela.got)

.rel.bss
 *(.rel.bss)

.rela.bss
 *(.rela.bss)

.rel.plt
 *(.rel.plt)

.rela.plt
 *(.rela.plt)

.text           0x00000000      0xa96
 *(.vectors)
 .vectors       0x00000000       0x54 D:/Programs/Atmel/Studio/7.0/Packs/atmel/ATmega_DFP/1.7.374/gcc/dev/atmega32/avr5/crtatmega32.o
                0x00000000                __vector_default
                0x00000000                __vectors
 *(.vectors)
 *(.progmem.gcc*)
                0x00000054                . = ALIGN (0x2)
                0x00000054                __trampolines_start = .
 *(.trampolines)
 .trampolines   0x00000054        0x0 linker stubs
 *(.trampolines*)
                0x00000054                __trampolines_end = .
 *libprintf_flt.a:*(.progmem.data)
 *libc.a:*(.progmem.data)
 *(.progmem*)
                0x00000054                . = ALIGN (0x2)
 *(.jumptables)
 *(.jumptables*)
 *(.lowtext)
 *(.lowtext*)
                0x00000054                __ctors_start = .
 *(.ctors)
                0x00000054                __ctors_end = .
                0x00000054                __dtors_start = .
 *(.dtors)
                0x00000054                __dtors_end = .
 SORT(*)(.ctors)
 SORT(*)(.dtors)
 *(.init0)
 .init0         0x00000054        0x0 D:/Programs/Atmel/Studio/7.0/Packs/atmel/ATmega_DFP/1.7.374/gcc/dev/atmega32/avr5/crtatmega32.o
                0x00000054                __init
 *(.init0)
 *(.init1)
 *(.init1)
 *(.init2)
 .init2         0x00000054        0xc D:/Programs/Atmel/Studio/7.0/Packs/atmel/ATmega_DFP/1.7.374/gcc/dev/atmega32/avr5/crtatmega32.o
 *(.init2)
 *(.init3)
 *(.init3)
 *(.init4)
 .init4         0x00000060       0x10 d:/programs/atmel/studio/7.0/toolchain/avr8/avr8-gnu-toolchain/bin/../lib/gcc/avr/5.4.0/avr5\libgcc.a(_clear_bss.o)
                0x00000060                __do_clear_bss
 *(.init4)
 *(.init5)
 *(.init5)
 *(.init6)
 *(.init6)
 *(.init7)
 *(.init7)
 *(.init8)
 *(.init8)
 *(.init9)
 .init9         0x00000070        0x8 D:/Programs/Atmel/Studio/7.0/Packs/atmel/ATmega_DFP/1.7.374/gcc/dev/atmega32/avr5/crtatmega32.o
 *(.init9)
 *(.text)
 .text          0x00000078        0x4 D:/Programs/Atmel/Studio/7.0/Packs/atmel/ATmega_DFP/1.7.374/gcc/dev/atmega32/avr5/crtatmega32.o
                0x00000078                __vector_1
                0x00000078                __vector_12
                0x00000078                __bad_interrupt
                0x00000078                __vector_3
                0x00000078                __vector_5
                0x00000078                __vector_4
                0x00000078                __vector_2
                0x00000078                __vector_16
                0x00000078                __vector_18
                0x00000078                __vector_20
                0x0000007c                . = ALIGN (0x2)
 *(.text.*)
 .text.main     0x0000007c      0x246 COTS/APP/Slave_main.o
                0x0000007c                main
 .text.HDCMotor_vInit
                0x000002c2       0x74 COTS/HAL/DCMotor_DRIVER/DCMotor_Program.o
                0x000002c2                HDCMotor_vInit
 .text.HDCMotor_RotateDirection_Speed
                0x00000336       0xa0 COTS/HAL/DCMotor_DRIVER/DCMotor_Program.o
                0x00000336                HDCMotor_RotateDirection_Speed
 .text.MDIO_vSetPinDirection
                0x000003d6       0xe0 COTS/MCAL/DIO_DRIVER/DIO_Program.o
                0x000003d6                MDIO_vSetPinDirection
 .text.MDIO_vSetPinValue
                0x000004b6       0xe0 COTS/MCAL/DIO_DRIVER/DIO_Program.o
                0x000004b6                MDIO_vSetPinValue
 .text.MEEPROM_vWriteByte
                0x00000596       0x16 COTS/MCAL/EEPROM_DRIVER/EEPROM_Program.o
                0x00000596                MEEPROM_vWriteByte
 .text.MEEPROM_u8ReadByte
                0x000005ac       0x10 COTS/MCAL/EEPROM_DRIVER/EEPROM_Program.o
                0x000005ac                MEEPROM_u8ReadByte
 .text.__vector_17
                0x000005bc       0x52 COTS/MCAL/EEPROM_DRIVER/EEPROM_Program.o
                0x000005bc                __vector_17
 .text.__vector_19
                0x0000060e       0x52 COTS/MCAL/I2C_DRIVER/I2C_Program.o
                0x0000060e                __vector_19
 .text.MTIMER0_vInit
                0x00000660       0x2c COTS/MCAL/TIMER0_DRIVER/TIMER0_Program.o
                0x00000660                MTIMER0_vInit
 .text.MTIMER0_vSetCTCRegister
                0x0000068c        0x4 COTS/MCAL/TIMER0_DRIVER/TIMER0_Program.o
                0x0000068c                MTIMER0_vSetCTCRegister
 .text.MTIMER0_vClearCTCRegister
                0x00000690        0x4 COTS/MCAL/TIMER0_DRIVER/TIMER0_Program.o
                0x00000690                MTIMER0_vClearCTCRegister
 .text.MTIMER0_vClearOVFFlag
                0x00000694        0x8 COTS/MCAL/TIMER0_DRIVER/TIMER0_Program.o
                0x00000694                MTIMER0_vClearOVFFlag
 .text.MTIMER0_vClearCTCFlag
                0x0000069c        0x8 COTS/MCAL/TIMER0_DRIVER/TIMER0_Program.o
                0x0000069c                MTIMER0_vClearCTCFlag
 .text.__vector_11
                0x000006a4       0x56 COTS/MCAL/TIMER0_DRIVER/TIMER0_Program.o
                0x000006a4                __vector_11
 .text.__vector_10
                0x000006fa       0x56 COTS/MCAL/TIMER0_DRIVER/TIMER0_Program.o
                0x000006fa                __vector_10
 .text.MTIMER1_vClearOVFFlag
                0x00000750        0x8 COTS/MCAL/TIMER1_DRIVER/TIMER1_Program.o
                0x00000750                MTIMER1_vClearOVFFlag
 .text.MTIMER1_vChannelAClearCTCFlag
                0x00000758        0x8 COTS/MCAL/TIMER1_DRIVER/TIMER1_Program.o
                0x00000758                MTIMER1_vChannelAClearCTCFlag
 .text.MTIMER1_vChannelBClearCTCFlag
                0x00000760        0x8 COTS/MCAL/TIMER1_DRIVER/TIMER1_Program.o
                0x00000760                MTIMER1_vChannelBClearCTCFlag
 .text.MTIMER1_vClearInputCaptureFlag
                0x00000768        0x8 COTS/MCAL/TIMER1_DRIVER/TIMER1_Program.o
                0x00000768                MTIMER1_vClearInputCaptureFlag
 .text.__vector_6
                0x00000770       0x56 COTS/MCAL/TIMER1_DRIVER/TIMER1_Program.o
                0x00000770                __vector_6
 .text.__vector_7
                0x000007c6       0x56 COTS/MCAL/TIMER1_DRIVER/TIMER1_Program.o
                0x000007c6                __vector_7
 .text.__vector_8
                0x0000081c       0x56 COTS/MCAL/TIMER1_DRIVER/TIMER1_Program.o
                0x0000081c                __vector_8
 .text.__vector_9
                0x00000872       0x56 COTS/MCAL/TIMER1_DRIVER/TIMER1_Program.o
                0x00000872                __vector_9
 .text.MUSART_vInit
                0x000008c8       0x1c COTS/MCAL/USART_DRIVER/USART_Program.o
                0x000008c8                MUSART_vInit
 .text.MUSART_vTransmit
                0x000008e4        0x8 COTS/MCAL/USART_DRIVER/USART_Program.o
                0x000008e4                MUSART_vTransmit
 .text.MUSART_u8Receive
                0x000008ec       0x20 COTS/MCAL/USART_DRIVER/USART_Program.o
                0x000008ec                MUSART_u8Receive
 .text.MUSART_u8UnreadDate
                0x0000090c        0xa COTS/MCAL/USART_DRIVER/USART_Program.o
                0x0000090c                MUSART_u8UnreadDate
 .text.MUSART_vRecieveString
                0x00000916       0x36 COTS/MCAL/USART_DRIVER/USART_Program.o
                0x00000916                MUSART_vRecieveString
 .text.__vector_13
                0x0000094c       0x52 COTS/MCAL/USART_DRIVER/USART_Program.o
                0x0000094c                __vector_13
 .text.__vector_14
                0x0000099e       0x52 COTS/MCAL/USART_DRIVER/USART_Program.o
                0x0000099e                __vector_14
 .text.__vector_15
                0x000009f0       0x52 COTS/MCAL/USART_DRIVER/USART_Program.o
                0x000009f0                __vector_15
 .text.libgcc.div
                0x00000a42       0x28 d:/programs/atmel/studio/7.0/toolchain/avr8/avr8-gnu-toolchain/bin/../lib/gcc/avr/5.4.0/avr5\libgcc.a(_divmodhi4.o)
                0x00000a42                _div
                0x00000a42                __divmodhi4
 .text.libgcc.div
                0x00000a6a       0x28 d:/programs/atmel/studio/7.0/toolchain/avr8/avr8-gnu-toolchain/bin/../lib/gcc/avr/5.4.0/avr5\libgcc.a(_udivmodhi4.o)
                0x00000a6a                __udivmodhi4
                0x00000a92                . = ALIGN (0x2)
 *(.fini9)
 .fini9         0x00000a92        0x0 d:/programs/atmel/studio/7.0/toolchain/avr8/avr8-gnu-toolchain/bin/../lib/gcc/avr/5.4.0/avr5\libgcc.a(_exit.o)
                0x00000a92                _exit
                0x00000a92                exit
 *(.fini9)
 *(.fini8)
 *(.fini8)
 *(.fini7)
 *(.fini7)
 *(.fini6)
 *(.fini6)
 *(.fini5)
 *(.fini5)
 *(.fini4)
 *(.fini4)
 *(.fini3)
 *(.fini3)
 *(.fini2)
 *(.fini2)
 *(.fini1)
 *(.fini1)
 *(.fini0)
 .fini0         0x00000a92        0x4 d:/programs/atmel/studio/7.0/toolchain/avr8/avr8-gnu-toolchain/bin/../lib/gcc/avr/5.4.0/avr5\libgcc.a(_exit.o)
 *(.fini0)
                0x00000a96                _etext = .

.data           0x00800060        0x0 load address 0x00000a96
                [!provide]                PROVIDE (__data_start, .)
 *(.data)
 *(.data*)
 *(.gnu.linkonce.d*)
 *(.rodata)
 *(.rodata*)
 *(.gnu.linkonce.r*)
                0x00800060                . = ALIGN (0x2)
                0x00800060                _edata = .
                [!provide]                PROVIDE (__data_end, .)

.bss            0x00800060       0x17
                0x00800060                PROVIDE (__bss_start, .)
 *(.bss)
 *(.bss*)
 .bss.local_u8ErrorCounter.2305
                0x00800060        0x1 COTS/APP/Slave_main.o
 .bss.EEPROM_Call_Back
                0x00800061        0x2 COTS/MCAL/EEPROM_DRIVER/EEPROM_Program.o
                0x00800061                EEPROM_Call_Back
 .bss.ptr_to_I2CINT
                0x00800063        0x2 COTS/MCAL/I2C_DRIVER/I2C_Program.o
 .bss.TIMER0_OVF_Call_Back
                0x00800065        0x2 COTS/MCAL/TIMER0_DRIVER/TIMER0_Program.o
                0x00800065                TIMER0_OVF_Call_Back
 .bss.TIMER0_CTC_Call_Back
                0x00800067        0x2 COTS/MCAL/TIMER0_DRIVER/TIMER0_Program.o
                0x00800067                TIMER0_CTC_Call_Back
 .bss.TIMER1_ICU_Call_Back
                0x00800069        0x2 COTS/MCAL/TIMER1_DRIVER/TIMER1_Program.o
                0x00800069                TIMER1_ICU_Call_Back
 .bss.TIMER1B_CTC_Call_Back
                0x0080006b        0x2 COTS/MCAL/TIMER1_DRIVER/TIMER1_Program.o
                0x0080006b                TIMER1B_CTC_Call_Back
 .bss.TIMER1_OVF_Call_Back
                0x0080006d        0x2 COTS/MCAL/TIMER1_DRIVER/TIMER1_Program.o
                0x0080006d                TIMER1_OVF_Call_Back
 .bss.TIMER1A_CTC_Call_Back
                0x0080006f        0x2 COTS/MCAL/TIMER1_DRIVER/TIMER1_Program.o
                0x0080006f                TIMER1A_CTC_Call_Back
 .bss.USART_UDRE_Call_Back
                0x00800071        0x2 COTS/MCAL/USART_DRIVER/USART_Program.o
                0x00800071                USART_UDRE_Call_Back
 .bss.USART_TXC_Call_Back
                0x00800073        0x2 COTS/MCAL/USART_DRIVER/USART_Program.o
                0x00800073                USART_TXC_Call_Back
 .bss.USART_RXC_Call_Back
                0x00800075        0x2 COTS/MCAL/USART_DRIVER/USART_Program.o
                0x00800075                USART_RXC_Call_Back
 *(COMMON)
                0x00800077                PROVIDE (__bss_end, .)
                0x00000a96                __data_load_start = LOADADDR (.data)
                0x00000a96                __data_load_end = (__data_load_start + SIZEOF (.data))

.noinit         0x00800077        0x0
                [!provide]                PROVIDE (__noinit_start, .)
 *(.noinit*)
                [!provide]                PROVIDE (__noinit_end, .)
                0x00800077                _end = .
                [!provide]                PROVIDE (__heap_start, .)

.eeprom         0x00810000        0x0
 *(.eeprom*)
                0x00810000                __eeprom_end = .

.fuse
 *(.fuse)
 *(.lfuse)
 *(.hfuse)
 *(.efuse)

.lock
 *(.lock*)

.signature
 *(.signature*)

.user_signatures
 *(.user_signatures*)

.stab
 *(.stab)

.stabstr
 *(.stabstr)

.stab.excl
 *(.stab.excl)

.stab.exclstr
 *(.stab.exclstr)

.stab.index
 *(.stab.index)

.stab.indexstr
 *(.stab.indexstr)

.comment        0x00000000       0x30
 *(.comment)
 .comment       0x00000000       0x30 COTS/APP/Slave_main.o
                                 0x31 (size before relaxing)
 .comment       0x00000030       0x31 COTS/HAL/DCMotor_DRIVER/DCMotor_Program.o
 .comment       0x00000030       0x31 COTS/MCAL/DIO_DRIVER/DIO_Program.o
 .comment       0x00000030       0x31 COTS/MCAL/EEPROM_DRIVER/EEPROM_Program.o
 .comment       0x00000030       0x31 COTS/MCAL/I2C_DRIVER/I2C_Program.o
 .comment       0x00000030       0x31 COTS/MCAL/TIMER0_DRIVER/TIMER0_Program.o
 .comment       0x00000030       0x31 COTS/MCAL/TIMER1_DRIVER/TIMER1_Program.o
 .comment       0x00000030       0x31 COTS/MCAL/USART_DRIVER/USART_Program.o

.note.gnu.avr.deviceinfo
                0x00000000       0x3c
 .note.gnu.avr.deviceinfo
                0x00000000       0x3c D:/Programs/Atmel/Studio/7.0/Packs/atmel/ATmega_DFP/1.7.374/gcc/dev/atmega32/avr5/crtatmega32.o

.note.gnu.build-id
 *(.note.gnu.build-id)

.debug
 *(.debug)

.line
 *(.line)

.debug_srcinfo
 *(.debug_srcinfo)

.debug_sfnames
 *(.debug_sfnames)

.debug_aranges  0x00000000      0x3c8
 *(.debug_aranges)
 .debug_aranges
                0x00000000       0x20 COTS/APP/Slave_main.o
 .debug_aranges
                0x00000020       0x28 COTS/HAL/DCMotor_DRIVER/DCMotor_Program.o
 .debug_aranges
                0x00000048       0x50 COTS/MCAL/DIO_DRIVER/DIO_Program.o
 .debug_aranges
                0x00000098       0x50 COTS/MCAL/EEPROM_DRIVER/EEPROM_Program.o
 .debug_aranges
                0x000000e8       0x98 COTS/MCAL/I2C_DRIVER/I2C_Program.o
 .debug_aranges
                0x00000180       0x98 COTS/MCAL/TIMER0_DRIVER/TIMER0_Program.o
 .debug_aranges
                0x00000218      0x108 COTS/MCAL/TIMER1_DRIVER/TIMER1_Program.o
 .debug_aranges
                0x00000320       0xa8 COTS/MCAL/USART_DRIVER/USART_Program.o

.debug_pubnames
 *(.debug_pubnames)

.debug_info     0x00000000     0x21aa
 *(.debug_info .gnu.linkonce.wi.*)
 .debug_info    0x00000000      0x4e6 D:/Programs/Atmel/Studio/7.0/Packs/atmel/ATmega_DFP/1.7.374/gcc/dev/atmega32/avr5/crtatmega32.o
 .debug_info    0x000004e6      0x664 COTS/APP/Slave_main.o
 .debug_info    0x00000b4a      0x36a COTS/HAL/DCMotor_DRIVER/DCMotor_Program.o
 .debug_info    0x00000eb4      0x246 COTS/MCAL/DIO_DRIVER/DIO_Program.o
 .debug_info    0x000010fa      0x1f4 COTS/MCAL/EEPROM_DRIVER/EEPROM_Program.o
 .debug_info    0x000012ee      0x3d7 COTS/MCAL/I2C_DRIVER/I2C_Program.o
 .debug_info    0x000016c5      0x294 COTS/MCAL/TIMER0_DRIVER/TIMER0_Program.o
 .debug_info    0x00001959      0x4d2 COTS/MCAL/TIMER1_DRIVER/TIMER1_Program.o
 .debug_info    0x00001e2b      0x37f COTS/MCAL/USART_DRIVER/USART_Program.o

.debug_abbrev   0x00000000      0xdbb
 *(.debug_abbrev)
 .debug_abbrev  0x00000000      0x4a3 D:/Programs/Atmel/Studio/7.0/Packs/atmel/ATmega_DFP/1.7.374/gcc/dev/atmega32/avr5/crtatmega32.o
 .debug_abbrev  0x000004a3      0x1a1 COTS/APP/Slave_main.o
 .debug_abbrev  0x00000644       0xf6 COTS/HAL/DCMotor_DRIVER/DCMotor_Program.o
 .debug_abbrev  0x0000073a       0xb7 COTS/MCAL/DIO_DRIVER/DIO_Program.o
 .debug_abbrev  0x000007f1      0x11e COTS/MCAL/EEPROM_DRIVER/EEPROM_Program.o
 .debug_abbrev  0x0000090f      0x16c COTS/MCAL/I2C_DRIVER/I2C_Program.o
 .debug_abbrev  0x00000a7b       0xc3 COTS/MCAL/TIMER0_DRIVER/TIMER0_Program.o
 .debug_abbrev  0x00000b3e      0x152 COTS/MCAL/TIMER1_DRIVER/TIMER1_Program.o
 .debug_abbrev  0x00000c90      0x12b COTS/MCAL/USART_DRIVER/USART_Program.o

.debug_line     0x00000000     0x23c6
 *(.debug_line .debug_line.* .debug_line_end)
 .debug_line    0x00000000      0x116 D:/Programs/Atmel/Studio/7.0/Packs/atmel/ATmega_DFP/1.7.374/gcc/dev/atmega32/avr5/crtatmega32.o
 .debug_line    0x00000116      0x5b3 COTS/APP/Slave_main.o
 .debug_line    0x000006c9      0x2d0 COTS/HAL/DCMotor_DRIVER/DCMotor_Program.o
 .debug_line    0x00000999      0x355 COTS/MCAL/DIO_DRIVER/DIO_Program.o
 .debug_line    0x00000cee      0x2c0 COTS/MCAL/EEPROM_DRIVER/EEPROM_Program.o
 .debug_line    0x00000fae      0x75c COTS/MCAL/I2C_DRIVER/I2C_Program.o
 .debug_line    0x0000170a      0x378 COTS/MCAL/TIMER0_DRIVER/TIMER0_Program.o
 .debug_line    0x00001a82      0x516 COTS/MCAL/TIMER1_DRIVER/TIMER1_Program.o
 .debug_line    0x00001f98      0x42e COTS/MCAL/USART_DRIVER/USART_Program.o

.debug_frame    0x00000000      0xa60
 *(.debug_frame)
 .debug_frame   0x00000000       0x34 COTS/APP/Slave_main.o
 .debug_frame   0x00000034       0x6c COTS/HAL/DCMotor_DRIVER/DCMotor_Program.o
 .debug_frame   0x000000a0       0x84 COTS/MCAL/DIO_DRIVER/DIO_Program.o
 .debug_frame   0x00000124       0xe8 COTS/MCAL/EEPROM_DRIVER/EEPROM_Program.o
 .debug_frame   0x0000020c      0x15c COTS/MCAL/I2C_DRIVER/I2C_Program.o
 .debug_frame   0x00000368      0x1a4 COTS/MCAL/TIMER0_DRIVER/TIMER0_Program.o
 .debug_frame   0x0000050c      0x314 COTS/MCAL/TIMER1_DRIVER/TIMER1_Program.o
 .debug_frame   0x00000820      0x240 COTS/MCAL/USART_DRIVER/USART_Program.o

.debug_str      0x00000000     0x6b78
 *(.debug_str)
 .debug_str     0x00000000      0x196 D:/Programs/Atmel/Studio/7.0/Packs/atmel/ATmega_DFP/1.7.374/gcc/dev/atmega32/avr5/crtatmega32.o
 .debug_str     0x00000196     0x49c5 COTS/APP/Slave_main.o
                               0x4acd (size before relaxing)
 .debug_str     0x00004b5b       0xfc COTS/HAL/DCMotor_DRIVER/DCMotor_Program.o
                               0x41ae (size before relaxing)
 .debug_str     0x00004c57      0x271 COTS/MCAL/DIO_DRIVER/DIO_Program.o
                               0x4262 (size before relaxing)
 .debug_str     0x00004ec8      0x18f COTS/MCAL/EEPROM_DRIVER/EEPROM_Program.o
                               0x4143 (size before relaxing)
 .debug_str     0x00005057      0x780 COTS/MCAL/I2C_DRIVER/I2C_Program.o
                               0x4a8f (size before relaxing)
 .debug_str     0x000057d7      0x4de COTS/MCAL/TIMER0_DRIVER/TIMER0_Program.o
                               0x44af (size before relaxing)
 .debug_str     0x00005cb5      0x99f COTS/MCAL/TIMER1_DRIVER/TIMER1_Program.o
                               0x4974 (size before relaxing)
 .debug_str     0x00006654      0x524 COTS/MCAL/USART_DRIVER/USART_Program.o
                               0x451b (size before relaxing)

.debug_loc      0x00000000     0x1759
 *(.debug_loc)
 .debug_loc     0x00000000      0x2d1 COTS/APP/Slave_main.o
 .debug_loc     0x000002d1       0xd7 COTS/HAL/DCMotor_DRIVER/DCMotor_Program.o
 .debug_loc     0x000003a8      0x416 COTS/MCAL/DIO_DRIVER/DIO_Program.o
 .debug_loc     0x000007be      0x20e COTS/MCAL/EEPROM_DRIVER/EEPROM_Program.o
 .debug_loc     0x000009cc      0x45c COTS/MCAL/I2C_DRIVER/I2C_Program.o
 .debug_loc     0x00000e28      0x196 COTS/MCAL/TIMER0_DRIVER/TIMER0_Program.o
 .debug_loc     0x00000fbe      0x366 COTS/MCAL/TIMER1_DRIVER/TIMER1_Program.o
 .debug_loc     0x00001324      0x435 COTS/MCAL/USART_DRIVER/USART_Program.o

.debug_macinfo
 *(.debug_macinfo)

.debug_weaknames
 *(.debug_weaknames)

.debug_funcnames
 *(.debug_funcnames)

.debug_typenames
 *(.debug_typenames)

.debug_varnames
 *(.debug_varnames)

.debug_pubtypes
 *(.debug_pubtypes)

.debug_ranges   0x00000000      0x378
 *(.debug_ranges)
 .debug_ranges  0x00000000       0x40 COTS/APP/Slave_main.o
 .debug_ranges  0x00000040       0x18 COTS/HAL/DCMotor_DRIVER/DCMotor_Program.o
 .debug_ranges  0x00000058       0x40 COTS/MCAL/DIO_DRIVER/DIO_Program.o
 .debug_ranges  0x00000098       0x40 COTS/MCAL/EEPROM_DRIVER/EEPROM_Program.o
 .debug_ranges  0x000000d8       0x88 COTS/MCAL/I2C_DRIVER/I2C_Program.o
 .debug_ranges  0x00000160       0x88 COTS/MCAL/TIMER0_DRIVER/TIMER0_Program.o
 .debug_ranges  0x000001e8       0xf8 COTS/MCAL/TIMER1_DRIVER/TIMER1_Program.o
 .debug_ranges  0x000002e0       0x98 COTS/MCAL/USART_DRIVER/USART_Program.o

.debug_macro    0x00000000     0x1f02
 *(.debug_macro)
 .debug_macro   0x00000000      0x10e COTS/APP/Slave_main.o
 .debug_macro   0x0000010e      0xa4e COTS/APP/Slave_main.o
 .debug_macro   0x00000b5c       0x22 COTS/APP/Slave_main.o
 .debug_macro   0x00000b7e      0x1c9 COTS/APP/Slave_main.o
 .debug_macro   0x00000d47      0x2fc COTS/APP/Slave_main.o
 .debug_macro   0x00001043       0x58 COTS/APP/Slave_main.o
 .debug_macro   0x0000109b       0x10 COTS/APP/Slave_main.o
 .debug_macro   0x000010ab       0x97 COTS/APP/Slave_main.o
 .debug_macro   0x00001142       0xf2 COTS/APP/Slave_main.o
 .debug_macro   0x00001234       0x40 COTS/APP/Slave_main.o
 .debug_macro   0x00001274       0x16 COTS/APP/Slave_main.o
 .debug_macro   0x0000128a       0x22 COTS/APP/Slave_main.o
 .debug_macro   0x000012ac       0x10 COTS/APP/Slave_main.o
 .debug_macro   0x000012bc      0x166 COTS/APP/Slave_main.o
 .debug_macro   0x00001422       0x1c COTS/APP/Slave_main.o
 .debug_macro   0x0000143e       0x97 COTS/APP/Slave_main.o
 .debug_macro   0x000014d5       0x60 COTS/APP/Slave_main.o
 .debug_macro   0x00001535       0x96 COTS/HAL/DCMotor_DRIVER/DCMotor_Program.o
 .debug_macro   0x000015cb       0x1c COTS/HAL/DCMotor_DRIVER/DCMotor_Program.o
 .debug_macro   0x000015e7       0x88 COTS/MCAL/DIO_DRIVER/DIO_Program.o
 .debug_macro   0x0000166f       0x52 COTS/MCAL/DIO_DRIVER/DIO_Program.o
 .debug_macro   0x000016c1       0x89 COTS/MCAL/EEPROM_DRIVER/EEPROM_Program.o
 .debug_macro   0x0000174a       0x34 COTS/MCAL/EEPROM_DRIVER/EEPROM_Program.o
 .debug_macro   0x0000177e       0xa0 COTS/MCAL/I2C_DRIVER/I2C_Program.o
 .debug_macro   0x0000181e       0x16 COTS/MCAL/I2C_DRIVER/I2C_Program.o
 .debug_macro   0x00001834       0x64 COTS/MCAL/I2C_DRIVER/I2C_Program.o
 .debug_macro   0x00001898      0x118 COTS/MCAL/I2C_DRIVER/I2C_Program.o
 .debug_macro   0x000019b0       0x8e COTS/MCAL/TIMER0_DRIVER/TIMER0_Program.o
 .debug_macro   0x00001a3e       0xd0 COTS/MCAL/TIMER0_DRIVER/TIMER0_Program.o
 .debug_macro   0x00001b0e       0x22 COTS/MCAL/TIMER0_DRIVER/TIMER0_Program.o
 .debug_macro   0x00001b30       0x88 COTS/MCAL/TIMER1_DRIVER/TIMER1_Program.o
 .debug_macro   0x00001bb8      0x166 COTS/MCAL/TIMER1_DRIVER/TIMER1_Program.o
 .debug_macro   0x00001d1e       0x2e COTS/MCAL/TIMER1_DRIVER/TIMER1_Program.o
 .debug_macro   0x00001d4c       0x88 COTS/MCAL/USART_DRIVER/USART_Program.o
 .debug_macro   0x00001dd4      0x10c COTS/MCAL/USART_DRIVER/USART_Program.o
 .debug_macro   0x00001ee0       0x22 COTS/MCAL/USART_DRIVER/USART_Program.o
OUTPUT(Slave_MCU.elf elf32-avr)
LOAD linker stubs
