Archive member included to satisfy reference by file (symbol)

d:/programs/atmel/studio/7.0/toolchain/avr8/avr8-gnu-toolchain/bin/../lib/gcc/avr/5.4.0/avr5\libgcc.a(_exit.o)
                              D:/Programs/Atmel/Studio/7.0/Packs/atmel/ATmega_DFP/1.7.374/gcc/dev/atmega32a/avr5/crtatmega32a.o (exit)
d:/programs/atmel/studio/7.0/toolchain/avr8/avr8-gnu-toolchain/bin/../lib/gcc/avr/5.4.0/avr5\libgcc.a(_copy_data.o)
                              COTS/APP/Master_main.o (__do_copy_data)
d:/programs/atmel/studio/7.0/toolchain/avr8/avr8-gnu-toolchain/bin/../lib/gcc/avr/5.4.0/avr5\libgcc.a(_clear_bss.o)
                              COTS/HAL/KPD_DRIVER/KPD_Program.o (__do_clear_bss)

Discarded input sections

 .data          0x00000000        0x0 D:/Programs/Atmel/Studio/7.0/Packs/atmel/ATmega_DFP/1.7.374/gcc/dev/atmega32a/avr5/crtatmega32a.o
 .bss           0x00000000        0x0 D:/Programs/Atmel/Studio/7.0/Packs/atmel/ATmega_DFP/1.7.374/gcc/dev/atmega32a/avr5/crtatmega32a.o
 .group         0x00000000        0x8 COTS/APP/Master_main.o
 .group         0x00000000        0x8 COTS/APP/Master_main.o
 .group         0x00000000        0x8 COTS/APP/Master_main.o
 .group         0x00000000        0x8 COTS/APP/Master_main.o
 .group         0x00000000        0x8 COTS/APP/Master_main.o
 .group         0x00000000        0x8 COTS/APP/Master_main.o
 .group         0x00000000        0x8 COTS/APP/Master_main.o
 .group         0x00000000        0x8 COTS/APP/Master_main.o
 .group         0x00000000        0x8 COTS/APP/Master_main.o
 .group         0x00000000        0x8 COTS/APP/Master_main.o
 .group         0x00000000        0x8 COTS/APP/Master_main.o
 .group         0x00000000        0x8 COTS/APP/Master_main.o
 .group         0x00000000        0x8 COTS/APP/Master_main.o
 .text          0x00000000        0x0 COTS/APP/Master_main.o
 .data          0x00000000        0x0 COTS/APP/Master_main.o
 .bss           0x00000000        0x0 COTS/APP/Master_main.o
 .group         0x00000000        0x8 COTS/HAL/KPD_DRIVER/KPD_Program.o
 .group         0x00000000        0x8 COTS/HAL/KPD_DRIVER/KPD_Program.o
 .group         0x00000000        0x8 COTS/HAL/KPD_DRIVER/KPD_Program.o
 .group         0x00000000        0x8 COTS/HAL/KPD_DRIVER/KPD_Program.o
 .group         0x00000000        0x8 COTS/HAL/KPD_DRIVER/KPD_Program.o
 .group         0x00000000        0x8 COTS/HAL/KPD_DRIVER/KPD_Program.o
 .group         0x00000000        0x8 COTS/HAL/KPD_DRIVER/KPD_Program.o
 .group         0x00000000        0x8 COTS/HAL/KPD_DRIVER/KPD_Program.o
 .group         0x00000000        0x8 COTS/HAL/KPD_DRIVER/KPD_Program.o
 .group         0x00000000        0x8 COTS/HAL/KPD_DRIVER/KPD_Program.o
 .group         0x00000000        0x8 COTS/HAL/KPD_DRIVER/KPD_Program.o
 .group         0x00000000        0x8 COTS/HAL/KPD_DRIVER/KPD_Program.o
 .group         0x00000000        0x8 COTS/HAL/KPD_DRIVER/KPD_Program.o
 .text          0x00000000        0x0 COTS/HAL/KPD_DRIVER/KPD_Program.o
 .data          0x00000000        0x0 COTS/HAL/KPD_DRIVER/KPD_Program.o
 .bss           0x00000000        0x0 COTS/HAL/KPD_DRIVER/KPD_Program.o
 .debug_macro   0x00000000      0xa4e COTS/HAL/KPD_DRIVER/KPD_Program.o
 .debug_macro   0x00000000      0x1c9 COTS/HAL/KPD_DRIVER/KPD_Program.o
 .debug_macro   0x00000000      0x2fc COTS/HAL/KPD_DRIVER/KPD_Program.o
 .debug_macro   0x00000000       0x58 COTS/HAL/KPD_DRIVER/KPD_Program.o
 .debug_macro   0x00000000       0x10 COTS/HAL/KPD_DRIVER/KPD_Program.o
 .debug_macro   0x00000000       0x97 COTS/HAL/KPD_DRIVER/KPD_Program.o
 .debug_macro   0x00000000       0xf2 COTS/HAL/KPD_DRIVER/KPD_Program.o
 .debug_macro   0x00000000       0x22 COTS/HAL/KPD_DRIVER/KPD_Program.o
 .debug_macro   0x00000000       0x10 COTS/HAL/KPD_DRIVER/KPD_Program.o
 .debug_macro   0x00000000      0x166 COTS/HAL/KPD_DRIVER/KPD_Program.o
 .debug_macro   0x00000000       0x40 COTS/HAL/KPD_DRIVER/KPD_Program.o
 .debug_macro   0x00000000       0x10 COTS/HAL/KPD_DRIVER/KPD_Program.o
 .group         0x00000000        0x8 COTS/HAL/LCD_DRIVER/LCD_Program.o
 .group         0x00000000        0x8 COTS/HAL/LCD_DRIVER/LCD_Program.o
 .group         0x00000000        0x8 COTS/HAL/LCD_DRIVER/LCD_Program.o
 .group         0x00000000        0x8 COTS/HAL/LCD_DRIVER/LCD_Program.o
 .group         0x00000000        0x8 COTS/HAL/LCD_DRIVER/LCD_Program.o
 .group         0x00000000        0x8 COTS/HAL/LCD_DRIVER/LCD_Program.o
 .group         0x00000000        0x8 COTS/HAL/LCD_DRIVER/LCD_Program.o
 .group         0x00000000        0x8 COTS/HAL/LCD_DRIVER/LCD_Program.o
 .group         0x00000000        0x8 COTS/HAL/LCD_DRIVER/LCD_Program.o
 .group         0x00000000        0x8 COTS/HAL/LCD_DRIVER/LCD_Program.o
 .group         0x00000000        0x8 COTS/HAL/LCD_DRIVER/LCD_Program.o
 .group         0x00000000        0x8 COTS/HAL/LCD_DRIVER/LCD_Program.o
 .group         0x00000000        0x8 COTS/HAL/LCD_DRIVER/LCD_Program.o
 .text          0x00000000        0x0 COTS/HAL/LCD_DRIVER/LCD_Program.o
 .data          0x00000000        0x0 COTS/HAL/LCD_DRIVER/LCD_Program.o
 .bss           0x00000000        0x0 COTS/HAL/LCD_DRIVER/LCD_Program.o
 .debug_macro   0x00000000      0xa4e COTS/HAL/LCD_DRIVER/LCD_Program.o
 .debug_macro   0x00000000      0x1c9 COTS/HAL/LCD_DRIVER/LCD_Program.o
 .debug_macro   0x00000000      0x2fc COTS/HAL/LCD_DRIVER/LCD_Program.o
 .debug_macro   0x00000000       0x58 COTS/HAL/LCD_DRIVER/LCD_Program.o
 .debug_macro   0x00000000       0x10 COTS/HAL/LCD_DRIVER/LCD_Program.o
 .debug_macro   0x00000000       0x97 COTS/HAL/LCD_DRIVER/LCD_Program.o
 .debug_macro   0x00000000       0xf2 COTS/HAL/LCD_DRIVER/LCD_Program.o
 .debug_macro   0x00000000       0x22 COTS/HAL/LCD_DRIVER/LCD_Program.o
 .debug_macro   0x00000000       0x10 COTS/HAL/LCD_DRIVER/LCD_Program.o
 .debug_macro   0x00000000      0x166 COTS/HAL/LCD_DRIVER/LCD_Program.o
 .debug_macro   0x00000000       0x40 COTS/HAL/LCD_DRIVER/LCD_Program.o
 .debug_macro   0x00000000       0x22 COTS/HAL/LCD_DRIVER/LCD_Program.o
 .group         0x00000000        0x8 COTS/MCAL/DIO_DRIVER/DIO_Program.o
 .group         0x00000000        0x8 COTS/MCAL/DIO_DRIVER/DIO_Program.o
 .group         0x00000000        0x8 COTS/MCAL/DIO_DRIVER/DIO_Program.o
 .group         0x00000000        0x8 COTS/MCAL/DIO_DRIVER/DIO_Program.o
 .group         0x00000000        0x8 COTS/MCAL/DIO_DRIVER/DIO_Program.o
 .group         0x00000000        0x8 COTS/MCAL/DIO_DRIVER/DIO_Program.o
 .group         0x00000000        0x8 COTS/MCAL/DIO_DRIVER/DIO_Program.o
 .group         0x00000000        0x8 COTS/MCAL/DIO_DRIVER/DIO_Program.o
 .group         0x00000000        0x8 COTS/MCAL/DIO_DRIVER/DIO_Program.o
 .group         0x00000000        0x8 COTS/MCAL/DIO_DRIVER/DIO_Program.o
 .text          0x00000000        0x0 COTS/MCAL/DIO_DRIVER/DIO_Program.o
 .data          0x00000000        0x0 COTS/MCAL/DIO_DRIVER/DIO_Program.o
 .bss           0x00000000        0x0 COTS/MCAL/DIO_DRIVER/DIO_Program.o
 .text.MDIO_u8GetPortValue
                0x00000000       0x24 COTS/MCAL/DIO_DRIVER/DIO_Program.o
 .text.MDIO_vTogglePinValue
                0x00000000       0x68 COTS/MCAL/DIO_DRIVER/DIO_Program.o
 .debug_macro   0x00000000      0xa4e COTS/MCAL/DIO_DRIVER/DIO_Program.o
 .debug_macro   0x00000000      0x1c9 COTS/MCAL/DIO_DRIVER/DIO_Program.o
 .debug_macro   0x00000000      0x2fc COTS/MCAL/DIO_DRIVER/DIO_Program.o
 .debug_macro   0x00000000       0x58 COTS/MCAL/DIO_DRIVER/DIO_Program.o
 .debug_macro   0x00000000       0x10 COTS/MCAL/DIO_DRIVER/DIO_Program.o
 .debug_macro   0x00000000       0x97 COTS/MCAL/DIO_DRIVER/DIO_Program.o
 .debug_macro   0x00000000       0xf2 COTS/MCAL/DIO_DRIVER/DIO_Program.o
 .debug_macro   0x00000000       0x22 COTS/MCAL/DIO_DRIVER/DIO_Program.o
 .debug_macro   0x00000000       0x40 COTS/MCAL/DIO_DRIVER/DIO_Program.o
 .group         0x00000000        0x8 COTS/MCAL/EEPROM_DRIVER/EEPROM_Program.o
 .group         0x00000000        0x8 COTS/MCAL/EEPROM_DRIVER/EEPROM_Program.o
 .group         0x00000000        0x8 COTS/MCAL/EEPROM_DRIVER/EEPROM_Program.o
 .group         0x00000000        0x8 COTS/MCAL/EEPROM_DRIVER/EEPROM_Program.o
 .group         0x00000000        0x8 COTS/MCAL/EEPROM_DRIVER/EEPROM_Program.o
 .group         0x00000000        0x8 COTS/MCAL/EEPROM_DRIVER/EEPROM_Program.o
 .group         0x00000000        0x8 COTS/MCAL/EEPROM_DRIVER/EEPROM_Program.o
 .group         0x00000000        0x8 COTS/MCAL/EEPROM_DRIVER/EEPROM_Program.o
 .group         0x00000000        0x8 COTS/MCAL/EEPROM_DRIVER/EEPROM_Program.o
 .text          0x00000000        0x0 COTS/MCAL/EEPROM_DRIVER/EEPROM_Program.o
 .data          0x00000000        0x0 COTS/MCAL/EEPROM_DRIVER/EEPROM_Program.o
 .bss           0x00000000        0x0 COTS/MCAL/EEPROM_DRIVER/EEPROM_Program.o
 .text.MEEPROM_vWriteByte
                0x00000000       0x18 COTS/MCAL/EEPROM_DRIVER/EEPROM_Program.o
 .text.MEEPROM_vWriteString
                0x00000000       0x38 COTS/MCAL/EEPROM_DRIVER/EEPROM_Program.o
 .text.MEEPROM_u8ReadByte
                0x00000000        0xe COTS/MCAL/EEPROM_DRIVER/EEPROM_Program.o
 .text.MEEPROM_vInterruptEnable
                0x00000000        0x8 COTS/MCAL/EEPROM_DRIVER/EEPROM_Program.o
 .text.MEEPROM_vInterruptDisable
                0x00000000        0x8 COTS/MCAL/EEPROM_DRIVER/EEPROM_Program.o
 .text.MEEPROM_vSetCallBack
                0x00000000        0xe COTS/MCAL/EEPROM_DRIVER/EEPROM_Program.o
 .debug_macro   0x00000000      0xa4e COTS/MCAL/EEPROM_DRIVER/EEPROM_Program.o
 .debug_macro   0x00000000      0x1c9 COTS/MCAL/EEPROM_DRIVER/EEPROM_Program.o
 .debug_macro   0x00000000      0x2fc COTS/MCAL/EEPROM_DRIVER/EEPROM_Program.o
 .debug_macro   0x00000000       0x58 COTS/MCAL/EEPROM_DRIVER/EEPROM_Program.o
 .debug_macro   0x00000000       0x10 COTS/MCAL/EEPROM_DRIVER/EEPROM_Program.o
 .debug_macro   0x00000000       0x97 COTS/MCAL/EEPROM_DRIVER/EEPROM_Program.o
 .debug_macro   0x00000000       0xf2 COTS/MCAL/EEPROM_DRIVER/EEPROM_Program.o
 .debug_macro   0x00000000       0x22 COTS/MCAL/EEPROM_DRIVER/EEPROM_Program.o
 .group         0x00000000        0x8 COTS/MCAL/GIE_DRIVER/GIE_Program.o
 .group         0x00000000        0x8 COTS/MCAL/GIE_DRIVER/GIE_Program.o
 .group         0x00000000        0x8 COTS/MCAL/GIE_DRIVER/GIE_Program.o
 .group         0x00000000        0x8 COTS/MCAL/GIE_DRIVER/GIE_Program.o
 .group         0x00000000        0x8 COTS/MCAL/GIE_DRIVER/GIE_Program.o
 .group         0x00000000        0x8 COTS/MCAL/GIE_DRIVER/GIE_Program.o
 .group         0x00000000        0x8 COTS/MCAL/GIE_DRIVER/GIE_Program.o
 .group         0x00000000        0x8 COTS/MCAL/GIE_DRIVER/GIE_Program.o
 .group         0x00000000        0x8 COTS/MCAL/GIE_DRIVER/GIE_Program.o
 .text          0x00000000        0x0 COTS/MCAL/GIE_DRIVER/GIE_Program.o
 .data          0x00000000        0x0 COTS/MCAL/GIE_DRIVER/GIE_Program.o
 .bss           0x00000000        0x0 COTS/MCAL/GIE_DRIVER/GIE_Program.o
 .text.MGIE_vEnableInterrupts
                0x00000000        0x8 COTS/MCAL/GIE_DRIVER/GIE_Program.o
 .text.MGIE_vDisableInterrupts
                0x00000000        0x8 COTS/MCAL/GIE_DRIVER/GIE_Program.o
 .debug_info    0x00000000       0xc6 COTS/MCAL/GIE_DRIVER/GIE_Program.o
 .debug_abbrev  0x00000000       0x54 COTS/MCAL/GIE_DRIVER/GIE_Program.o
 .debug_aranges
                0x00000000       0x28 COTS/MCAL/GIE_DRIVER/GIE_Program.o
 .debug_ranges  0x00000000       0x18 COTS/MCAL/GIE_DRIVER/GIE_Program.o
 .debug_macro   0x00000000       0x7f COTS/MCAL/GIE_DRIVER/GIE_Program.o
 .debug_macro   0x00000000      0xa4e COTS/MCAL/GIE_DRIVER/GIE_Program.o
 .debug_macro   0x00000000      0x1c9 COTS/MCAL/GIE_DRIVER/GIE_Program.o
 .debug_macro   0x00000000      0x2fc COTS/MCAL/GIE_DRIVER/GIE_Program.o
 .debug_macro   0x00000000       0x58 COTS/MCAL/GIE_DRIVER/GIE_Program.o
 .debug_macro   0x00000000       0x10 COTS/MCAL/GIE_DRIVER/GIE_Program.o
 .debug_macro   0x00000000       0x97 COTS/MCAL/GIE_DRIVER/GIE_Program.o
 .debug_macro   0x00000000       0xf2 COTS/MCAL/GIE_DRIVER/GIE_Program.o
 .debug_macro   0x00000000       0x22 COTS/MCAL/GIE_DRIVER/GIE_Program.o
 .debug_macro   0x00000000       0x16 COTS/MCAL/GIE_DRIVER/GIE_Program.o
 .debug_line    0x00000000      0x1bf COTS/MCAL/GIE_DRIVER/GIE_Program.o
 .debug_str     0x00000000     0x4018 COTS/MCAL/GIE_DRIVER/GIE_Program.o
 .comment       0x00000000       0x31 COTS/MCAL/GIE_DRIVER/GIE_Program.o
 .debug_frame   0x00000000       0x34 COTS/MCAL/GIE_DRIVER/GIE_Program.o
 .group         0x00000000        0x8 COTS/MCAL/USART_DRIVER/USART_Program.o
 .group         0x00000000        0x8 COTS/MCAL/USART_DRIVER/USART_Program.o
 .group         0x00000000        0x8 COTS/MCAL/USART_DRIVER/USART_Program.o
 .group         0x00000000        0x8 COTS/MCAL/USART_DRIVER/USART_Program.o
 .group         0x00000000        0x8 COTS/MCAL/USART_DRIVER/USART_Program.o
 .group         0x00000000        0x8 COTS/MCAL/USART_DRIVER/USART_Program.o
 .group         0x00000000        0x8 COTS/MCAL/USART_DRIVER/USART_Program.o
 .group         0x00000000        0x8 COTS/MCAL/USART_DRIVER/USART_Program.o
 .group         0x00000000        0x8 COTS/MCAL/USART_DRIVER/USART_Program.o
 .group         0x00000000        0x8 COTS/MCAL/USART_DRIVER/USART_Program.o
 .text          0x00000000        0x0 COTS/MCAL/USART_DRIVER/USART_Program.o
 .data          0x00000000        0x0 COTS/MCAL/USART_DRIVER/USART_Program.o
 .bss           0x00000000        0x0 COTS/MCAL/USART_DRIVER/USART_Program.o
 .text.MUSART_vRecieveString
                0x00000000       0x36 COTS/MCAL/USART_DRIVER/USART_Program.o
 .text.MUSART_RXC_INTEnable
                0x00000000        0x8 COTS/MCAL/USART_DRIVER/USART_Program.o
 .text.MUSART_RXC_INTDisable
                0x00000000        0x8 COTS/MCAL/USART_DRIVER/USART_Program.o
 .text.MUSART_TXC_INTEnable
                0x00000000        0x8 COTS/MCAL/USART_DRIVER/USART_Program.o
 .text.MUSART_TXC_INTDisable
                0x00000000        0x8 COTS/MCAL/USART_DRIVER/USART_Program.o
 .text.MUSART_UDRE_INTEnable
                0x00000000        0x8 COTS/MCAL/USART_DRIVER/USART_Program.o
 .text.MUSART_UDRE_INTDisable
                0x00000000        0x8 COTS/MCAL/USART_DRIVER/USART_Program.o
 .text.MUSART_vSetRXCCallBack
                0x00000000        0xe COTS/MCAL/USART_DRIVER/USART_Program.o
 .text.MUSART_vSetTXCCallBack
                0x00000000        0xe COTS/MCAL/USART_DRIVER/USART_Program.o
 .text.MUSART_vSetUDRECallBack
                0x00000000        0xe COTS/MCAL/USART_DRIVER/USART_Program.o
 .debug_macro   0x00000000      0xa4e COTS/MCAL/USART_DRIVER/USART_Program.o
 .debug_macro   0x00000000      0x1c9 COTS/MCAL/USART_DRIVER/USART_Program.o
 .debug_macro   0x00000000      0x2fc COTS/MCAL/USART_DRIVER/USART_Program.o
 .debug_macro   0x00000000       0x58 COTS/MCAL/USART_DRIVER/USART_Program.o
 .debug_macro   0x00000000       0x10 COTS/MCAL/USART_DRIVER/USART_Program.o
 .debug_macro   0x00000000       0x97 COTS/MCAL/USART_DRIVER/USART_Program.o
 .debug_macro   0x00000000       0xf2 COTS/MCAL/USART_DRIVER/USART_Program.o
 .debug_macro   0x00000000       0x22 COTS/MCAL/USART_DRIVER/USART_Program.o
 .text          0x00000000        0x0 d:/programs/atmel/studio/7.0/toolchain/avr8/avr8-gnu-toolchain/bin/../lib/gcc/avr/5.4.0/avr5\libgcc.a(_exit.o)
 .data          0x00000000        0x0 d:/programs/atmel/studio/7.0/toolchain/avr8/avr8-gnu-toolchain/bin/../lib/gcc/avr/5.4.0/avr5\libgcc.a(_exit.o)
 .bss           0x00000000        0x0 d:/programs/atmel/studio/7.0/toolchain/avr8/avr8-gnu-toolchain/bin/../lib/gcc/avr/5.4.0/avr5\libgcc.a(_exit.o)
 .text.libgcc.mul
                0x00000000        0x0 d:/programs/atmel/studio/7.0/toolchain/avr8/avr8-gnu-toolchain/bin/../lib/gcc/avr/5.4.0/avr5\libgcc.a(_exit.o)
 .text.libgcc.div
                0x00000000        0x0 d:/programs/atmel/studio/7.0/toolchain/avr8/avr8-gnu-toolchain/bin/../lib/gcc/avr/5.4.0/avr5\libgcc.a(_exit.o)
 .text.libgcc   0x00000000        0x0 d:/programs/atmel/studio/7.0/toolchain/avr8/avr8-gnu-toolchain/bin/../lib/gcc/avr/5.4.0/avr5\libgcc.a(_exit.o)
 .text.libgcc.prologue
                0x00000000        0x0 d:/programs/atmel/studio/7.0/toolchain/avr8/avr8-gnu-toolchain/bin/../lib/gcc/avr/5.4.0/avr5\libgcc.a(_exit.o)
 .text.libgcc.builtins
                0x00000000        0x0 d:/programs/atmel/studio/7.0/toolchain/avr8/avr8-gnu-toolchain/bin/../lib/gcc/avr/5.4.0/avr5\libgcc.a(_exit.o)
 .text.libgcc.fmul
                0x00000000        0x0 d:/programs/atmel/studio/7.0/toolchain/avr8/avr8-gnu-toolchain/bin/../lib/gcc/avr/5.4.0/avr5\libgcc.a(_exit.o)
 .text.libgcc.fixed
                0x00000000        0x0 d:/programs/atmel/studio/7.0/toolchain/avr8/avr8-gnu-toolchain/bin/../lib/gcc/avr/5.4.0/avr5\libgcc.a(_exit.o)
 .text          0x00000000        0x0 d:/programs/atmel/studio/7.0/toolchain/avr8/avr8-gnu-toolchain/bin/../lib/gcc/avr/5.4.0/avr5\libgcc.a(_copy_data.o)
 .data          0x00000000        0x0 d:/programs/atmel/studio/7.0/toolchain/avr8/avr8-gnu-toolchain/bin/../lib/gcc/avr/5.4.0/avr5\libgcc.a(_copy_data.o)
 .bss           0x00000000        0x0 d:/programs/atmel/studio/7.0/toolchain/avr8/avr8-gnu-toolchain/bin/../lib/gcc/avr/5.4.0/avr5\libgcc.a(_copy_data.o)
 .text.libgcc.mul
                0x00000000        0x0 d:/programs/atmel/studio/7.0/toolchain/avr8/avr8-gnu-toolchain/bin/../lib/gcc/avr/5.4.0/avr5\libgcc.a(_copy_data.o)
 .text.libgcc.div
                0x00000000        0x0 d:/programs/atmel/studio/7.0/toolchain/avr8/avr8-gnu-toolchain/bin/../lib/gcc/avr/5.4.0/avr5\libgcc.a(_copy_data.o)
 .text.libgcc   0x00000000        0x0 d:/programs/atmel/studio/7.0/toolchain/avr8/avr8-gnu-toolchain/bin/../lib/gcc/avr/5.4.0/avr5\libgcc.a(_copy_data.o)
 .text.libgcc.prologue
                0x00000000        0x0 d:/programs/atmel/studio/7.0/toolchain/avr8/avr8-gnu-toolchain/bin/../lib/gcc/avr/5.4.0/avr5\libgcc.a(_copy_data.o)
 .text.libgcc.builtins
                0x00000000        0x0 d:/programs/atmel/studio/7.0/toolchain/avr8/avr8-gnu-toolchain/bin/../lib/gcc/avr/5.4.0/avr5\libgcc.a(_copy_data.o)
 .text.libgcc.fmul
                0x00000000        0x0 d:/programs/atmel/studio/7.0/toolchain/avr8/avr8-gnu-toolchain/bin/../lib/gcc/avr/5.4.0/avr5\libgcc.a(_copy_data.o)
 .text.libgcc.fixed
                0x00000000        0x0 d:/programs/atmel/studio/7.0/toolchain/avr8/avr8-gnu-toolchain/bin/../lib/gcc/avr/5.4.0/avr5\libgcc.a(_copy_data.o)
 .text          0x00000000        0x0 d:/programs/atmel/studio/7.0/toolchain/avr8/avr8-gnu-toolchain/bin/../lib/gcc/avr/5.4.0/avr5\libgcc.a(_clear_bss.o)
 .data          0x00000000        0x0 d:/programs/atmel/studio/7.0/toolchain/avr8/avr8-gnu-toolchain/bin/../lib/gcc/avr/5.4.0/avr5\libgcc.a(_clear_bss.o)
 .bss           0x00000000        0x0 d:/programs/atmel/studio/7.0/toolchain/avr8/avr8-gnu-toolchain/bin/../lib/gcc/avr/5.4.0/avr5\libgcc.a(_clear_bss.o)
 .text.libgcc.mul
                0x00000000        0x0 d:/programs/atmel/studio/7.0/toolchain/avr8/avr8-gnu-toolchain/bin/../lib/gcc/avr/5.4.0/avr5\libgcc.a(_clear_bss.o)
 .text.libgcc.div
                0x00000000        0x0 d:/programs/atmel/studio/7.0/toolchain/avr8/avr8-gnu-toolchain/bin/../lib/gcc/avr/5.4.0/avr5\libgcc.a(_clear_bss.o)
 .text.libgcc   0x00000000        0x0 d:/programs/atmel/studio/7.0/toolchain/avr8/avr8-gnu-toolchain/bin/../lib/gcc/avr/5.4.0/avr5\libgcc.a(_clear_bss.o)
 .text.libgcc.prologue
                0x00000000        0x0 d:/programs/atmel/studio/7.0/toolchain/avr8/avr8-gnu-toolchain/bin/../lib/gcc/avr/5.4.0/avr5\libgcc.a(_clear_bss.o)
 .text.libgcc.builtins
                0x00000000        0x0 d:/programs/atmel/studio/7.0/toolchain/avr8/avr8-gnu-toolchain/bin/../lib/gcc/avr/5.4.0/avr5\libgcc.a(_clear_bss.o)
 .text.libgcc.fmul
                0x00000000        0x0 d:/programs/atmel/studio/7.0/toolchain/avr8/avr8-gnu-toolchain/bin/../lib/gcc/avr/5.4.0/avr5\libgcc.a(_clear_bss.o)
 .text.libgcc.fixed
                0x00000000        0x0 d:/programs/atmel/studio/7.0/toolchain/avr8/avr8-gnu-toolchain/bin/../lib/gcc/avr/5.4.0/avr5\libgcc.a(_clear_bss.o)

Memory Configuration

Name             Origin             Length             Attributes
text             0x00000000         0x00008000         xr
data             0x00800060         0x00000800         rw !x
eeprom           0x00810000         0x00000400         rw !x
fuse             0x00820000         0x00000002         rw !x
lock             0x00830000         0x00000400         rw !x
signature        0x00840000         0x00000400         rw !x
user_signatures  0x00850000         0x00000400         rw !x
*default*        0x00000000         0xffffffff

Linker script and memory map

LOAD D:/Programs/Atmel/Studio/7.0/Packs/atmel/ATmega_DFP/1.7.374/gcc/dev/atmega32a/avr5/crtatmega32a.o
LOAD COTS/APP/Master_main.o
LOAD COTS/HAL/KPD_DRIVER/KPD_Program.o
LOAD COTS/HAL/LCD_DRIVER/LCD_Program.o
LOAD COTS/MCAL/DIO_DRIVER/DIO_Program.o
LOAD COTS/MCAL/EEPROM_DRIVER/EEPROM_Program.o
LOAD COTS/MCAL/GIE_DRIVER/GIE_Program.o
LOAD COTS/MCAL/USART_DRIVER/USART_Program.o
START GROUP
LOAD d:/programs/atmel/studio/7.0/toolchain/avr8/avr8-gnu-toolchain/bin/../lib/gcc/avr/5.4.0/../../../../avr/lib/avr5\libm.a
END GROUP
START GROUP
LOAD d:/programs/atmel/studio/7.0/toolchain/avr8/avr8-gnu-toolchain/bin/../lib/gcc/avr/5.4.0/avr5\libgcc.a
LOAD d:/programs/atmel/studio/7.0/toolchain/avr8/avr8-gnu-toolchain/bin/../lib/gcc/avr/5.4.0/../../../../avr/lib/avr5\libm.a
LOAD d:/programs/atmel/studio/7.0/toolchain/avr8/avr8-gnu-toolchain/bin/../lib/gcc/avr/5.4.0/../../../../avr/lib/avr5\libc.a
LOAD D:/Programs/Atmel/Studio/7.0/Packs/atmel/ATmega_DFP/1.7.374/gcc/dev/atmega32a/avr5\libatmega32a.a
END GROUP
                [0x00000000]                __TEXT_REGION_ORIGIN__ = DEFINED (__TEXT_REGION_ORIGIN__)?__TEXT_REGION_ORIGIN__:0x0
                [0x00800060]                __DATA_REGION_ORIGIN__ = DEFINED (__DATA_REGION_ORIGIN__)?__DATA_REGION_ORIGIN__:0x800060
                [0x00008000]                __TEXT_REGION_LENGTH__ = DEFINED (__TEXT_REGION_LENGTH__)?__TEXT_REGION_LENGTH__:0x20000
                [0x00000800]                __DATA_REGION_LENGTH__ = DEFINED (__DATA_REGION_LENGTH__)?__DATA_REGION_LENGTH__:0xffa0
                [0x00000400]                __EEPROM_REGION_LENGTH__ = DEFINED (__EEPROM_REGION_LENGTH__)?__EEPROM_REGION_LENGTH__:0x10000
                [0x00000002]                __FUSE_REGION_LENGTH__ = DEFINED (__FUSE_REGION_LENGTH__)?__FUSE_REGION_LENGTH__:0x400
                0x00000400                __LOCK_REGION_LENGTH__ = DEFINED (__LOCK_REGION_LENGTH__)?__LOCK_REGION_LENGTH__:0x400
                0x00000400                __SIGNATURE_REGION_LENGTH__ = DEFINED (__SIGNATURE_REGION_LENGTH__)?__SIGNATURE_REGION_LENGTH__:0x400
                0x00000400                __USER_SIGNATURE_REGION_LENGTH__ = DEFINED (__USER_SIGNATURE_REGION_LENGTH__)?__USER_SIGNATURE_REGION_LENGTH__:0x400

.hash
 *(.hash)

.dynsym
 *(.dynsym)

.dynstr
 *(.dynstr)

.gnu.version
 *(.gnu.version)

.gnu.version_d
 *(.gnu.version_d)

.gnu.version_r
 *(.gnu.version_r)

.rel.init
 *(.rel.init)

.rela.init
 *(.rela.init)

.rel.text
 *(.rel.text)
 *(.rel.text.*)
 *(.rel.gnu.linkonce.t*)

.rela.text
 *(.rela.text)
 *(.rela.text.*)
 *(.rela.gnu.linkonce.t*)

.rel.fini
 *(.rel.fini)

.rela.fini
 *(.rela.fini)

.rel.rodata
 *(.rel.rodata)
 *(.rel.rodata.*)
 *(.rel.gnu.linkonce.r*)

.rela.rodata
 *(.rela.rodata)
 *(.rela.rodata.*)
 *(.rela.gnu.linkonce.r*)

.rel.data
 *(.rel.data)
 *(.rel.data.*)
 *(.rel.gnu.linkonce.d*)

.rela.data
 *(.rela.data)
 *(.rela.data.*)
 *(.rela.gnu.linkonce.d*)

.rel.ctors
 *(.rel.ctors)

.rela.ctors
 *(.rela.ctors)

.rel.dtors
 *(.rel.dtors)

.rela.dtors
 *(.rela.dtors)

.rel.got
 *(.rel.got)

.rela.got
 *(.rela.got)

.rel.bss
 *(.rel.bss)

.rela.bss
 *(.rela.bss)

.rel.plt
 *(.rel.plt)

.rela.plt
 *(.rela.plt)

.text           0x00000000      0xad8
 *(.vectors)
 .vectors       0x00000000       0x54 D:/Programs/Atmel/Studio/7.0/Packs/atmel/ATmega_DFP/1.7.374/gcc/dev/atmega32a/avr5/crtatmega32a.o
                0x00000000                __vector_default
                0x00000000                __vectors
 *(.vectors)
 *(.progmem.gcc*)
                0x00000054                . = ALIGN (0x2)
                0x00000054                __trampolines_start = .
 *(.trampolines)
 .trampolines   0x00000054        0x0 linker stubs
 *(.trampolines*)
                0x00000054                __trampolines_end = .
 *libprintf_flt.a:*(.progmem.data)
 *libc.a:*(.progmem.data)
 *(.progmem*)
                0x00000054                . = ALIGN (0x2)
 *(.jumptables)
 *(.jumptables*)
 *(.lowtext)
 *(.lowtext*)
                0x00000054                __ctors_start = .
 *(.ctors)
                0x00000054                __ctors_end = .
                0x00000054                __dtors_start = .
 *(.dtors)
                0x00000054                __dtors_end = .
 SORT(*)(.ctors)
 SORT(*)(.dtors)
 *(.init0)
 .init0         0x00000054        0x0 D:/Programs/Atmel/Studio/7.0/Packs/atmel/ATmega_DFP/1.7.374/gcc/dev/atmega32a/avr5/crtatmega32a.o
                0x00000054                __init
 *(.init0)
 *(.init1)
 *(.init1)
 *(.init2)
 .init2         0x00000054        0xc D:/Programs/Atmel/Studio/7.0/Packs/atmel/ATmega_DFP/1.7.374/gcc/dev/atmega32a/avr5/crtatmega32a.o
 *(.init2)
 *(.init3)
 *(.init3)
 *(.init4)
 .init4         0x00000060       0x16 d:/programs/atmel/studio/7.0/toolchain/avr8/avr8-gnu-toolchain/bin/../lib/gcc/avr/5.4.0/avr5\libgcc.a(_copy_data.o)
                0x00000060                __do_copy_data
 .init4         0x00000076       0x10 d:/programs/atmel/studio/7.0/toolchain/avr8/avr8-gnu-toolchain/bin/../lib/gcc/avr/5.4.0/avr5\libgcc.a(_clear_bss.o)
                0x00000076                __do_clear_bss
 *(.init4)
 *(.init5)
 *(.init5)
 *(.init6)
 *(.init6)
 *(.init7)
 *(.init7)
 *(.init8)
 *(.init8)
 *(.init9)
 .init9         0x00000086        0x8 D:/Programs/Atmel/Studio/7.0/Packs/atmel/ATmega_DFP/1.7.374/gcc/dev/atmega32a/avr5/crtatmega32a.o
 *(.init9)
 *(.text)
 .text          0x0000008e        0x4 D:/Programs/Atmel/Studio/7.0/Packs/atmel/ATmega_DFP/1.7.374/gcc/dev/atmega32a/avr5/crtatmega32a.o
                0x0000008e                __vector_1
                0x0000008e                __vector_12
                0x0000008e                __bad_interrupt
                0x0000008e                __vector_6
                0x0000008e                __vector_3
                0x0000008e                __vector_11
                0x0000008e                __vector_19
                0x0000008e                __vector_7
                0x0000008e                __vector_5
                0x0000008e                __vector_4
                0x0000008e                __vector_9
                0x0000008e                __vector_2
                0x0000008e                __vector_8
                0x0000008e                __vector_10
                0x0000008e                __vector_16
                0x0000008e                __vector_18
                0x0000008e                __vector_20
                0x00000092                . = ALIGN (0x2)
 *(.text.*)
 .text.Function_vGetPassword
                0x00000092       0x8c COTS/APP/Master_main.o
                0x00000092                Function_vGetPassword
 .text.Function_vWaitingScreen
                0x0000011e       0xc0 COTS/APP/Master_main.o
                0x0000011e                Function_vWaitingScreen
 .text.Function_vGetOption
                0x000001de       0x26 COTS/APP/Master_main.o
                0x000001de                Function_vGetOption
 .text.main     0x00000204      0x210 COTS/APP/Master_main.o
                0x00000204                main
 .text.HKPD_vInit
                0x00000414       0xa2 COTS/HAL/KPD_DRIVER/KPD_Program.o
                0x00000414                HKPD_vInit
 .text.HKPD_u8GetPressedKey
                0x000004b6       0x8c COTS/HAL/KPD_DRIVER/KPD_Program.o
                0x000004b6                HKPD_u8GetPressedKey
 .text.HLCD_vSendCommand
                0x00000542       0x50 COTS/HAL/LCD_DRIVER/LCD_Program.o
                0x00000542                HLCD_vSendCommand
 .text.HLCD_vInit
                0x00000592       0x7c COTS/HAL/LCD_DRIVER/LCD_Program.o
                0x00000592                HLCD_vInit
 .text.HLCD_vSendData
                0x0000060e       0x50 COTS/HAL/LCD_DRIVER/LCD_Program.o
                0x0000060e                HLCD_vSendData
 .text.HLCD_vSendString
                0x0000065e       0x26 COTS/HAL/LCD_DRIVER/LCD_Program.o
                0x0000065e                HLCD_vSendString
 .text.HLCD_vMoveTo
                0x00000684       0x1e COTS/HAL/LCD_DRIVER/LCD_Program.o
                0x00000684                HLCD_vMoveTo
 .text.HLCD_vDisplayClear
                0x000006a2       0x14 COTS/HAL/LCD_DRIVER/LCD_Program.o
                0x000006a2                HLCD_vDisplayClear
 .text.MDIO_vSetPinDirection
                0x000006b6       0xe0 COTS/MCAL/DIO_DRIVER/DIO_Program.o
                0x000006b6                MDIO_vSetPinDirection
 .text.MDIO_vSetPortDirection
                0x00000796       0x20 COTS/MCAL/DIO_DRIVER/DIO_Program.o
                0x00000796                MDIO_vSetPortDirection
 .text.MDIO_vSetPinValue
                0x000007b6       0xe0 COTS/MCAL/DIO_DRIVER/DIO_Program.o
                0x000007b6                MDIO_vSetPinValue
 .text.MDIO_vSetPortValue
                0x00000896       0x20 COTS/MCAL/DIO_DRIVER/DIO_Program.o
                0x00000896                MDIO_vSetPortValue
 .text.MDIO_u8GetPinValue
                0x000008b6       0x5c COTS/MCAL/DIO_DRIVER/DIO_Program.o
                0x000008b6                MDIO_u8GetPinValue
 .text.__vector_17
                0x00000912       0x52 COTS/MCAL/EEPROM_DRIVER/EEPROM_Program.o
                0x00000912                __vector_17
 .text.MUSART_vInit
                0x00000964       0x1c COTS/MCAL/USART_DRIVER/USART_Program.o
                0x00000964                MUSART_vInit
 .text.MUSART_vTransmit
                0x00000980        0x8 COTS/MCAL/USART_DRIVER/USART_Program.o
                0x00000980                MUSART_vTransmit
 .text.MUSART_u8Receive
                0x00000988       0x20 COTS/MCAL/USART_DRIVER/USART_Program.o
                0x00000988                MUSART_u8Receive
 .text.MUSART_u8UnreadDate
                0x000009a8        0xa COTS/MCAL/USART_DRIVER/USART_Program.o
                0x000009a8                MUSART_u8UnreadDate
 .text.MUSART_vTransmitString
                0x000009b2       0x2c COTS/MCAL/USART_DRIVER/USART_Program.o
                0x000009b2                MUSART_vTransmitString
 .text.__vector_13
                0x000009de       0x52 COTS/MCAL/USART_DRIVER/USART_Program.o
                0x000009de                __vector_13
 .text.__vector_14
                0x00000a30       0x52 COTS/MCAL/USART_DRIVER/USART_Program.o
                0x00000a30                __vector_14
 .text.__vector_15
                0x00000a82       0x52 COTS/MCAL/USART_DRIVER/USART_Program.o
                0x00000a82                __vector_15
                0x00000ad4                . = ALIGN (0x2)
 *(.fini9)
 .fini9         0x00000ad4        0x0 d:/programs/atmel/studio/7.0/toolchain/avr8/avr8-gnu-toolchain/bin/../lib/gcc/avr/5.4.0/avr5\libgcc.a(_exit.o)
                0x00000ad4                _exit
                0x00000ad4                exit
 *(.fini9)
 *(.fini8)
 *(.fini8)
 *(.fini7)
 *(.fini7)
 *(.fini6)
 *(.fini6)
 *(.fini5)
 *(.fini5)
 *(.fini4)
 *(.fini4)
 *(.fini3)
 *(.fini3)
 *(.fini2)
 *(.fini2)
 *(.fini1)
 *(.fini1)
 *(.fini0)
 .fini0         0x00000ad4        0x4 d:/programs/atmel/studio/7.0/toolchain/avr8/avr8-gnu-toolchain/bin/../lib/gcc/avr/5.4.0/avr5\libgcc.a(_exit.o)
 *(.fini0)
                0x00000ad8                _etext = .

.data           0x00800060       0xbe load address 0x00000ad8
                0x00800060                PROVIDE (__data_start, .)
 *(.data)
 *(.data*)
 *(.gnu.linkonce.d*)
 *(.rodata)
 .rodata        0x00800060       0xa0 COTS/APP/Master_main.o
 *(.rodata*)
 .rodata.str1.1
                0x00800100        0xd COTS/APP/Master_main.o
 .rodata.KPD_Buttions
                0x0080010d       0x10 COTS/HAL/KPD_DRIVER/KPD_Program.o
 *(.gnu.linkonce.r*)
                0x0080011e                . = ALIGN (0x2)
 *fill*         0x0080011d        0x1 
                0x0080011e                _edata = .
                0x0080011e                PROVIDE (__data_end, .)

.bss            0x0080011e        0x9
                0x0080011e                PROVIDE (__bss_start, .)
 *(.bss)
 *(.bss*)
 .bss.local_u8Value.1968
                0x0080011e        0x1 COTS/HAL/KPD_DRIVER/KPD_Program.o
 .bss.EEPROM_Call_Back
                0x0080011f        0x2 COTS/MCAL/EEPROM_DRIVER/EEPROM_Program.o
                0x0080011f                EEPROM_Call_Back
 .bss.USART_UDRE_Call_Back
                0x00800121        0x2 COTS/MCAL/USART_DRIVER/USART_Program.o
                0x00800121                USART_UDRE_Call_Back
 .bss.USART_TXC_Call_Back
                0x00800123        0x2 COTS/MCAL/USART_DRIVER/USART_Program.o
                0x00800123                USART_TXC_Call_Back
 .bss.USART_RXC_Call_Back
                0x00800125        0x2 COTS/MCAL/USART_DRIVER/USART_Program.o
                0x00800125                USART_RXC_Call_Back
 *(COMMON)
                0x00800127                PROVIDE (__bss_end, .)
                0x00000ad8                __data_load_start = LOADADDR (.data)
                0x00000b96                __data_load_end = (__data_load_start + SIZEOF (.data))

.noinit         0x00800127        0x0
                [!provide]                PROVIDE (__noinit_start, .)
 *(.noinit*)
                [!provide]                PROVIDE (__noinit_end, .)
                0x00800127                _end = .
                [!provide]                PROVIDE (__heap_start, .)

.eeprom         0x00810000        0x0
 *(.eeprom*)
                0x00810000                __eeprom_end = .

.fuse
 *(.fuse)
 *(.lfuse)
 *(.hfuse)
 *(.efuse)

.lock
 *(.lock*)

.signature
 *(.signature*)

.user_signatures
 *(.user_signatures*)

.stab
 *(.stab)

.stabstr
 *(.stabstr)

.stab.excl
 *(.stab.excl)

.stab.exclstr
 *(.stab.exclstr)

.stab.index
 *(.stab.index)

.stab.indexstr
 *(.stab.indexstr)

.comment        0x00000000       0x30
 *(.comment)
 .comment       0x00000000       0x30 COTS/APP/Master_main.o
                                 0x31 (size before relaxing)
 .comment       0x00000030       0x31 COTS/HAL/KPD_DRIVER/KPD_Program.o
 .comment       0x00000030       0x31 COTS/HAL/LCD_DRIVER/LCD_Program.o
 .comment       0x00000030       0x31 COTS/MCAL/DIO_DRIVER/DIO_Program.o
 .comment       0x00000030       0x31 COTS/MCAL/EEPROM_DRIVER/EEPROM_Program.o
 .comment       0x00000030       0x31 COTS/MCAL/USART_DRIVER/USART_Program.o

.note.gnu.avr.deviceinfo
                0x00000000       0x3c
 .note.gnu.avr.deviceinfo
                0x00000000       0x3c D:/Programs/Atmel/Studio/7.0/Packs/atmel/ATmega_DFP/1.7.374/gcc/dev/atmega32a/avr5/crtatmega32a.o

.note.gnu.build-id
 *(.note.gnu.build-id)

.debug
 *(.debug)

.line
 *(.line)

.debug_srcinfo
 *(.debug_srcinfo)

.debug_sfnames
 *(.debug_sfnames)

.debug_aranges  0x00000000      0x1f0
 *(.debug_aranges)
 .debug_aranges
                0x00000000       0x38 COTS/APP/Master_main.o
 .debug_aranges
                0x00000038       0x28 COTS/HAL/KPD_DRIVER/KPD_Program.o
 .debug_aranges
                0x00000060       0x48 COTS/HAL/LCD_DRIVER/LCD_Program.o
 .debug_aranges
                0x000000a8       0x50 COTS/MCAL/DIO_DRIVER/DIO_Program.o
 .debug_aranges
                0x000000f8       0x50 COTS/MCAL/EEPROM_DRIVER/EEPROM_Program.o
 .debug_aranges
                0x00000148       0xa8 COTS/MCAL/USART_DRIVER/USART_Program.o

.debug_pubnames
 *(.debug_pubnames)

.debug_info     0x00000000     0x21c7
 *(.debug_info .gnu.linkonce.wi.*)
 .debug_info    0x00000000      0x4e6 D:/Programs/Atmel/Studio/7.0/Packs/atmel/ATmega_DFP/1.7.374/gcc/dev/atmega32a/avr5/crtatmega32a.o
 .debug_info    0x000004e6      0xa4a COTS/APP/Master_main.o
 .debug_info    0x00000f30      0x477 COTS/HAL/KPD_DRIVER/KPD_Program.o
 .debug_info    0x000013a7      0x667 COTS/HAL/LCD_DRIVER/LCD_Program.o
 .debug_info    0x00001a0e      0x246 COTS/MCAL/DIO_DRIVER/DIO_Program.o
 .debug_info    0x00001c54      0x1f4 COTS/MCAL/EEPROM_DRIVER/EEPROM_Program.o
 .debug_info    0x00001e48      0x37f COTS/MCAL/USART_DRIVER/USART_Program.o

.debug_abbrev   0x00000000      0xbee
 *(.debug_abbrev)
 .debug_abbrev  0x00000000      0x4a3 D:/Programs/Atmel/Studio/7.0/Packs/atmel/ATmega_DFP/1.7.374/gcc/dev/atmega32a/avr5/crtatmega32a.o
 .debug_abbrev  0x000004a3      0x196 COTS/APP/Master_main.o
 .debug_abbrev  0x00000639      0x168 COTS/HAL/KPD_DRIVER/KPD_Program.o
 .debug_abbrev  0x000007a1      0x14d COTS/HAL/LCD_DRIVER/LCD_Program.o
 .debug_abbrev  0x000008ee       0xb7 COTS/MCAL/DIO_DRIVER/DIO_Program.o
 .debug_abbrev  0x000009a5      0x11e COTS/MCAL/EEPROM_DRIVER/EEPROM_Program.o
 .debug_abbrev  0x00000ac3      0x12b COTS/MCAL/USART_DRIVER/USART_Program.o

.debug_line     0x00000000     0x1870
 *(.debug_line .debug_line.* .debug_line_end)
 .debug_line    0x00000000      0x116 D:/Programs/Atmel/Studio/7.0/Packs/atmel/ATmega_DFP/1.7.374/gcc/dev/atmega32a/avr5/crtatmega32a.o
 .debug_line    0x00000116      0x5e7 COTS/APP/Master_main.o
 .debug_line    0x000006fd      0x34a COTS/HAL/KPD_DRIVER/KPD_Program.o
 .debug_line    0x00000a47      0x3dd COTS/HAL/LCD_DRIVER/LCD_Program.o
 .debug_line    0x00000e24      0x355 COTS/MCAL/DIO_DRIVER/DIO_Program.o
 .debug_line    0x00001179      0x2c9 COTS/MCAL/EEPROM_DRIVER/EEPROM_Program.o
 .debug_line    0x00001442      0x42e COTS/MCAL/USART_DRIVER/USART_Program.o

.debug_frame    0x00000000      0x520
 *(.debug_frame)
 .debug_frame   0x00000000       0xa0 COTS/APP/Master_main.o
 .debug_frame   0x000000a0       0x40 COTS/HAL/KPD_DRIVER/KPD_Program.o
 .debug_frame   0x000000e0       0x94 COTS/HAL/LCD_DRIVER/LCD_Program.o
 .debug_frame   0x00000174       0x84 COTS/MCAL/DIO_DRIVER/DIO_Program.o
 .debug_frame   0x000001f8       0xe8 COTS/MCAL/EEPROM_DRIVER/EEPROM_Program.o
 .debug_frame   0x000002e0      0x240 COTS/MCAL/USART_DRIVER/USART_Program.o

.debug_str      0x00000000     0x53f0
 *(.debug_str)
 .debug_str     0x00000000      0x196 D:/Programs/Atmel/Studio/7.0/Packs/atmel/ATmega_DFP/1.7.374/gcc/dev/atmega32a/avr5/crtatmega32a.o
 .debug_str     0x00000196     0x4720 COTS/APP/Master_main.o
                               0x47f1 (size before relaxing)
 .debug_str     0x000048b6      0x12a COTS/HAL/KPD_DRIVER/KPD_Program.o
                               0x459a (size before relaxing)
 .debug_str     0x000049e0       0xf1 COTS/HAL/LCD_DRIVER/LCD_Program.o
                               0x45f1 (size before relaxing)
 .debug_str     0x00004ad1      0x234 COTS/MCAL/DIO_DRIVER/DIO_Program.o
                               0x4267 (size before relaxing)
 .debug_str     0x00004d05      0x1c8 COTS/MCAL/EEPROM_DRIVER/EEPROM_Program.o
                               0x4166 (size before relaxing)
 .debug_str     0x00004ecd      0x523 COTS/MCAL/USART_DRIVER/USART_Program.o
                               0x4520 (size before relaxing)

.debug_loc      0x00000000     0x152e
 *(.debug_loc)
 .debug_loc     0x00000000      0x56c COTS/APP/Master_main.o
 .debug_loc     0x0000056c      0x10c COTS/HAL/KPD_DRIVER/KPD_Program.o
 .debug_loc     0x00000678      0x45d COTS/HAL/LCD_DRIVER/LCD_Program.o
 .debug_loc     0x00000ad5      0x416 COTS/MCAL/DIO_DRIVER/DIO_Program.o
 .debug_loc     0x00000eeb      0x20e COTS/MCAL/EEPROM_DRIVER/EEPROM_Program.o
 .debug_loc     0x000010f9      0x435 COTS/MCAL/USART_DRIVER/USART_Program.o

.debug_macinfo
 *(.debug_macinfo)

.debug_weaknames
 *(.debug_weaknames)

.debug_funcnames
 *(.debug_funcnames)

.debug_typenames
 *(.debug_typenames)

.debug_varnames
 *(.debug_varnames)

.debug_pubtypes
 *(.debug_pubtypes)

.debug_ranges   0x00000000      0x190
 *(.debug_ranges)
 .debug_ranges  0x00000000       0x28 COTS/APP/Master_main.o
 .debug_ranges  0x00000028       0x18 COTS/HAL/KPD_DRIVER/KPD_Program.o
 .debug_ranges  0x00000040       0x38 COTS/HAL/LCD_DRIVER/LCD_Program.o
 .debug_ranges  0x00000078       0x40 COTS/MCAL/DIO_DRIVER/DIO_Program.o
 .debug_ranges  0x000000b8       0x40 COTS/MCAL/EEPROM_DRIVER/EEPROM_Program.o
 .debug_ranges  0x000000f8       0x98 COTS/MCAL/USART_DRIVER/USART_Program.o

.debug_macro    0x00000000     0x18fa
 *(.debug_macro)
 .debug_macro   0x00000000       0xd3 COTS/APP/Master_main.o
 .debug_macro   0x000000d3      0xa4e COTS/APP/Master_main.o
 .debug_macro   0x00000b21       0x22 COTS/APP/Master_main.o
 .debug_macro   0x00000b43      0x1c9 COTS/APP/Master_main.o
 .debug_macro   0x00000d0c      0x2fc COTS/APP/Master_main.o
 .debug_macro   0x00001008       0x58 COTS/APP/Master_main.o
 .debug_macro   0x00001060       0x10 COTS/APP/Master_main.o
 .debug_macro   0x00001070       0x97 COTS/APP/Master_main.o
 .debug_macro   0x00001107       0xf2 COTS/APP/Master_main.o
 .debug_macro   0x000011f9       0x40 COTS/APP/Master_main.o
 .debug_macro   0x00001239       0x10 COTS/APP/Master_main.o
 .debug_macro   0x00001249       0x22 COTS/APP/Master_main.o
 .debug_macro   0x0000126b       0x10 COTS/APP/Master_main.o
 .debug_macro   0x0000127b      0x166 COTS/APP/Master_main.o
 .debug_macro   0x000013e1       0xa9 COTS/HAL/KPD_DRIVER/KPD_Program.o
 .debug_macro   0x0000148a       0x4c COTS/HAL/KPD_DRIVER/KPD_Program.o
 .debug_macro   0x000014d6       0xa9 COTS/HAL/LCD_DRIVER/LCD_Program.o
 .debug_macro   0x0000157f       0x28 COTS/HAL/LCD_DRIVER/LCD_Program.o
 .debug_macro   0x000015a7       0x88 COTS/MCAL/DIO_DRIVER/DIO_Program.o
 .debug_macro   0x0000162f       0x52 COTS/MCAL/DIO_DRIVER/DIO_Program.o
 .debug_macro   0x00001681       0x89 COTS/MCAL/EEPROM_DRIVER/EEPROM_Program.o
 .debug_macro   0x0000170a       0x3a COTS/MCAL/EEPROM_DRIVER/EEPROM_Program.o
 .debug_macro   0x00001744       0x88 COTS/MCAL/USART_DRIVER/USART_Program.o
 .debug_macro   0x000017cc      0x10c COTS/MCAL/USART_DRIVER/USART_Program.o
 .debug_macro   0x000018d8       0x22 COTS/MCAL/USART_DRIVER/USART_Program.o
OUTPUT(Master_MCU.elf elf32-avr)
LOAD linker stubs
